# Daily run trace 2026-08-15-062113

Triggered by: workflow_dispatch (actor=github-actions[bot])
Run URL: https://github.com/christopherlhicks29-create/thiccctionary/actions/runs/31869132030
force_regenerate input: false
collision.proceed: true
Generate step ran: success
Verify step ran: SKIPPED
entry_written: NOT_SET

## generate-daily.js stdout
```
[retry-wrapper] target date: 2026-08-15
[retry-wrapper] subject override: (none, will use queue)
[retry-wrapper] queue length: 5

[retry-wrapper] ===== attempt 1/4 =====
Found 26 dead subject(s) in last 14 days; will avoid.
Subject queue: pulling "Submarine, Ballistic Missile" (5 item(s) before pull, 0 dropped as dup).
SUBJECT_OVERRIDE active: subject="Submarine, Ballistic Missile" query="submarine surfaced ocean" (source: queue)
Subject: Submarine, Ballistic Missile (query: "submarine surfaced ocean")
Found 30 candidate photos.
Vision rejected all 12 candidates: all candidates fail veto
Picker rejected all candidates. Retrying with photography bias.
Vision rejected all 12 candidates: all candidates fail veto
[bail] picker vetoed all candidates on both queries - subject "Submarine, Ballistic Missile"
[bail] popped "Submarine, Ballistic Missile" from queue. 4 item(s) remain.
[bail] logged to audits/dead-subjects/2026-08-15.md
[retry-wrapper] attempt 1 bailed (no NEW entry for 2026-08-15 yet). Queue now has 4 item(s).

[retry-wrapper] ===== attempt 2/4 =====
Found 26 dead subject(s) in last 14 days; will avoid.
Subject queue: dropping "Truck, Cement Mixer Drum" - duplicates catalogued "Thiccc Tanker Truck".
Subject queue: pulling "Refrigerator, Sub-Zero Built-In" (4 item(s) before pull, 1 dropped as dup).
SUBJECT_OVERRIDE active: subject="Refrigerator, Sub-Zero Built-In" query="sub-zero built in refrigerator kitchen" (source: queue)
Subject: Refrigerator, Sub-Zero Built-In (query: "sub-zero built in refrigerator kitchen")
Found 16 candidate photos.
Vision picked #4 of 12: this photo clearly shows the refrigerator's full silhouette, emphasizing its substantial presence in the kitchen.
Saved image to images/2026-08-15-refrigerator-sub-zero-built-in.jpg
[webp] 2026-08-15-refrigerator-sub-zero-built-in.jpg: 182KB -> 97KB (46% smaller)
Design critique: score=1/10, verdict=reject, NOT THE SUBJECT
[image-retry] image 1 scored 1 / subjectPct 10; trying another photo for "Refrigerator, Sub-Zero Built-In" (15 candidates left).
Vision picked #4 of 12: this photo showcases a full view of the refrigerator with ample contents, emphasizing its size and capacity.
[webp] 2026-08-15-refrigerator-sub-zero-built-in.jpg: 245KB -> 150KB (39% smaller)
Design critique: score=1/10, verdict=reject, NOT THE SUBJECT
[image-retry] image 2 scored 1 / subjectPct 100; trying another photo for "Refrigerator, Sub-Zero Built-In" (14 candidates left).
Vision picked #1 of 12: this photo showcases the full silhouette of the refrigerator against a clean background, emphasizing its thicc design.
[webp] 2026-08-15-refrigerator-sub-zero-built-in.jpg: 196KB -> 90KB (54% smaller)
Design critique: score=1/10, verdict=reject, NOT THE SUBJECT
GATE: critique flagged the image as unacceptable. Skipping before PR.
  score: 1  verdict: reject  subjectPct: 24  isSubject: false
  critique: The photo does not show a Sub-Zero built-in refrigerator; instead, it depicts a modern kitchen with a glass cabinet. The refrigerator is not visible, failing the identity test. The composition is aesthetically pleasing, but it does not meet the criteria for the specified subject. The focus is on the kitchen design rather than the appliance itself, leading to a rejection.
[picker-learning] appended rejection to /home/runner/work/thiccctionary/thiccctionary/audits/picker-rejections.jsonl
[bail] critique gate: verdict=reject score=1 subjectPct=24 - subject "Refrigerator, Sub-Zero Built-In"
[bail] popped "Refrigerator, Sub-Zero Built-In" from queue. 2 item(s) remain.
[bail] logged to audits/dead-subjects/2026-08-15.md
[retry-wrapper] attempt 2 bailed (no NEW entry for 2026-08-15 yet). Queue now has 2 item(s).

[retry-wrapper] ===== attempt 3/4 =====
Found 27 dead subject(s) in last 14 days; will avoid.
Subject queue: pulling "Stew, Cast Iron Dutch" (2 item(s) before pull, 0 dropped as dup).
SUBJECT_OVERRIDE active: subject="Stew, Cast Iron Dutch" query="dutch oven stew cast iron" (source: queue)
Subject: Stew, Cast Iron Dutch (query: "dutch oven stew cast iron")
Subject "Stew, Cast Iron Dutch" returned zero Unsplash results for query "dutch oven stew cast iron". (attempt 1)
Fallback subject (#1): Bagger 293 (query: "Bagger 293")
Found 30 candidate photos.
[photo-dedup] dropped 1 candidate(s) already used by another entry; 29 left.
Vision picked #1 of 12: This photo shows the full silhouette of the Bagger 293, emphasizing its massive girth and industrial scale.
Saved image to images/2026-08-15-bagger-293.jpg
[webp] 2026-08-15-bagger-293.jpg: 220KB -> 132KB (40% smaller)
Design critique: score=1/10, verdict=reject, NOT THE SUBJECT
[image-retry] image 1 scored 1 / subjectPct 48; trying another photo for "Bagger 293" (28 candidates left).
Vision picked #2 of 12: this photo clearly shows the Bagger 293's large silhouette and overall girth in a striking aerial view.
[webp] 2026-08-15-bagger-293.jpg: 418KB -> 355KB (15% smaller)
Design critique: score=1/10, verdict=reject, NOT THE SUBJECT
[image-retry] image 2 scored 1 / subjectPct 24; trying another photo for "Bagger 293" (27 candidates left).
Vision picked #10 of 12: This photo showcases the Bagger 293's massive structure and girth in a clear and unobstructed view.
[webp] 2026-08-15-bagger-293.jpg: 141KB -> 72KB (49% smaller)
Design critique: score=1/10, verdict=reject, NOT THE SUBJECT
GATE: critique flagged the image as unacceptable. Skipping before PR.
  score: 1  verdict: reject  subjectPct: 48  isSubject: false
  critique: The photo does not depict the Bagger 293, which is a massive bucket-wheel excavator. Instead, it shows a large industrial crane, likely in a port or industrial area. The crane is centered and clearly visible, but it is not the subject specified. The image is well-composed and free of clutter, but it fails the identity test as it does not show the named object, leading to a rejection.
[picker-learning] appended rejection to /home/runner/work/thiccctionary/thiccctionary/audits/picker-rejections.jsonl
[bail] critique gate: verdict=reject score=1 subjectPct=48 - subject "Bagger 293"
[bail] popped "Bagger 293" from queue. 1 item(s) remain.
[bail] logged to audits/dead-subjects/2026-08-15.md
[retry-wrapper] attempt 3 bailed (no NEW entry for 2026-08-15 yet). Queue now has 1 item(s).

[retry-wrapper] ===== attempt 4/4 =====
Found 28 dead subject(s) in last 14 days; will avoid.
Subject queue: pulling "Berm, Earthen Dam" (1 item(s) before pull, 0 dropped as dup).
SUBJECT_OVERRIDE active: subject="Berm, Earthen Dam" query="earthen berm dam embankment" (source: queue)
Subject: Berm, Earthen Dam (query: "earthen berm dam embankment")
Subject "Berm, Earthen Dam" returned zero Unsplash results for query "earthen berm dam embankment". (attempt 1)
Fallback subject (#1): Thiccc Antonov An-225 (query: "Antonov An-225")
Found 30 candidate photos.
Vision picked #7 of 12: this photo shows the full silhouette of a large aircraft, emphasizing its girth and massive structure.
Saved image to images/2026-08-15-thiccc-antonov-an-225.jpg
[webp] 2026-08-15-thiccc-antonov-an-225.jpg: 146KB -> 65KB (55% smaller)
Design critique: score=1/10, verdict=reject, NOT THE SUBJECT
[image-retry] image 1 scored 1 / subjectPct 48; trying another photo for "Thiccc Antonov An-225" (29 candidates left).
Vision picked #2 of 12: this photo shows the full silhouette of the Antonov An-225, emphasizing its massive girth.
[webp] 2026-08-15-thiccc-antonov-an-225.jpg: 136KB -> 70KB (49% smaller)
Design critique: score=1/10, verdict=reject, NOT THE SUBJECT
[image-retry] image 2 scored 1 / subjectPct 36; trying another photo for "Thiccc Antonov An-225" (28 candidates left).
Vision rejected all 12 candidates: all candidates fail veto
GATE: critique flagged the image as unacceptable. Skipping before PR.
  score: 1  verdict: reject  subjectPct: 36  isSubject: false
  critique: The photo does not show the Antonov An-225, but rather an IL-76 aircraft. The Antonov An-225 is a distinct and much larger aircraft, known for being the largest cargo plane in the world. The IL-76, while also a large aircraft, does not meet the criteria for the subject 'Thiccc Antonov An-225.' Therefore, the photo is not suitable for the entry and is rejected.
[picker-learning] appended rejection to /home/runner/work/thiccctionary/thiccctionary/audits/picker-rejections.jsonl
[bail] critique gate: verdict=reject score=1 subjectPct=36 - subject "Thiccc Antonov An-225"
[bail] popped "Thiccc Antonov An-225" from queue. 0 item(s) remain.
[bail] logged to audits/dead-subjects/2026-08-15.md
[retry-wrapper] attempt 4 bailed (no NEW entry for 2026-08-15 yet). Queue now has 0 item(s).
[retry-wrapper] exhausted 4 attempts. No NEW entry landed for 2026-08-15.
```
