# Daily run trace 2026-10-06-024407

Triggered by: workflow_dispatch (actor=github-actions[bot])
Run URL: https://github.com/christopherlhicks29-create/thiccctionary/actions/runs/37405354238
force_regenerate input: false
collision.proceed: true
Generate step ran: success
Verify step ran: SKIPPED
entry_written: NOT_SET

## generate-daily.js stdout
```
[retry-wrapper] target date: 2026-10-06
[retry-wrapper] subject override: (none, will use queue)
[retry-wrapper] queue length: 6

[retry-wrapper] ===== attempt 1/4 =====
Found 25 dead subject(s) in last 14 days; will avoid.
Subject queue: pulling "Fountain, Public Plaza" (6 item(s) before pull, 0 dropped as dup).
SUBJECT_OVERRIDE active: subject="Fountain, Public Plaza" query="large public plaza fountain" (source: queue)
Subject: Fountain, Public Plaza (query: "large public plaza fountain")
Subject "Fountain, Public Plaza" returned zero Unsplash results for query "large public plaza fountain". (attempt 1)
Fallback subject (#1): Thiccc Airbus A380 (query: "Airbus A380")
Subject "Thiccc Airbus A380" returned zero Unsplash results for query "Airbus A380". (attempt 2)
Fallback subject (#2): Concrete Mixer, Crawler-mounted (query: "concrete mixer")
Found 6 candidate photos.
[photo-dedup] dropped 1 candidate(s) already used by another entry; 5 left.
Vision picked #5 of 5: This photo shows a large concrete mixer with a prominent silhouette, emphasizing its overall girth and industrial presence.
Saved image to images/2026-10-06-concrete-mixer-crawler-mounted.jpg
[webp] 2026-10-06-concrete-mixer-crawler-mounted.jpg: 154KB -> 84KB (45% smaller)
Design critique: score=1/10, verdict=reject, NOT THE SUBJECT
[image-retry] image 1 scored 1 / subjectPct 100; trying another photo for "Concrete Mixer, Crawler-mounted" (4 candidates left).
Vision picked #1 of 4: This photo shows the full silhouette of the concrete mixer with a strong emphasis on its girth against a striking background.
[webp] 2026-10-06-concrete-mixer-crawler-mounted.jpg: 92KB -> 40KB (57% smaller)
Design critique: score=1/10, verdict=reject, NOT THE SUBJECT
[image-retry] image 2 scored 1 / subjectPct 64; trying another photo for "Concrete Mixer, Crawler-mounted" (3 candidates left).
Vision picked #1 of 3: This photo clearly shows the full silhouette of a concrete mixer, emphasizing its girth and structure.
[webp] 2026-10-06-concrete-mixer-crawler-mounted.jpg: 97KB -> 38KB (60% smaller)
Design critique: score=1/10, verdict=reject, NOT THE SUBJECT
GATE: critique flagged the image as unacceptable. Skipping before PR.
  score: 1  verdict: reject  subjectPct: 64  isSubject: false
  critique: The photo does not depict a 'Concrete Mixer, Crawler-mounted' but rather a robot sculpture made from mechanical parts. The object is centered and well-framed, but it does not match the subject criteria. The image is artistic rather than documentary, and the subject is not a real concrete mixer. Therefore, it fails the identity test and is unsuitable for the intended entry.
[picker-learning] appended rejection to /home/runner/work/thiccctionary/thiccctionary/audits/picker-rejections.jsonl
[bail] critique gate: verdict=reject score=1 subjectPct=64 - subject "Concrete Mixer, Crawler-mounted"
[bail] popped "Concrete Mixer, Crawler-mounted" from queue. 5 item(s) remain.
[bail] logged to audits/dead-subjects/2026-10-06.md
[retry-wrapper] attempt 1 bailed (no NEW entry for 2026-10-06 yet). Queue now has 5 item(s).

[retry-wrapper] ===== attempt 2/4 =====
Found 24 dead subject(s) in last 14 days; will avoid.
Subject queue: pulling "Container, Shipping 40-Foot" (5 item(s) before pull, 0 dropped as dup).
SUBJECT_OVERRIDE active: subject="Container, Shipping 40-Foot" query="40 foot shipping container" (source: queue)
Subject: Container, Shipping 40-Foot (query: "40 foot shipping container")
Subject "Container, Shipping 40-Foot" returned zero Unsplash results for query "40 foot shipping container". (attempt 1)
Fallback subject (#1): Thiccc Titan, Super Heavy Lift (query: "Titan super heavy lift")
Found 1 candidate photos.
Vision picked #1 of 1: This photo showcases the full silhouette of the thicc crane, emphasizing its massive structure against a clear background.
Saved image to images/2026-10-06-thiccc-titan-super-heavy-lift.jpg
[webp] 2026-10-06-thiccc-titan-super-heavy-lift.jpg: 241KB -> 154KB (36% smaller)
Design critique: score=9/10, verdict=ship
  ⚠️ Banned terms found in entry "Thiccc Titan, Super Heavy Lift":
     [definitions] "stands as a testament" (banned-word)
     [definitions] "a testament to" (banned-word)
Banned-words attempt 1/3 rejected ("stands as a testament" in definitions, "a testament to" in definitions). Retrying...
  ⚠️ Banned terms found in entry "Thiccc Titan, Super Heavy Lift":
     [caption] "a testament to" (banned-word)
Banned-words attempt 2/3 rejected ("a testament to" in caption). Retrying...
Banned-words check passed on attempt 3.
Humor critique: score=5/10, verdict=regenerate, weakest=etymology
  feedback: The example sentence is specific and paints a vivid scene, but it lacks a punchline tag to land the joke. The etymology is straightforward and misses a deadpan kicker, which could elevate the humor. Consider adding a surprising detail or a comedic twist to enhance the entry.
Humor below threshold. Regenerating once with feedback.
Humor retry: score=7/10, verdict=ship
Generated social captions:
  morning: Thiccc Titan, Super Heavy Lift.
  afternoon: Counterweights totaling 1,800 tons—massive enough to make gravity second-guess itself.
  evening: From the archives, Thiccc Titan, Super Heavy Lift.
  reels: The lattice boom extends 140 meters—because why not aim higher?
[bail] final dup-guard: "Thiccc Titan, Super Heavy Lift" duplicates catalogued "Titan, Jumbo Shrimp" - subject "Thiccc Titan, Super Heavy Lift"
[bail] popped "Thiccc Titan, Super Heavy Lift" from queue. 4 item(s) remain.
[bail] logged to audits/dead-subjects/2026-10-06.md
[retry-wrapper] attempt 2 bailed (no NEW entry for 2026-10-06 yet). Queue now has 4 item(s).

[retry-wrapper] ===== attempt 3/4 =====
Found 25 dead subject(s) in last 14 days; will avoid.
Subject queue: pulling "Drawbridge, Castle" (4 item(s) before pull, 0 dropped as dup).
SUBJECT_OVERRIDE active: subject="Drawbridge, Castle" query="castle drawbridge stone" (source: queue)
Subject: Drawbridge, Castle (query: "castle drawbridge stone")
Found 30 candidate photos.
Vision picked #5 of 12: This photo showcases a robust and imposing drawbridge structure, emphasizing its thicc silhouette against the sky.
Saved image to images/2026-10-06-drawbridge-castle.jpg
[webp] 2026-10-06-drawbridge-castle.jpg: 360KB -> 286KB (21% smaller)
Design critique: score=1/10, verdict=reject, NOT THE SUBJECT
[image-retry] image 1 scored 1 / subjectPct 64; trying another photo for "Drawbridge, Castle" (29 candidates left).
Vision picked #6 of 12: this photo showcases a robust castle silhouette that emphasizes its thick walls and overall girth.
[webp] 2026-10-06-drawbridge-castle.jpg: 251KB -> 162KB (35% smaller)
Design critique: score=1/10, verdict=reject, NOT THE SUBJECT
[image-retry] image 2 scored 1 / subjectPct 100; trying another photo for "Drawbridge, Castle" (28 candidates left).
Vision picked #7 of 12: this photo shows a robust castle structure with a thick bridge, emphasizing girth and silhouette.
[webp] 2026-10-06-drawbridge-castle.jpg: 223KB -> 148KB (34% smaller)
Design critique: score=1/10, verdict=reject, NOT THE SUBJECT
GATE: critique flagged the image as unacceptable. Skipping before PR.
  score: 1  verdict: reject  subjectPct: 100  isSubject: false
  critique: The photo depicts Pulteney Bridge in Bath, which is not a drawbridge associated with a castle. The subject 'Drawbridge, Castle' is not shown here. The image is well-composed and clear, but it does not meet the criteria for the specified subject, leading to a rejection.
[picker-learning] appended rejection to /home/runner/work/thiccctionary/thiccctionary/audits/picker-rejections.jsonl
[bail] critique gate: verdict=reject score=1 subjectPct=100 - subject "Drawbridge, Castle"
[bail] popped "Drawbridge, Castle" from queue. 3 item(s) remain.
[bail] logged to audits/dead-subjects/2026-10-06.md
[retry-wrapper] attempt 3 bailed (no NEW entry for 2026-10-06 yet). Queue now has 3 item(s).

[retry-wrapper] ===== attempt 4/4 =====
Found 26 dead subject(s) in last 14 days; will avoid.
Subject queue: pulling "Crockpot, Slow Cooker Oval" (3 item(s) before pull, 0 dropped as dup).
SUBJECT_OVERRIDE active: subject="Crockpot, Slow Cooker Oval" query="oval slow cooker crockpot" (source: queue)
Subject: Crockpot, Slow Cooker Oval (query: "oval slow cooker crockpot")
Subject "Crockpot, Slow Cooker Oval" returned zero Unsplash results for query "oval slow cooker crockpot". (attempt 1)
Fallback subject (#1): Thiccc Caterpillar D10T Dozer (query: "caterpillar dozer")
Found 4 candidate photos.
[photo-dedup] dropped 1 candidate(s) already used by another entry; 3 left.
Vision picked #1 of 3: this photo shows the dozer in a wide view with clear emphasis on its girthy silhouette against the sand piles.
Saved image to images/2026-10-06-thiccc-caterpillar-d10t-dozer.jpg
[webp] 2026-10-06-thiccc-caterpillar-d10t-dozer.jpg: 239KB -> 162KB (32% smaller)
Design critique: score=1/10, verdict=reject, NOT THE SUBJECT
[image-retry] image 1 scored 1 / subjectPct 12; trying another photo for "Thiccc Caterpillar D10T Dozer" (2 candidates left).
Vision picked #1 of 2: the aerial view showcases the full silhouette of the D10T Dozer, emphasizing its girth in the context of the surrounding landscape.
[webp] 2026-10-06-thiccc-caterpillar-d10t-dozer.jpg: 418KB -> 356KB (15% smaller)
Design critique: score=1/10, verdict=reject, NOT THE SUBJECT
[image-retry] image 2 scored 1 / subjectPct 20; trying another photo for "Thiccc Caterpillar D10T Dozer" (1 candidates left).
Vision rejected all 1 candidates: all candidates fail veto
GATE: critique flagged the image as unacceptable. Skipping before PR.
  score: 1  verdict: reject  subjectPct: 20  isSubject: false
  critique: The photo shows an excavator, not a Caterpillar D10T Dozer. The subject is not centered, and the framing includes a large portion of the construction site, which distracts from the machinery. The image does not fit the brand's documentary style, as it appears more like a general construction site view rather than a focused depiction of the specified dozer. The subject is not thiccc for its kind, as it is not the correct machinery.
[picker-learning] appended rejection to /home/runner/work/thiccctionary/thiccctionary/audits/picker-rejections.jsonl
[bail] critique gate: verdict=reject score=1 subjectPct=20 - subject "Thiccc Caterpillar D10T Dozer"
[bail] popped "Thiccc Caterpillar D10T Dozer" from queue. 2 item(s) remain.
[bail] logged to audits/dead-subjects/2026-10-06.md
[retry-wrapper] attempt 4 bailed (no NEW entry for 2026-10-06 yet). Queue now has 2 item(s).
[retry-wrapper] exhausted 4 attempts. No NEW entry landed for 2026-10-06.
```
