# Daily run trace 2026-10-05-012417

Triggered by: workflow_dispatch (actor=github-actions[bot])
Run URL: https://github.com/christopherlhicks29-create/thiccctionary/actions/runs/37251164477
force_regenerate input: false
collision.proceed: true
Generate step ran: success
Verify step ran: SKIPPED
entry_written: NOT_SET

## generate-daily.js stdout
```
[retry-wrapper] target date: 2026-10-05
[retry-wrapper] subject override: (none, will use queue)
[retry-wrapper] queue length: 7

[retry-wrapper] ===== attempt 1/4 =====
Found 25 dead subject(s) in last 14 days; will avoid.
Subject queue: pulling "Burger, Quadruple Stack" (7 item(s) before pull, 0 dropped as dup).
SUBJECT_OVERRIDE active: subject="Burger, Quadruple Stack" query="quadruple stack burger" (source: queue)
Subject: Burger, Quadruple Stack (query: "quadruple stack burger")
Subject "Burger, Quadruple Stack" returned zero Unsplash results for query "quadruple stack burger". (attempt 1)
Fallback subject (#1): Thiccc Bagger 293 (query: "Bagger 293")
Found 30 candidate photos.
[photo-dedup] dropped 1 candidate(s) already used by another entry; 29 left.
Vision picked #1 of 12: This photo showcases the full silhouette of the Bagger 293, emphasizing its massive girth and structure.
Saved image to images/2026-10-05-thiccc-bagger-293.jpg
[webp] 2026-10-05-thiccc-bagger-293.jpg: 220KB -> 132KB (40% smaller)
Design critique: score=1/10, verdict=reject, NOT THE SUBJECT
[image-retry] image 1 scored 1 / subjectPct 64; trying another photo for "Thiccc Bagger 293" (28 candidates left).
Vision picked #12 of 12: This photo shows the full silhouette of the Bagger 293, emphasizing its massive girth and structure.
[webp] 2026-10-05-thiccc-bagger-293.jpg: 141KB -> 72KB (49% smaller)
Design critique: score=1/10, verdict=reject, NOT THE SUBJECT
[image-retry] image 2 scored 1 / subjectPct 48; trying another photo for "Thiccc Bagger 293" (27 candidates left).
Vision picked #2 of 12: this photo shows the Bagger 293's massive silhouette and shape clearly, emphasizing its thiccness.
[webp] 2026-10-05-thiccc-bagger-293.jpg: 418KB -> 356KB (15% smaller)
Design critique: score=1/10, verdict=reject, NOT THE SUBJECT
GATE: critique flagged the image as unacceptable. Skipping before PR.
  score: 1  verdict: reject  subjectPct: 18  isSubject: false
  critique: The photo does not show a Bagger 293, which is a massive bucket-wheel excavator. Instead, it depicts a construction site with a standard bulldozer. The subject is not centered, and the bulldozer is not prominent enough to be the focal point. The image lacks the imposing presence expected from a Bagger 293, making it unsuitable for the subject. The overall composition is cluttered with the surrounding construction area.
[picker-learning] appended rejection to /home/runner/work/thiccctionary/thiccctionary/audits/picker-rejections.jsonl
[bail] critique gate: verdict=reject score=1 subjectPct=18 - subject "Thiccc Bagger 293"
[bail] popped "Thiccc Bagger 293" from queue. 6 item(s) remain.
[bail] logged to audits/dead-subjects/2026-10-05.md
[retry-wrapper] attempt 1 bailed (no NEW entry for 2026-10-05 yet). Queue now has 6 item(s).

[retry-wrapper] ===== attempt 2/4 =====
Found 24 dead subject(s) in last 14 days; will avoid.
Subject queue: pulling "Fountain, Public Plaza" (6 item(s) before pull, 0 dropped as dup).
SUBJECT_OVERRIDE active: subject="Fountain, Public Plaza" query="large public plaza fountain" (source: queue)
Subject: Fountain, Public Plaza (query: "large public plaza fountain")
Subject "Fountain, Public Plaza" returned zero Unsplash results for query "large public plaza fountain". (attempt 1)
Fallback subject (#1): Thiccc Boeing 747 Freighter (query: "Boeing 747 cargo")
Found 1 candidate photos.
Vision rejected all 1 candidates: all candidates fail veto
Picker rejected all candidates. Retrying with photography bias.
Vision rejected all 1 candidates: all candidates fail veto
[bail] picker vetoed all candidates on both queries - subject "Thiccc Boeing 747 Freighter"
[bail] popped "Thiccc Boeing 747 Freighter" from queue. 5 item(s) remain.
[bail] logged to audits/dead-subjects/2026-10-05.md
[retry-wrapper] attempt 2 bailed (no NEW entry for 2026-10-05 yet). Queue now has 5 item(s).

[retry-wrapper] ===== attempt 3/4 =====
Found 25 dead subject(s) in last 14 days; will avoid.
Subject queue: dropping "Steam Locomotive, Big Boy" - duplicates catalogued "Boiler, Steam Locomotive".
Subject queue: pulling "Sandcastle, Beach Turret" (5 item(s) before pull, 1 dropped as dup).
SUBJECT_OVERRIDE active: subject="Sandcastle, Beach Turret" query="large sandcastle turret beach" (source: queue)
Subject: Sandcastle, Beach Turret (query: "large sandcastle turret beach")
Found 1 candidate photos.
Vision picked #1 of 1: The sandcastle's broad silhouette against the beach emphasizes its girth and structure.
Saved image to images/2026-10-05-sandcastle-beach-turret.jpg
[webp] 2026-10-05-sandcastle-beach-turret.jpg: 165KB -> 92KB (44% smaller)
Design critique: score=1/10, verdict=reject, NOT THE SUBJECT
GATE: critique flagged the image as unacceptable. Skipping before PR.
  score: 1  verdict: reject  subjectPct: 9  isSubject: false
  critique: The photo does not show a sandcastle or a beach turret but rather a real castle situated on a beach. The subject of the image is not the named object 'Sandcastle, Beach Turret,' failing the identity test. The castle is prominent but not relevant to the subject, and the people are incidental. The image is well-composed and visually appealing but does not fit the criteria for the intended subject.
[picker-learning] appended rejection to /home/runner/work/thiccctionary/thiccctionary/audits/picker-rejections.jsonl
[bail] critique gate: verdict=reject score=1 subjectPct=9 - subject "Sandcastle, Beach Turret"
[bail] popped "Sandcastle, Beach Turret" from queue. 3 item(s) remain.
[bail] logged to audits/dead-subjects/2026-10-05.md
[retry-wrapper] attempt 3 bailed (no NEW entry for 2026-10-05 yet). Queue now has 3 item(s).

[retry-wrapper] ===== attempt 4/4 =====
Found 26 dead subject(s) in last 14 days; will avoid.
Subject queue: dropping "Coil, Hay Bale Round" - duplicates catalogued "Hay Bale, Round".
Subject queue: pulling "Container, Shipping 40-Foot" (3 item(s) before pull, 1 dropped as dup).
SUBJECT_OVERRIDE active: subject="Container, Shipping 40-Foot" query="40 foot shipping container" (source: queue)
Subject: Container, Shipping 40-Foot (query: "40 foot shipping container")
Subject "Container, Shipping 40-Foot" returned zero Unsplash results for query "40 foot shipping container". (attempt 1)
Fallback subject (#1): Bagger 293 (query: "Bagger 293")
Found 30 candidate photos.
[photo-dedup] dropped 1 candidate(s) already used by another entry; 29 left.
Vision picked #1 of 12: This photo showcases the full silhouette of the Bagger 293, emphasizing its massive girth and structure.
Saved image to images/2026-10-05-bagger-293.jpg
[webp] 2026-10-05-bagger-293.jpg: 220KB -> 132KB (40% smaller)
Design critique: score=1/10, verdict=reject, NOT THE SUBJECT
[image-retry] image 1 scored 1 / subjectPct 48; trying another photo for "Bagger 293" (28 candidates left).
Vision picked #12 of 12: this photo shows the full silhouette of the Bagger 293, emphasizing its massive structure and girth.
[webp] 2026-10-05-bagger-293.jpg: 141KB -> 72KB (49% smaller)
Design critique: score=1/10, verdict=reject, NOT THE SUBJECT
[image-retry] image 2 scored 1 / subjectPct 48; trying another photo for "Bagger 293" (27 candidates left).
Vision picked #2 of 12: this photo shows the Bagger 293's massive silhouette and overall girth clearly from an aerial perspective.
[webp] 2026-10-05-bagger-293.jpg: 418KB -> 356KB (15% smaller)
Design critique: score=1/10, verdict=reject, NOT THE SUBJECT
GATE: critique flagged the image as unacceptable. Skipping before PR.
  score: 1  verdict: reject  subjectPct: 24  isSubject: false
  critique: The photo does not show the Bagger 293, which is a massive bucket-wheel excavator. Instead, it depicts a construction site with a standard bulldozer. The subject is incorrectly identified, leading to a rejection. The bulldozer is centered and prominent, but it is not the correct subject. The image is clear and well-framed for what it is, but it does not meet the criteria for the specified subject.
[picker-learning] appended rejection to /home/runner/work/thiccctionary/thiccctionary/audits/picker-rejections.jsonl
[bail] critique gate: verdict=reject score=1 subjectPct=24 - subject "Bagger 293"
[bail] popped "Bagger 293" from queue. 1 item(s) remain.
[bail] logged to audits/dead-subjects/2026-10-05.md
[retry-wrapper] attempt 4 bailed (no NEW entry for 2026-10-05 yet). Queue now has 1 item(s).
[retry-wrapper] exhausted 4 attempts. No NEW entry landed for 2026-10-05.
```
