# Daily run trace 2026-10-09-065735

Triggered by: workflow_dispatch (actor=github-actions[bot])
Run URL: https://github.com/christopherlhicks29-create/thiccctionary/actions/runs/37896096780
force_regenerate input: false
collision.proceed: true
Generate step ran: success
Verify step ran: SKIPPED
entry_written: NOT_SET

## generate-daily.js stdout
```
[retry-wrapper] target date: 2026-10-09
[retry-wrapper] subject override: (none, will use queue)
[retry-wrapper] queue length: 5

[retry-wrapper] ===== attempt 1/4 =====
Found 25 dead subject(s) in last 14 days; will avoid.
Subject queue: pulling "Container, Shipping 40-Foot" (5 item(s) before pull, 0 dropped as dup).
SUBJECT_OVERRIDE active: subject="Container, Shipping 40-Foot" query="40 foot shipping container" (source: queue)
Subject: Container, Shipping 40-Foot (query: "40 foot shipping container")
Subject "Container, Shipping 40-Foot" returned zero Unsplash results for query "40 foot shipping container". (attempt 1)
Fallback subject (#1): Titan, Giant Excavator (query: "giant excavator")
Found 15 candidate photos.
[photo-dedup] dropped 3 candidate(s) already used by another entry; 12 left.
Vision picked #1 of 12: This photo shows the giant excavator's full silhouette against the landscape, emphasizing its massive girth.
Saved image to images/2026-10-09-titan-giant-excavator.jpg
[webp] 2026-10-09-titan-giant-excavator.jpg: 418KB -> 356KB (15% smaller)
Design critique: score=8/10, verdict=ship
Humor critique: score=8/10, verdict=ship, weakest=definitions
  feedback: The example sentence is specific and ends on a humorous note with the neighborhood barbecue, and the etymology has a solid deadpan kicker. However, the definitions could be tightened to avoid the slightly generic 'dwarfs all else' phrasing. Overall, the entry is strong and lands well.
Generated social captions:
  morning: Titan, Giant Excavator.
  afternoon: Boom length: 72 feet—longer than a blue whale.
  evening: From the archives, Titan, Giant Excavator.
  reels: Born in 1999, yet timelessly imposing.
[bail] final dup-guard: "Titan, Giant Excavator" duplicates catalogued "Titan, Jumbo Shrimp" - subject "Titan, Giant Excavator"
[bail] popped "Titan, Giant Excavator" from queue. 4 item(s) remain.
[bail] logged to audits/dead-subjects/2026-10-09.md
[retry-wrapper] attempt 1 bailed (no NEW entry for 2026-10-09 yet). Queue now has 4 item(s).

[retry-wrapper] ===== attempt 2/4 =====
Found 24 dead subject(s) in last 14 days; will avoid.
Subject queue: pulling "Drawbridge, Castle" (4 item(s) before pull, 0 dropped as dup).
SUBJECT_OVERRIDE active: subject="Drawbridge, Castle" query="castle drawbridge stone" (source: queue)
Subject: Drawbridge, Castle (query: "castle drawbridge stone")
Subject "Drawbridge, Castle" returned zero Unsplash results for query "castle drawbridge stone". (attempt 1)
Fallback subject (#1): Cement Mixer, Mack (query: "cement mixer")
Found 7 candidate photos.
[photo-dedup] dropped 1 candidate(s) already used by another entry; 6 left.
Vision picked #5 of 6: this photo shows a full cement mixer structure with a clear silhouette against the sky.
Saved image to images/2026-10-09-cement-mixer-mack.jpg
[webp] 2026-10-09-cement-mixer-mack.jpg: 166KB -> 98KB (41% smaller)
Design critique: score=1/10, verdict=reject, NOT THE SUBJECT
[image-retry] image 1 scored 1 / subjectPct undefined; trying another photo for "Cement Mixer, Mack" (5 candidates left).
Vision picked #2 of 5: this photo shows a large cement mixer structure with a significant silhouette, emphasizing its girth.
[webp] 2026-10-09-cement-mixer-mack.jpg: 154KB -> 84KB (45% smaller)
Design critique: score=1/10, verdict=reject, NOT THE SUBJECT
[image-retry] image 2 scored 1 / subjectPct 100; trying another photo for "Cement Mixer, Mack" (4 candidates left).
Vision rejected all 4 candidates: all candidates fail veto
GATE: critique flagged the image as unacceptable. Skipping before PR.
  score: 1  verdict: reject  subjectPct: 100  isSubject: false
  critique: The photo depicts a large industrial building, not a cement mixer, Mack or otherwise. The subject is entirely incorrect for the entry, as it shows a structure rather than a vehicle. The image is well-composed and clear, but it does not meet the criteria for the specified subject, leading to a rejection.
[picker-learning] appended rejection to /home/runner/work/thiccctionary/thiccctionary/audits/picker-rejections.jsonl
[bail] critique gate: verdict=reject score=1 subjectPct=100 - subject "Cement Mixer, Mack"
[bail] popped "Cement Mixer, Mack" from queue. 3 item(s) remain.
[bail] logged to audits/dead-subjects/2026-10-09.md
[retry-wrapper] attempt 2 bailed (no NEW entry for 2026-10-09 yet). Queue now has 3 item(s).

[retry-wrapper] ===== attempt 3/4 =====
Found 25 dead subject(s) in last 14 days; will avoid.
Subject queue: pulling "Crockpot, Slow Cooker Oval" (3 item(s) before pull, 0 dropped as dup).
SUBJECT_OVERRIDE active: subject="Crockpot, Slow Cooker Oval" query="oval slow cooker crockpot" (source: queue)
Subject: Crockpot, Slow Cooker Oval (query: "oval slow cooker crockpot")
Subject "Crockpot, Slow Cooker Oval" returned zero Unsplash results for query "oval slow cooker crockpot". (attempt 1)
Fallback subject (#1): Thiccc Caterpillar 797F (query: "Caterpillar 797F")
Subject "Thiccc Caterpillar 797F" returned zero Unsplash results for query "Caterpillar 797F". (attempt 2)
Fallback subject (#2): Thiccc Caterpillar D11T Dozer (query: "Caterpillar D11T Dozer")
Subject "Thiccc Caterpillar D11T Dozer" returned zero Unsplash results for query "Caterpillar D11T Dozer". (attempt 3)
Fallback subject (#3): Thiccc Caterpillar 797F (query: "Caterpillar 797F")
Subject "Thiccc Caterpillar 797F" returned zero Unsplash results for query "Caterpillar 797F". (attempt 4)
Last-resort: picking from safe pool → "Concrete Mixer Truck".
Found 3 candidate photos.
[photo-dedup] dropped 1 candidate(s) already used by another entry; 2 left.
Vision picked #1 of 2: This photo shows the full silhouette of the concrete mixer truck, emphasizing its overall girth and presence on the road.
Saved image to images/2026-10-09-concrete-mixer-truck.jpg
[webp] 2026-10-09-concrete-mixer-truck.jpg: 112KB -> 58KB (48% smaller)
Design critique: score=1/10, verdict=reject, NOT THE SUBJECT
[image-retry] image 1 scored 1 / subjectPct 24; trying another photo for "Concrete Mixer Truck" (1 candidates left).
Vision picked #1 of 1: This photo clearly shows the full silhouette of the concrete mixer truck, emphasizing its girthy shape.
[webp] 2026-10-09-concrete-mixer-truck.jpg: 141KB -> 76KB (46% smaller)
Design critique: score=1/10, verdict=reject, NOT THE SUBJECT
GATE: critique flagged the image as unacceptable. Skipping before PR.
  score: 1  verdict: reject  subjectPct: 8  isSubject: false
  critique: The photo does not show a concrete mixer truck; instead, it depicts a truck with a spraying mechanism on a bridge. The subject is not centered, and the bridge dominates the frame, making the truck less prominent. The image does not fit the criteria for a documentary-style photo of a concrete mixer truck, leading to a rejection.
[picker-learning] appended rejection to /home/runner/work/thiccctionary/thiccctionary/audits/picker-rejections.jsonl
[bail] critique gate: verdict=reject score=1 subjectPct=8 - subject "Concrete Mixer Truck"
[bail] popped "Concrete Mixer Truck" from queue. 2 item(s) remain.
[bail] logged to audits/dead-subjects/2026-10-09.md
[retry-wrapper] attempt 3 bailed (no NEW entry for 2026-10-09 yet). Queue now has 2 item(s).

[retry-wrapper] ===== attempt 4/4 =====
Found 26 dead subject(s) in last 14 days; will avoid.
Subject queue: pulling "Crab, King Alaskan" (2 item(s) before pull, 0 dropped as dup).
SUBJECT_OVERRIDE active: subject="Crab, King Alaskan" query="king crab alaskan leg" (source: queue)
Subject: Crab, King Alaskan (query: "king crab alaskan leg")
Subject "Crab, King Alaskan" returned zero Unsplash results for query "king crab alaskan leg". (attempt 1)
Fallback subject (#1): Bagger 3939 (query: "giant excavator")
Found 15 candidate photos.
[photo-dedup] dropped 3 candidate(s) already used by another entry; 12 left.
Vision picked #6 of 12: This photo shows the Bagger 3939 in action, emphasizing its large size and girth while actively demolishing a structure.
Saved image to images/2026-10-09-bagger-3939.jpg
[webp] 2026-10-09-bagger-3939.jpg: 239KB -> 162KB (32% smaller)
Design critique: score=1/10, verdict=reject, NOT THE SUBJECT
[image-retry] image 1 scored 1 / subjectPct 12; trying another photo for "Bagger 3939" (11 candidates left).
Vision picked #6 of 11: this photo shows the Bagger 3939 in action, emphasizing its substantial girth and presence.
[webp] 2026-10-09-bagger-3939.jpg: 401KB -> 307KB (23% smaller)
Design critique: score=1/10, verdict=reject, NOT THE SUBJECT
[image-retry] image 2 scored 1 / subjectPct 48; trying another photo for "Bagger 3939" (10 candidates left).
Vision picked #10 of 10: this photo shows the full silhouette of the Bagger 3939, emphasizing its girth and robust design.
[webp] 2026-10-09-bagger-3939.jpg: 246KB -> 149KB (39% smaller)
Design critique: score=1/10, verdict=reject, NOT THE SUBJECT
GATE: critique flagged the image as unacceptable. Skipping before PR.
  score: 1  verdict: reject  subjectPct: 56  isSubject: false
  critique: The photo shows a Sany construction vehicle, not a 'Bagger 3939'. The subject is not the named object, failing the identity test. The vehicle is well-framed and prominent, but the subject does not match the specified object, resulting in a rejection.
[picker-learning] appended rejection to /home/runner/work/thiccctionary/thiccctionary/audits/picker-rejections.jsonl
[bail] critique gate: verdict=reject score=1 subjectPct=56 - subject "Bagger 3939"
[bail] popped "Bagger 3939" from queue. 1 item(s) remain.
[bail] logged to audits/dead-subjects/2026-10-09.md
[retry-wrapper] attempt 4 bailed (no NEW entry for 2026-10-09 yet). Queue now has 1 item(s).
[retry-wrapper] exhausted 4 attempts. No NEW entry landed for 2026-10-09.
```
