# Daily run trace 2026-08-15-033138

Triggered by: workflow_dispatch (actor=github-actions[bot])
Run URL: https://github.com/christopherlhicks29-create/thiccctionary/actions/runs/31861954569
force_regenerate input: false
collision.proceed: true
Generate step ran: success
Verify step ran: SKIPPED
entry_written: NOT_SET

## generate-daily.js stdout
```
[retry-wrapper] target date: 2026-08-15
[retry-wrapper] subject override: (none, will use queue)
[retry-wrapper] queue length: 5

[retry-wrapper] ===== attempt 1/4 =====
Found 26 dead subject(s) in last 14 days; will avoid.
Subject queue: pulling "Crockpot, Slow Cooker Oval" (5 item(s) before pull, 0 dropped as dup).
SUBJECT_OVERRIDE active: subject="Crockpot, Slow Cooker Oval" query="oval slow cooker crockpot" (source: queue)
Subject: Crockpot, Slow Cooker Oval (query: "oval slow cooker crockpot")
Subject "Crockpot, Slow Cooker Oval" returned zero Unsplash results for query "oval slow cooker crockpot". (attempt 1)
Fallback subject (#1): Thiccc Antonov An-225 (query: "Antonov An-225")
Found 29 candidate photos.
Vision picked #7 of 12: this photo shows the Antonov An-225 in a full silhouette, emphasizing its massive wingspan and overall girth.
Saved image to images/2026-08-15-thiccc-antonov-an-225.jpg
[webp] 2026-08-15-thiccc-antonov-an-225.jpg: 146KB -> 65KB (55% smaller)
Design critique: score=1/10, verdict=reject, NOT THE SUBJECT
[image-retry] image 1 scored 1 / subjectPct 64; trying another photo for "Thiccc Antonov An-225" (28 candidates left).
Vision picked #2 of 12: this photo shows the full silhouette of an aircraft, emphasizing its girth and size.
[webp] 2026-08-15-thiccc-antonov-an-225.jpg: 136KB -> 70KB (49% smaller)
Design critique: score=1/10, verdict=reject, NOT THE SUBJECT
[image-retry] image 2 scored 1 / subjectPct 30; trying another photo for "Thiccc Antonov An-225" (27 candidates left).
Vision rejected all 12 candidates: all candidates fail veto
GATE: critique flagged the image as unacceptable. Skipping before PR.
  score: 1  verdict: reject  subjectPct: 30  isSubject: false
  critique: The photo depicts an IL-76 aircraft, not the Antonov An-225. The An-225 is a distinct aircraft known for its size and unique design, which is not shown here. The image is well-composed and centered, but it fails the identity test as it does not show the named subject. Therefore, it cannot be used for the intended purpose.
[picker-learning] appended rejection to /home/runner/work/thiccctionary/thiccctionary/audits/picker-rejections.jsonl
[bail] critique gate: verdict=reject score=1 subjectPct=30 - subject "Thiccc Antonov An-225"
[bail] popped "Thiccc Antonov An-225" from queue. 4 item(s) remain.
[bail] logged to audits/dead-subjects/2026-08-15.md
[retry-wrapper] attempt 1 bailed (no NEW entry for 2026-08-15 yet). Queue now has 4 item(s).

[retry-wrapper] ===== attempt 2/4 =====
Found 26 dead subject(s) in last 14 days; will avoid.
Subject queue: dropping "Coil, Hay Bale Round" - duplicates catalogued "Hay Bale, Round".
Subject queue: pulling "Crab, King Alaskan" (4 item(s) before pull, 1 dropped as dup).
SUBJECT_OVERRIDE active: subject="Crab, King Alaskan" query="king crab alaskan leg" (source: queue)
Subject: Crab, King Alaskan (query: "king crab alaskan leg")
Subject "Crab, King Alaskan" returned zero Unsplash results for query "king crab alaskan leg". (attempt 1)
Fallback subject (#1): Titan, Nuclear Submarine (query: "nuclear submarine")
Found 29 candidate photos.
Vision picked #10 of 12: this photo shows a substantial concrete structure that emphasizes the massive girth typical of a nuclear submarine.
Saved image to images/2026-08-15-titan-nuclear-submarine.jpg
[webp] 2026-08-15-titan-nuclear-submarine.jpg: 192KB -> 120KB (38% smaller)
Design critique: score=1/10, verdict=reject, NOT THE SUBJECT
[image-retry] image 1 scored 1 / subjectPct 100; trying another photo for "Titan, Nuclear Submarine" (28 candidates left).
Vision picked #12 of 12: This photo shows a large vessel against a sunset, emphasizing its substantial silhouette and girth.
[webp] 2026-08-15-titan-nuclear-submarine.jpg: 147KB -> 70KB (52% smaller)
Design critique: score=1/10, verdict=reject, NOT THE SUBJECT
[image-retry] image 2 scored 1 / subjectPct 36; trying another photo for "Titan, Nuclear Submarine" (27 candidates left).
Vision rejected all 12 candidates: all candidates fail veto
GATE: critique flagged the image as unacceptable. Skipping before PR.
  score: 1  verdict: reject  subjectPct: 36  isSubject: false
  critique: The photo depicts a large surface ship, not a nuclear submarine. The ship is silhouetted against a sunset, making it difficult to discern specific details. While the composition is visually striking, it does not meet the criteria for depicting a 'Titan, Nuclear Submarine.' The subject does not match the named object, leading to a rejection.
[picker-learning] appended rejection to /home/runner/work/thiccctionary/thiccctionary/audits/picker-rejections.jsonl
[bail] critique gate: verdict=reject score=1 subjectPct=36 - subject "Titan, Nuclear Submarine"
[bail] popped "Titan, Nuclear Submarine" from queue. 2 item(s) remain.
[bail] logged to audits/dead-subjects/2026-08-15.md
[retry-wrapper] attempt 2 bailed (no NEW entry for 2026-08-15 yet). Queue now has 2 item(s).

[retry-wrapper] ===== attempt 3/4 =====
Found 27 dead subject(s) in last 14 days; will avoid.
Subject queue: pulling "Briefcase, Hardshell Pelican" (2 item(s) before pull, 0 dropped as dup).
SUBJECT_OVERRIDE active: subject="Briefcase, Hardshell Pelican" query="pelican hardshell case" (source: queue)
Subject: Briefcase, Hardshell Pelican (query: "pelican hardshell case")
Found 1 candidate photos.
Vision rejected all 1 candidates: all candidates fail veto
Picker rejected all candidates. Retrying with photography bias.
Vision rejected all 12 candidates: all candidates fail veto
[bail] picker vetoed all candidates on both queries - subject "Briefcase, Hardshell Pelican"
[bail] popped "Briefcase, Hardshell Pelican" from queue. 1 item(s) remain.
[bail] logged to audits/dead-subjects/2026-08-15.md
[retry-wrapper] attempt 3 bailed (no NEW entry for 2026-08-15 yet). Queue now has 1 item(s).

[retry-wrapper] ===== attempt 4/4 =====
Found 28 dead subject(s) in last 14 days; will avoid.
Subject queue: pulling "Container, Shipping 40-Foot" (1 item(s) before pull, 0 dropped as dup).
SUBJECT_OVERRIDE active: subject="Container, Shipping 40-Foot" query="40 foot shipping container" (source: queue)
Subject: Container, Shipping 40-Foot (query: "40 foot shipping container")
Subject "Container, Shipping 40-Foot" returned zero Unsplash results for query "40 foot shipping container". (attempt 1)
Fallback subject (#1): Titan, Aerospace Rocket (query: "aerospace rocket")
Found 30 candidate photos.
Vision picked #6 of 12: this photo captures the full silhouette of the rocket at launch, emphasizing its impressive girth and power.
Saved image to images/2026-08-15-titan-aerospace-rocket.jpg
[webp] 2026-08-15-titan-aerospace-rocket.jpg: 84KB -> 42KB (50% smaller)
Design critique: score=1/10, verdict=reject, NOT THE SUBJECT
[image-retry] image 1 scored 1 / subjectPct 48; trying another photo for "Titan, Aerospace Rocket" (29 candidates left).
Vision picked #9 of 12: this photo clearly shows the full silhouette of the Titan rocket, emphasizing its thiccness against a clear sky.
[webp] 2026-08-15-titan-aerospace-rocket.jpg: 233KB -> 173KB (26% smaller)
Design critique: score=1/10, verdict=reject, NOT THE SUBJECT
[image-retry] image 2 scored 1 / subjectPct 21; trying another photo for "Titan, Aerospace Rocket" (28 candidates left).
Vision picked #1 of 12: This photo shows the full silhouette of the Titan rocket, emphasizing its height and overall girth against the sky.
[webp] 2026-08-15-titan-aerospace-rocket.jpg: 183KB -> 115KB (37% smaller)
Design critique: score=1/10, verdict=reject, NOT THE SUBJECT
GATE: critique flagged the image as unacceptable. Skipping before PR.
  score: 1  verdict: reject  subjectPct: 16  isSubject: false
  critique: The photo does not depict a 'Titan, Aerospace Rocket' but rather a tall, modern building partially obscured by grass. The structure's shape might resemble a rocket, but it is clearly not an aerospace rocket. The subject is not fully visible, and the building is not centered, making it unsuitable for a dictionary entry. The image is cluttered with grass in the foreground, further detracting from the clarity of the subject.
[picker-learning] appended rejection to /home/runner/work/thiccctionary/thiccctionary/audits/picker-rejections.jsonl
[bail] critique gate: verdict=reject score=1 subjectPct=16 - subject "Titan, Aerospace Rocket"
[bail] popped "Titan, Aerospace Rocket" from queue. 0 item(s) remain.
[bail] logged to audits/dead-subjects/2026-08-15.md
[retry-wrapper] attempt 4 bailed (no NEW entry for 2026-08-15 yet). Queue now has 0 item(s).
[retry-wrapper] exhausted 4 attempts. No NEW entry landed for 2026-08-15.
```
