# Daily run trace 2026-10-08-202104

Triggered by: workflow_dispatch (actor=github-actions[bot])
Run URL: https://github.com/christopherlhicks29-create/thiccctionary/actions/runs/37838562906
force_regenerate input: false
collision.proceed: true
Generate step ran: success
Verify step ran: SKIPPED
entry_written: NOT_SET

## generate-daily.js stdout
```
[retry-wrapper] target date: 2026-10-08
[retry-wrapper] subject override: (none, will use queue)
[retry-wrapper] queue length: 5

[retry-wrapper] ===== attempt 1/4 =====
Found 25 dead subject(s) in last 14 days; will avoid.
Subject queue: pulling "Container, Shipping 40-Foot" (5 item(s) before pull, 0 dropped as dup).
SUBJECT_OVERRIDE active: subject="Container, Shipping 40-Foot" query="40 foot shipping container" (source: queue)
Subject: Container, Shipping 40-Foot (query: "40 foot shipping container")
Subject "Container, Shipping 40-Foot" returned zero Unsplash results for query "40 foot shipping container". (attempt 1)
Fallback subject (#1): Crawler-Transporter, NASA (query: "crawler transporter")
Subject "Crawler-Transporter, NASA" returned zero Unsplash results for query "crawler transporter". (attempt 2)
Fallback subject (#2): Thiccc Caterpillar D11 Dozer (query: "caterpillar dozer")
Found 4 candidate photos.
[photo-dedup] dropped 1 candidate(s) already used by another entry; 3 left.
Vision picked #1 of 3: This photo shows the D11 Dozer with a clear view against a clean background, emphasizing its overall girth and silhouette.
Saved image to images/2026-10-08-thiccc-caterpillar-d11-dozer.jpg
[webp] 2026-10-08-thiccc-caterpillar-d11-dozer.jpg: 239KB -> 162KB (32% smaller)
Design critique: score=1/10, verdict=reject, NOT THE SUBJECT
[image-retry] image 1 scored 1 / subjectPct 12; trying another photo for "Thiccc Caterpillar D11 Dozer" (2 candidates left).
Vision picked #1 of 2: This photo shows the full silhouette of the D11 dozer, emphasizing its girth in an expansive setting.
[webp] 2026-10-08-thiccc-caterpillar-d11-dozer.jpg: 418KB -> 356KB (15% smaller)
Design critique: score=1/10, verdict=reject, NOT THE SUBJECT
[image-retry] image 2 scored 1 / subjectPct 24; trying another photo for "Thiccc Caterpillar D11 Dozer" (1 candidates left).
Vision rejected all 1 candidates: all candidates fail veto
GATE: critique flagged the image as unacceptable. Skipping before PR.
  score: 1  verdict: reject  subjectPct: 24  isSubject: false
  critique: The photo does not show a Caterpillar D11 Dozer. Instead, it depicts an excavator on a construction site. The subject is not centered, and the focus is more on the site rather than the machinery itself. The image lacks the documentary style suitable for a dictionary entry, and the actual subject is not the one named. Therefore, it does not meet the requirements for inclusion.
[picker-learning] appended rejection to /home/runner/work/thiccctionary/thiccctionary/audits/picker-rejections.jsonl
[bail] critique gate: verdict=reject score=1 subjectPct=24 - subject "Thiccc Caterpillar D11 Dozer"
[bail] popped "Thiccc Caterpillar D11 Dozer" from queue. 4 item(s) remain.
[bail] logged to audits/dead-subjects/2026-10-08.md
[retry-wrapper] attempt 1 bailed (no NEW entry for 2026-10-08 yet). Queue now has 4 item(s).

[retry-wrapper] ===== attempt 2/4 =====
Found 24 dead subject(s) in last 14 days; will avoid.
Subject queue: pulling "Drawbridge, Castle" (4 item(s) before pull, 0 dropped as dup).
SUBJECT_OVERRIDE active: subject="Drawbridge, Castle" query="castle drawbridge stone" (source: queue)
Subject: Drawbridge, Castle (query: "castle drawbridge stone")
Subject "Drawbridge, Castle" returned zero Unsplash results for query "castle drawbridge stone". (attempt 1)
Fallback subject (#1): Thiccc Caterpillar 797F (query: "Caterpillar 797F")
Subject "Thiccc Caterpillar 797F" returned zero Unsplash results for query "Caterpillar 797F". (attempt 2)
Fallback subject (#2): Thiccc Caterpillar 797F (query: "Caterpillar 797F")
Subject "Thiccc Caterpillar 797F" returned zero Unsplash results for query "Caterpillar 797F". (attempt 3)
Fallback subject (#3): Thiccc Caterpillar 797F Mining Truck (query: "mining truck")
Found 17 candidate photos.
[photo-dedup] dropped 2 candidate(s) already used by another entry; 15 left.
Vision rejected all 12 candidates: all candidates fail veto
Picker rejected all candidates. Retrying with photography bias.
[photo-dedup] dropped 1 candidate(s) already used by another entry; 29 left.
Vision rejected all 12 candidates: all candidates fail veto
[bail] picker vetoed all candidates on both queries - subject "Thiccc Caterpillar 797F Mining Truck"
[bail] popped "Thiccc Caterpillar 797F Mining Truck" from queue. 3 item(s) remain.
[bail] logged to audits/dead-subjects/2026-10-08.md
[retry-wrapper] attempt 2 bailed (no NEW entry for 2026-10-08 yet). Queue now has 3 item(s).

[retry-wrapper] ===== attempt 3/4 =====
Found 25 dead subject(s) in last 14 days; will avoid.
Subject queue: pulling "Crockpot, Slow Cooker Oval" (3 item(s) before pull, 0 dropped as dup).
SUBJECT_OVERRIDE active: subject="Crockpot, Slow Cooker Oval" query="oval slow cooker crockpot" (source: queue)
Subject: Crockpot, Slow Cooker Oval (query: "oval slow cooker crockpot")
Subject "Crockpot, Slow Cooker Oval" returned zero Unsplash results for query "oval slow cooker crockpot". (attempt 1)
Fallback subject (#1): Thiccc Caterpillar 797F Mining Truck (query: "mining truck")
Found 17 candidate photos.
[photo-dedup] dropped 2 candidate(s) already used by another entry; 15 left.
Vision rejected all 12 candidates: all candidates fail veto
Picker rejected all candidates. Retrying with photography bias.
[photo-dedup] dropped 1 candidate(s) already used by another entry; 29 left.
Vision rejected all 12 candidates: all candidates fail veto
[bail] picker vetoed all candidates on both queries - subject "Thiccc Caterpillar 797F Mining Truck"
[bail] popped "Thiccc Caterpillar 797F Mining Truck" from queue. 2 item(s) remain.
[bail] logged to audits/dead-subjects/2026-10-08.md
[retry-wrapper] attempt 3 bailed (no NEW entry for 2026-10-08 yet). Queue now has 2 item(s).

[retry-wrapper] ===== attempt 4/4 =====
Found 26 dead subject(s) in last 14 days; will avoid.
Subject queue: pulling "Crab, King Alaskan" (2 item(s) before pull, 0 dropped as dup).
SUBJECT_OVERRIDE active: subject="Crab, King Alaskan" query="king crab alaskan leg" (source: queue)
Subject: Crab, King Alaskan (query: "king crab alaskan leg")
Subject "Crab, King Alaskan" returned zero Unsplash results for query "king crab alaskan leg". (attempt 1)
Fallback subject (#1): Thiccc Bagger 293 (query: "Bagger 293")
Found 30 candidate photos.
[photo-dedup] dropped 2 candidate(s) already used by another entry; 28 left.
Vision picked #1 of 12: This photo showcases the full silhouette of the Bagger 293, emphasizing its massive structure and girth.
Saved image to images/2026-10-08-thiccc-bagger-293.jpg
[webp] 2026-10-08-thiccc-bagger-293.jpg: 220KB -> 132KB (40% smaller)
Design critique: score=1/10, verdict=reject, NOT THE SUBJECT
[image-retry] image 1 scored 1 / subjectPct 48; trying another photo for "Thiccc Bagger 293" (27 candidates left).
Vision picked #12 of 12: this photo prominently features the full silhouette of the Bagger 293, emphasizing its massive girth and structure.
[webp] 2026-10-08-thiccc-bagger-293.jpg: 141KB -> 72KB (49% smaller)
Design critique: score=1/10, verdict=reject, NOT THE SUBJECT
[image-retry] image 2 scored 1 / subjectPct 48; trying another photo for "Thiccc Bagger 293" (26 candidates left).
Vision picked #2 of 12: This photo shows the Bagger 293's massive scale and girth from an aerial perspective, emphasizing its thicc silhouette.
[webp] 2026-10-08-thiccc-bagger-293.jpg: 418KB -> 356KB (15% smaller)
Design critique: score=1/10, verdict=reject, NOT THE SUBJECT
GATE: critique flagged the image as unacceptable. Skipping before PR.
  score: 1  verdict: reject  subjectPct: 13  isSubject: false
  critique: The photo does not show the Bagger 293, which is a massive bucket-wheel excavator, not a bulldozer. The image captures a construction site with a standard bulldozer, failing the identity test. The framing and focus are on the construction site, not on the specific subject, leading to a rejection. The subject box highlights the bulldozer, but it is not the correct object.
[picker-learning] appended rejection to /home/runner/work/thiccctionary/thiccctionary/audits/picker-rejections.jsonl
[bail] critique gate: verdict=reject score=1 subjectPct=13 - subject "Thiccc Bagger 293"
[bail] popped "Thiccc Bagger 293" from queue. 1 item(s) remain.
[bail] logged to audits/dead-subjects/2026-10-08.md
[retry-wrapper] attempt 4 bailed (no NEW entry for 2026-10-08 yet). Queue now has 1 item(s).
[retry-wrapper] exhausted 4 attempts. No NEW entry landed for 2026-10-08.
```
