# Daily run trace 2026-08-26-122943

Triggered by: workflow_dispatch (actor=github-actions[bot])
Run URL: https://github.com/christopherlhicks29-create/thiccctionary/actions/runs/32968634889
force_regenerate input: false
collision.proceed: true
Generate step ran: success
Verify step ran: SKIPPED
entry_written: NOT_SET

## generate-daily.js stdout
```
[retry-wrapper] target date: 2026-08-26
[retry-wrapper] subject override: (none, will use queue)
[retry-wrapper] queue length: 3

[retry-wrapper] ===== attempt 1/4 =====
Found 30 dead subject(s) in last 14 days; will avoid.
Subject queue: pulling "Briefcase, Hardshell Pelican" (3 item(s) before pull, 0 dropped as dup).
SUBJECT_OVERRIDE active: subject="Briefcase, Hardshell Pelican" query="pelican hardshell case" (source: queue)
Subject: Briefcase, Hardshell Pelican (query: "pelican hardshell case")
Found 1 candidate photos.
Vision rejected all 1 candidates: all candidates fail veto
Picker rejected all candidates. Retrying with photography bias.
Vision rejected all 12 candidates: all candidates fail veto
[bail] picker vetoed all candidates on both queries - subject "Briefcase, Hardshell Pelican"
[bail] popped "Briefcase, Hardshell Pelican" from queue. 2 item(s) remain.
[bail] logged to audits/dead-subjects/2026-08-26.md
[retry-wrapper] attempt 1 bailed (no NEW entry for 2026-08-26 yet). Queue now has 2 item(s).

[retry-wrapper] ===== attempt 2/4 =====
Found 28 dead subject(s) in last 14 days; will avoid.
Subject queue: pulling "Garbage Truck, Front-Loader" (2 item(s) before pull, 0 dropped as dup).
SUBJECT_OVERRIDE active: subject="Garbage Truck, Front-Loader" query="front loader garbage truck" (source: queue)
Subject: Garbage Truck, Front-Loader (query: "front loader garbage truck")
Subject "Garbage Truck, Front-Loader" returned zero Unsplash results for query "front loader garbage truck". (attempt 1)
Fallback subject (#1): Boeing Dreamlifter (query: "Boeing Dreamlifter")
Subject "Boeing Dreamlifter" returned zero Unsplash results for query "Boeing Dreamlifter". (attempt 2)
Fallback subject (#2): Thiccc Caterpillar 797F (query: "Caterpillar 797F")
Subject "Thiccc Caterpillar 797F" returned zero Unsplash results for query "Caterpillar 797F". (attempt 3)
Fallback subject (#3): Bagger 293 (query: "Bagger 293")
Found 30 candidate photos.
[photo-dedup] dropped 1 candidate(s) already used by another entry; 29 left.
Vision picked #1 of 12: This photo showcases the Bagger 293's massive structure and silhouette clearly, emphasizing its girth.
Saved image to images/2026-08-26-bagger-293.jpg
[webp] 2026-08-26-bagger-293.jpg: 220KB -> 132KB (40% smaller)
Design critique: score=1/10, verdict=reject, NOT THE SUBJECT
[image-retry] image 1 scored 1 / subjectPct 48; trying another photo for "Bagger 293" (28 candidates left).
Vision picked #2 of 12: the photo shows the Bagger 293's massive silhouette against the ground, emphasizing its girth.
[webp] 2026-08-26-bagger-293.jpg: 418KB -> 355KB (15% smaller)
Design critique: score=1/10, verdict=reject, NOT THE SUBJECT
[image-retry] image 2 scored 1 / subjectPct 30; trying another photo for "Bagger 293" (27 candidates left).
Vision picked #10 of 12: this photo shows the full silhouette of a large crane, emphasizing its substantial girth and structure.
[webp] 2026-08-26-bagger-293.jpg: 141KB -> 72KB (49% smaller)
Design critique: score=1/10, verdict=reject, NOT THE SUBJECT
GATE: critique flagged the image as unacceptable. Skipping before PR.
  score: 1  verdict: reject  subjectPct: 48  isSubject: false
  critique: The photo shows an industrial crane, not the Bagger 293, which is a massive bucket-wheel excavator. The crane is centered and well-framed, but it is not the subject specified. The image is documentary in style, fitting the brand, but it does not meet the identity test for the named object. Therefore, it is unsuitable for use as a depiction of the Bagger 293.
[picker-learning] appended rejection to /home/runner/work/thiccctionary/thiccctionary/audits/picker-rejections.jsonl
[bail] critique gate: verdict=reject score=1 subjectPct=48 - subject "Bagger 293"
[bail] popped "Bagger 293" from queue. 1 item(s) remain.
[bail] logged to audits/dead-subjects/2026-08-26.md
[retry-wrapper] attempt 2 bailed (no NEW entry for 2026-08-26 yet). Queue now has 1 item(s).

[retry-wrapper] ===== attempt 3/4 =====
Found 29 dead subject(s) in last 14 days; will avoid.
Subject queue: dropping "Truck, Monster Bigfoot" - duplicates catalogued "Thiccc Tanker Truck".
Subject queue: all 1 item(s) were catalog dups; cleared queue, falling through to auto-picker.
Subject: Thiccc Antonov An-124 Ruslan (query: "Antonov An-124")
Found 30 candidate photos.
Vision picked #2 of 12: this photo shows the full silhouette of the Antonov An-124, emphasizing its impressive girth and structure.
Saved image to images/2026-08-26-thiccc-antonov-an-124-ruslan.jpg
[webp] 2026-08-26-thiccc-antonov-an-124-ruslan.jpg: 136KB -> 70KB (49% smaller)
Design critique: score=1/10, verdict=reject, NOT THE SUBJECT
[image-retry] image 1 scored 1 / subjectPct 24; trying another photo for "Thiccc Antonov An-124 Ruslan" (29 candidates left).
Vision picked #3 of 12: This photo shows the Antonov An-124 from a front angle, emphasizing its large and distinctive silhouette.
[webp] 2026-08-26-thiccc-antonov-an-124-ruslan.jpg: 146KB -> 65KB (55% smaller)
Design critique: score=1/10, verdict=reject, NOT THE SUBJECT
[image-retry] image 2 scored 1 / subjectPct 56; trying another photo for "Thiccc Antonov An-124 Ruslan" (28 candidates left).
Vision rejected all 12 candidates: all candidates fail veto
GATE: critique flagged the image as unacceptable. Skipping before PR.
  score: 1  verdict: reject  subjectPct: 56  isSubject: false
  critique: The photo does not show an Antonov An-124 Ruslan, but rather an ekranoplan, which is a different type of aircraft. The subject is centered and prominent, but it fails the identity test as it does not depict the named object. The setting is visually interesting, but the presence of a person lying in the foreground distracts from the aircraft. Overall, the image is unsuitable for the intended subject.
[picker-learning] appended rejection to /home/runner/work/thiccctionary/thiccctionary/audits/picker-rejections.jsonl
[bail] critique gate: verdict=reject score=1 subjectPct=56 - subject "Thiccc Antonov An-124 Ruslan"
[bail] popped "Thiccc Antonov An-124 Ruslan" from queue. 0 item(s) remain.
[bail] logged to audits/dead-subjects/2026-08-26.md
[retry-wrapper] attempt 3 bailed (no NEW entry for 2026-08-26 yet). Queue now has 0 item(s).

[retry-wrapper] ===== attempt 4/4 =====
[retry-wrapper] queue empty and no override - stopping retries.
[retry-wrapper] exhausted 4 attempts. No NEW entry landed for 2026-08-26.
```
