# Daily run trace 2026-09-02-163118

Triggered by: schedule (actor=christopherlhicks29-create)
Run URL: https://github.com/christopherlhicks29-create/thiccctionary/actions/runs/33655273251
force_regenerate input: false
collision.proceed: true
Generate step ran: success
Verify step ran: SKIPPED
entry_written: NOT_SET

## generate-daily.js stdout
```
[retry-wrapper] target date: 2026-09-02
[retry-wrapper] subject override: (none, will use queue)
[retry-wrapper] queue length: 6

[retry-wrapper] ===== attempt 1/4 =====
Found 30 dead subject(s) in last 14 days; will avoid.
Subject queue: pulling "Refrigerator, Commercial" (6 item(s) before pull, 0 dropped as dup).
SUBJECT_OVERRIDE active: subject="Refrigerator, Commercial" query="commercial walk-in refrigerator" (source: queue)
Subject: Refrigerator, Commercial (query: "commercial walk-in refrigerator")
Subject "Refrigerator, Commercial" returned zero Unsplash results for query "commercial walk-in refrigerator". (attempt 1)
Fallback subject (#1): Thiccc Crude Oil Tanker (query: "crude oil tanker")
Found 30 candidate photos.
[photo-dedup] dropped 1 candidate(s) already used by another entry; 29 left.
Vision picked #6 of 12: This photo shows the full silhouette of a crude oil tanker, emphasizing its substantial girth and structure.
Saved image to images/2026-09-02-thiccc-crude-oil-tanker.jpg
[webp] 2026-09-02-thiccc-crude-oil-tanker.jpg: 251KB -> 159KB (37% smaller)
Design critique: score=8/10, verdict=ship
  ⚠️ Banned terms found in entry "Thiccc Crude Oil Tanker":
     [etymology] "voluptuous" (banned-word)
Banned-words attempt 1/3 rejected ("voluptuous" in etymology). Retrying...
Banned-words check passed on attempt 2.
Humor critique: score=8/10, verdict=ship, weakest=etymology
  feedback: The example sentence is specific and humorous with the 'unfair redistribution of seagulls,' which is a delightful surprise. The punchline tag lands well. However, the etymology lacks a deadpan kicker and feels more like a straightforward translation of parts, which could be improved for a stronger comedic effect.
Generated social captions:
  morning: Thiccc Crude Oil Tanker.
  afternoon: Navigating the seas since 1970s—these maritime giants have a history as deep as their hull drafts.
  evening: From the archives, Thiccc Crude Oil Tanker.
  reels: Hauls 2 million barrels, one voyage at a time.
Saved entry: Thiccc Crude Oil Tanker
Built entry page: entries/2026-09-02.html
Rebuilt prev entry page (2026-08-31) so its next-link points to today.
Per-tag feeds: 13 written (tags with 2+ entries)
RSS feed rebuilt with 139 entries + 59 articles.
Sitemap rebuilt with 139 entries.
Subject queue updated: 5 item(s) remaining.
[retry-wrapper] entry for 2026-09-02 landed on attempt 1.
```
