# Daily run trace 2026-10-11-024455

Triggered by: workflow_dispatch (actor=github-actions[bot])
Run URL: https://github.com/christopherlhicks29-create/thiccctionary/actions/runs/38106047456
force_regenerate input: false
collision.proceed: true
Generate step ran: failure
Verify step ran: SKIPPED
entry_written: NOT_SET

## generate-daily.js stdout
```
[retry-wrapper] target date: 2026-10-11
[retry-wrapper] subject override: (none, will use queue)
[retry-wrapper] queue length: 6

[retry-wrapper] ===== attempt 1/4 =====
Found 26 dead subject(s) in last 14 days; will avoid.
Subject queue: pulling "Berm, Earthen Dam" (6 item(s) before pull, 0 dropped as dup).
SUBJECT_OVERRIDE active: subject="Berm, Earthen Dam" query="earthen berm dam embankment" (source: queue)
Subject: Berm, Earthen Dam (query: "earthen berm dam embankment")
Subject "Berm, Earthen Dam" returned zero Unsplash results for query "earthen berm dam embankment". (attempt 1)
Fallback subject (#1): Thiccc Antonov An-124 Ruslan (query: "Antonov An-124")
Found 30 candidate photos.
Vision picked #2 of 12: this photo shows the full silhouette of the Antonov An-124, emphasizing its large wingspan and overall girth.
Saved image to images/2026-10-11-thiccc-antonov-an-124-ruslan.jpg
[webp] 2026-10-11-thiccc-antonov-an-124-ruslan.jpg: 136KB -> 70KB (49% smaller)
Design critique: score=1/10, verdict=reject, NOT THE SUBJECT
[image-retry] image 1 scored 1 / subjectPct 30; trying another photo for "Thiccc Antonov An-124 Ruslan" (29 candidates left).
Vision rejected all 12 candidates: all candidates fail veto
GATE: critique flagged the image as unacceptable. Skipping before PR.
  score: 1  verdict: reject  subjectPct: 30  isSubject: false
  critique: The photo shows an Ilyushin IL-76, not the Antonov An-124 Ruslan. The IL-76 is centered and clearly depicted, but it is not the subject specified. The image is well-composed and fits a documentary style, but it fails to meet the subject identity requirement. The Antonov An-124 is a distinct aircraft with different features, and this mismatch disqualifies the photo for the intended entry.
[picker-learning] appended rejection to /home/runner/work/thiccctionary/thiccctionary/audits/picker-rejections.jsonl
[bail] critique gate: verdict=reject score=1 subjectPct=30 - subject "Thiccc Antonov An-124 Ruslan"
[bail] popped "Thiccc Antonov An-124 Ruslan" from queue. 5 item(s) remain.
[bail] logged to audits/dead-subjects/2026-10-11.md
[retry-wrapper] attempt 1 bailed (no NEW entry for 2026-10-11 yet). Queue now has 5 item(s).

[retry-wrapper] ===== attempt 2/4 =====
Found 24 dead subject(s) in last 14 days; will avoid.
Subject queue: dropping "Coil, Hay Bale Round" - duplicates catalogued "Hay Bale, Round".
Subject queue: pulling "Rock, Plymouth" (5 item(s) before pull, 1 dropped as dup).
SUBJECT_OVERRIDE active: subject="Rock, Plymouth" query="plymouth rock memorial" (source: queue)
Subject: Rock, Plymouth (query: "plymouth rock memorial")
Subject "Rock, Plymouth" returned zero Unsplash results for query "plymouth rock memorial". (attempt 1)
Fallback subject (#1): Cement Truck, Mixer (query: "cement truck")
Found 21 candidate photos.
[photo-dedup] dropped 1 candidate(s) already used by another entry; 20 left.
Vision picked #5 of 12: this side view clearly shows the full silhouette of the cement truck, emphasizing its girth.
Saved image to images/2026-10-11-cement-truck-mixer.jpg
[webp] 2026-10-11-cement-truck-mixer.jpg: 201KB -> 113KB (44% smaller)
Design critique: score=1/10, verdict=reject, NOT THE SUBJECT
[image-retry] image 1 scored 1 / subjectPct 64; trying another photo for "Cement Truck, Mixer" (19 candidates left).
Vision picked #1 of 12: this photo shows the full silhouette of the cement truck, emphasizing its girth and presence on the road.
[webp] 2026-10-11-cement-truck-mixer.jpg: 112KB -> 58KB (48% smaller)
Design critique: score=1/10, verdict=reject, NOT THE SUBJECT
[image-retry] image 2 scored 1 / subjectPct 24; trying another photo for "Cement Truck, Mixer" (18 candidates left).
Vision picked #8 of 12: this photo shows a cement truck with a clear frontal view, emphasizing its robust and thick silhouette.
[webp] 2026-10-11-cement-truck-mixer.jpg: 241KB -> 138KB (43% smaller)
Design critique: score=1/10, verdict=reject, NOT THE SUBJECT
GATE: critique flagged the image as unacceptable. Skipping before PR.
  score: 1  verdict: reject  subjectPct: 64  isSubject: false
  critique: The photo shows the front of a large yellow truck, but it is not identifiable as a cement mixer truck. The mixer component, which is crucial for identifying a cement truck, is not visible. The image focuses on the truck's cab, which does not meet the subject requirement. Therefore, it fails the identity test and cannot be used for the intended entry.
[picker-learning] appended rejection to /home/runner/work/thiccctionary/thiccctionary/audits/picker-rejections.jsonl
[bail] critique gate: verdict=reject score=1 subjectPct=64 - subject "Cement Truck, Mixer"
[bail] popped "Cement Truck, Mixer" from queue. 3 item(s) remain.
[bail] logged to audits/dead-subjects/2026-10-11.md
[retry-wrapper] attempt 2 bailed (no NEW entry for 2026-10-11 yet). Queue now has 3 item(s).

[retry-wrapper] ===== attempt 3/4 =====
Found 25 dead subject(s) in last 14 days; will avoid.
Subject queue: dropping "Stone, Megalith Standing" - duplicates catalogued "Atlas Stone, Strongman".
Subject queue: pulling "Crockpot, Slow Cooker Oval" (3 item(s) before pull, 1 dropped as dup).
SUBJECT_OVERRIDE active: subject="Crockpot, Slow Cooker Oval" query="oval slow cooker crockpot" (source: queue)
Subject: Crockpot, Slow Cooker Oval (query: "oval slow cooker crockpot")
Subject "Crockpot, Slow Cooker Oval" returned zero Unsplash results for query "oval slow cooker crockpot". (attempt 1)
Fallback subject (#1): Thiccc Caterpillar 797F (query: "Caterpillar 797F")
Subject "Thiccc Caterpillar 797F" returned zero Unsplash results for query "Caterpillar 797F". (attempt 2)
Fallback subject (#2): Thiccc Caterpillar 797F (query: "Caterpillar 797F")
Subject "Thiccc Caterpillar 797F" returned zero Unsplash results for query "Caterpillar 797F". (attempt 3)
Fallback subject (#3): Thiccc Antonov An-124 Ruslan (query: "antonov an-124")
Found 30 candidate photos.
Vision picked #2 of 12: this photo shows the full silhouette of the Antonov An-124, emphasizing its massive girth and wingspan.
Saved image to images/2026-10-11-thiccc-antonov-an-124-ruslan.jpg
[webp] 2026-10-11-thiccc-antonov-an-124-ruslan.jpg: 136KB -> 70KB (49% smaller)
Design critique: score=1/10, verdict=reject, NOT THE SUBJECT
[image-retry] image 1 scored 1 / subjectPct 20; trying another photo for "Thiccc Antonov An-124 Ruslan" (29 candidates left).
Vision rejected all 12 candidates: all candidates fail veto
GATE: critique flagged the image as unacceptable. Skipping before PR.
  score: 1  verdict: reject  subjectPct: 20  isSubject: false
  critique: The photo does not depict the Antonov An-124 Ruslan, but rather an IL-76 aircraft. The IL-76 is a different model and does not meet the subject identity requirement. The image is well-composed and centered, showing the aircraft prominently, but it fails the identity test as it does not show the specified subject. Therefore, it cannot be used for the intended entry.
[picker-learning] appended rejection to /home/runner/work/thiccctionary/thiccctionary/audits/picker-rejections.jsonl
[bail] critique gate: verdict=reject score=1 subjectPct=20 - subject "Thiccc Antonov An-124 Ruslan"
[bail] popped "Thiccc Antonov An-124 Ruslan" from queue. 1 item(s) remain.
[bail] logged to audits/dead-subjects/2026-10-11.md
[retry-wrapper] attempt 3 bailed (no NEW entry for 2026-10-11 yet). Queue now has 1 item(s).

[retry-wrapper] ===== attempt 4/4 =====
Found 26 dead subject(s) in last 14 days; will avoid.
Subject queue: pulling "Container, Shipping 40-Foot" (1 item(s) before pull, 0 dropped as dup).
SUBJECT_OVERRIDE active: subject="Container, Shipping 40-Foot" query="40 foot shipping container" (source: queue)
Subject: Container, Shipping 40-Foot (query: "40 foot shipping container")
Subject "Container, Shipping 40-Foot" returned zero Unsplash results for query "40 foot shipping container". (attempt 1)
Fallback subject (#1): Thiccc Airbus A380 (query: "Airbus A380")
Subject "Thiccc Airbus A380" returned zero Unsplash results for query "Airbus A380". (attempt 2)
Fallback subject (#2): Thiccc Caterpillar 797F (query: "Caterpillar 797F")
Subject "Thiccc Caterpillar 797F" returned zero Unsplash results for query "Caterpillar 797F". (attempt 3)
Fallback subject (#3): Thiccc Bagger 293 (query: "Bagger 293")
Found 30 candidate photos.
[photo-dedup] dropped 2 candidate(s) already used by another entry; 28 left.
Error: Vision pick failed: 400 {
  "error": {
    "message": "Error while downloading file.",
    "type": "invalid_request_error",
    "param": null,
    "code": "invalid_image_url"
  }
}
    at pickThiccestImage (file:///home/runner/work/thiccctionary/thiccctionary/scripts/generate-daily.js:374:22)
    at process.processTicksAndRejections (node:internal/process/task_queues:95:5)
    at async main (file:///home/runner/work/thiccctionary/thiccctionary/scripts/generate-daily.js:1006:16)
[retry-wrapper] attempt 4 threw: Command failed: node generate-daily.js
```
