# Daily run trace 2026-10-06-181956

Triggered by: schedule (actor=christopherlhicks29-create)
Run URL: https://github.com/christopherlhicks29-create/thiccctionary/actions/runs/37510185707
force_regenerate input: false
collision.proceed: true
Generate step ran: success
Verify step ran: SKIPPED
entry_written: NOT_SET

## generate-daily.js stdout
```
[retry-wrapper] target date: 2026-10-06
[retry-wrapper] subject override: (none, will use queue)
[retry-wrapper] queue length: 6

[retry-wrapper] ===== attempt 1/4 =====
Found 25 dead subject(s) in last 14 days; will avoid.
Subject queue: pulling "Fountain, Public Plaza" (6 item(s) before pull, 0 dropped as dup).
SUBJECT_OVERRIDE active: subject="Fountain, Public Plaza" query="large public plaza fountain" (source: queue)
Subject: Fountain, Public Plaza (query: "large public plaza fountain")
Subject "Fountain, Public Plaza" returned zero Unsplash results for query "large public plaza fountain". (attempt 1)
Fallback subject (#1): Thiccc Caterpillar D11T (query: "caterpillar dozer")
Found 4 candidate photos.
[photo-dedup] dropped 1 candidate(s) already used by another entry; 3 left.
Vision picked #1 of 3: This photo shows the full silhouette of the Caterpillar D11T against a clear background, emphasizing its thiccness.
Saved image to images/2026-10-06-thiccc-caterpillar-d11t.jpg
[webp] 2026-10-06-thiccc-caterpillar-d11t.jpg: 239KB -> 162KB (32% smaller)
Design critique: score=1/10, verdict=reject, NOT THE SUBJECT
[image-retry] image 1 scored 1 / subjectPct 12; trying another photo for "Thiccc Caterpillar D11T" (2 candidates left).
Vision picked #1 of 2: The aerial view emphasizes the full silhouette and girth of the D11T, making it the thiccest choice.
[webp] 2026-10-06-thiccc-caterpillar-d11t.jpg: 418KB -> 356KB (15% smaller)
Design critique: score=1/10, verdict=reject, NOT THE SUBJECT
[image-retry] image 2 scored 1 / subjectPct 18; trying another photo for "Thiccc Caterpillar D11T" (1 candidates left).
Vision rejected all 1 candidates: all candidates fail veto
GATE: critique flagged the image as unacceptable. Skipping before PR.
  score: 1  verdict: reject  subjectPct: 18  isSubject: false
  critique: The photo does not show a Caterpillar D11T bulldozer, but rather an excavator on a construction site. The subject is not the named object, leading to a rejection. The excavator is prominent in the frame, but it does not match the specified subject. The image is well-composed for what it depicts, but it fails the identity test.
[picker-learning] appended rejection to /home/runner/work/thiccctionary/thiccctionary/audits/picker-rejections.jsonl
[bail] critique gate: verdict=reject score=1 subjectPct=18 - subject "Thiccc Caterpillar D11T"
[bail] popped "Thiccc Caterpillar D11T" from queue. 5 item(s) remain.
[bail] logged to audits/dead-subjects/2026-10-06.md
[retry-wrapper] attempt 1 bailed (no NEW entry for 2026-10-06 yet). Queue now has 5 item(s).

[retry-wrapper] ===== attempt 2/4 =====
Found 24 dead subject(s) in last 14 days; will avoid.
Subject queue: pulling "Container, Shipping 40-Foot" (5 item(s) before pull, 0 dropped as dup).
SUBJECT_OVERRIDE active: subject="Container, Shipping 40-Foot" query="40 foot shipping container" (source: queue)
Subject: Container, Shipping 40-Foot (query: "40 foot shipping container")
Subject "Container, Shipping 40-Foot" returned zero Unsplash results for query "40 foot shipping container". (attempt 1)
Fallback subject (#1): Thiccc Caterpillar 797F (query: "Caterpillar 797F")
Subject "Thiccc Caterpillar 797F" returned zero Unsplash results for query "Caterpillar 797F". (attempt 2)
Fallback subject (#2): Thiccc Caterpillar 797F (query: "Caterpillar 797F")
Subject "Thiccc Caterpillar 797F" returned zero Unsplash results for query "Caterpillar 797F". (attempt 3)
Fallback subject (#3): Cement Mixer, Cat 882M (query: "cement mixer")
Found 7 candidate photos.
[photo-dedup] dropped 1 candidate(s) already used by another entry; 6 left.
Vision picked #5 of 6: this photo shows a full cement mixer silhouette against a clear sky, emphasizing its girth.
Saved image to images/2026-10-06-cement-mixer-cat-882m.jpg
[webp] 2026-10-06-cement-mixer-cat-882m.jpg: 166KB -> 98KB (41% smaller)
Design critique: score=1/10, verdict=reject, NOT THE SUBJECT
[image-retry] image 1 scored 1 / subjectPct undefined; trying another photo for "Cement Mixer, Cat 882M" (5 candidates left).
Vision picked #1 of 5: this photo showcases the full silhouette of a cement mixer with a strong presence against a dramatic background.
[webp] 2026-10-06-cement-mixer-cat-882m.jpg: 92KB -> 40KB (57% smaller)
Design critique: score=1/10, verdict=reject, NOT THE SUBJECT
[image-retry] image 2 scored 1 / subjectPct 64; trying another photo for "Cement Mixer, Cat 882M" (4 candidates left).
Vision picked #3 of 4: This photo shows a full cement mixer silhouette, emphasizing its girth and industrial design.
[webp] 2026-10-06-cement-mixer-cat-882m.jpg: 97KB -> 38KB (60% smaller)
Design critique: score=1/10, verdict=reject, NOT THE SUBJECT
GATE: critique flagged the image as unacceptable. Skipping before PR.
  score: 1  verdict: reject  subjectPct: 64  isSubject: false
  critique: The photo does not show a 'Cement Mixer, Cat 882M'. Instead, it depicts a robot sculpture made of metal parts. The subject does not match the named object, leading to a rejection. The composition is clear, but it is irrelevant as the subject is incorrect.
[picker-learning] appended rejection to /home/runner/work/thiccctionary/thiccctionary/audits/picker-rejections.jsonl
[bail] critique gate: verdict=reject score=1 subjectPct=64 - subject "Cement Mixer, Cat 882M"
[bail] popped "Cement Mixer, Cat 882M" from queue. 4 item(s) remain.
[bail] logged to audits/dead-subjects/2026-10-06.md
[retry-wrapper] attempt 2 bailed (no NEW entry for 2026-10-06 yet). Queue now has 4 item(s).

[retry-wrapper] ===== attempt 3/4 =====
Found 25 dead subject(s) in last 14 days; will avoid.
Subject queue: pulling "Drawbridge, Castle" (4 item(s) before pull, 0 dropped as dup).
SUBJECT_OVERRIDE active: subject="Drawbridge, Castle" query="castle drawbridge stone" (source: queue)
Subject: Drawbridge, Castle (query: "castle drawbridge stone")
Found 30 candidate photos.
Vision picked #5 of 12: This photo shows a robust drawbridge structure that emphasizes its thick, solid design.
Saved image to images/2026-10-06-drawbridge-castle.jpg
[webp] 2026-10-06-drawbridge-castle.jpg: 360KB -> 286KB (21% smaller)
Design critique: score=1/10, verdict=reject, NOT THE SUBJECT
[image-retry] image 1 scored 1 / subjectPct 64; trying another photo for "Drawbridge, Castle" (29 candidates left).
Vision picked #6 of 12: this photo showcases a robust castle structure with thick walls, emphasizing its girth and presence.
[webp] 2026-10-06-drawbridge-castle.jpg: 251KB -> 162KB (35% smaller)
Design critique: score=1/10, verdict=reject, NOT THE SUBJECT
[image-retry] image 2 scored 1 / subjectPct 48; trying another photo for "Drawbridge, Castle" (28 candidates left).
Vision picked #7 of 12: this photo shows a thick and substantial castle structure alongside a robust bridge, emphasizing girth and silhouette.
[webp] 2026-10-06-drawbridge-castle.jpg: 223KB -> 148KB (34% smaller)
Design critique: score=1/10, verdict=reject, NOT THE SUBJECT
GATE: critique flagged the image as unacceptable. Skipping before PR.
  score: 1  verdict: reject  subjectPct: 100  isSubject: false
  critique: The photo depicts Pulteney Bridge in Bath, not a drawbridge associated with a castle. The subject is misidentified, as Pulteney Bridge is a historic bridge with shops, not a drawbridge. The image is well-composed and clear, but it does not meet the criteria for the specified subject, 'Drawbridge, Castle.'
[picker-learning] appended rejection to /home/runner/work/thiccctionary/thiccctionary/audits/picker-rejections.jsonl
[bail] critique gate: verdict=reject score=1 subjectPct=100 - subject "Drawbridge, Castle"
[bail] popped "Drawbridge, Castle" from queue. 3 item(s) remain.
[bail] logged to audits/dead-subjects/2026-10-06.md
[retry-wrapper] attempt 3 bailed (no NEW entry for 2026-10-06 yet). Queue now has 3 item(s).

[retry-wrapper] ===== attempt 4/4 =====
Found 26 dead subject(s) in last 14 days; will avoid.
Subject queue: pulling "Crockpot, Slow Cooker Oval" (3 item(s) before pull, 0 dropped as dup).
SUBJECT_OVERRIDE active: subject="Crockpot, Slow Cooker Oval" query="oval slow cooker crockpot" (source: queue)
Subject: Crockpot, Slow Cooker Oval (query: "oval slow cooker crockpot")
Subject "Crockpot, Slow Cooker Oval" returned zero Unsplash results for query "oval slow cooker crockpot". (attempt 1)
Fallback subject (#1): Thiccc Caterpillar D11T Bulldozer (query: "Caterpillar D11T")
Subject "Thiccc Caterpillar D11T Bulldozer" returned zero Unsplash results for query "Caterpillar D11T". (attempt 2)
Fallback subject (#2): Thiccc Caterpillar 797F (query: "Caterpillar 797F")
Subject "Thiccc Caterpillar 797F" returned zero Unsplash results for query "Caterpillar 797F". (attempt 3)
Fallback subject (#3): Thiccc Caterpillar 797F (query: "Caterpillar 797F")
Subject "Thiccc Caterpillar 797F" returned zero Unsplash results for query "Caterpillar 797F". (attempt 4)
Last-resort: picking from safe pool → "Concrete Mixer Truck".
Found 3 candidate photos.
[photo-dedup] dropped 1 candidate(s) already used by another entry; 2 left.
Vision picked #1 of 2: This photo shows the full silhouette of the concrete mixer truck, emphasizing its girth and robust structure.
Saved image to images/2026-10-06-concrete-mixer-truck.jpg
[webp] 2026-10-06-concrete-mixer-truck.jpg: 112KB -> 58KB (48% smaller)
Design critique: score=1/10, verdict=reject, NOT THE SUBJECT
[image-retry] image 1 scored 1 / subjectPct 24; trying another photo for "Concrete Mixer Truck" (1 candidates left).
Vision picked #1 of 1: This photo shows the full silhouette of the concrete mixer truck, emphasizing its robust and thick structure.
[webp] 2026-10-06-concrete-mixer-truck.jpg: 141KB -> 76KB (46% smaller)
Design critique: score=1/10, verdict=reject, NOT THE SUBJECT
GATE: critique flagged the image as unacceptable. Skipping before PR.
  score: 1  verdict: reject  subjectPct: 10  isSubject: false
  critique: The photo does not depict a concrete mixer truck. Instead, it shows a truck with a large nozzle, possibly used for spraying, on a bridge. The composition is clear and well-framed, but it does not match the subject 'Concrete Mixer Truck.' The truck is not centered, and the bridge dominates the scene, making the truck less prominent.
[picker-learning] appended rejection to /home/runner/work/thiccctionary/thiccctionary/audits/picker-rejections.jsonl
[bail] critique gate: verdict=reject score=1 subjectPct=10 - subject "Concrete Mixer Truck"
[bail] popped "Concrete Mixer Truck" from queue. 2 item(s) remain.
[bail] logged to audits/dead-subjects/2026-10-06.md
[retry-wrapper] attempt 4 bailed (no NEW entry for 2026-10-06 yet). Queue now has 2 item(s).
[retry-wrapper] exhausted 4 attempts. No NEW entry landed for 2026-10-06.
```
