# Daily run trace 2026-10-06-162351

Triggered by: workflow_dispatch (actor=github-actions[bot])
Run URL: https://github.com/christopherlhicks29-create/thiccctionary/actions/runs/37495075363
force_regenerate input: false
collision.proceed: true
Generate step ran: success
Verify step ran: SKIPPED
entry_written: NOT_SET

## generate-daily.js stdout
```
[retry-wrapper] target date: 2026-10-06
[retry-wrapper] subject override: (none, will use queue)
[retry-wrapper] queue length: 6

[retry-wrapper] ===== attempt 1/4 =====
Found 25 dead subject(s) in last 14 days; will avoid.
Subject queue: pulling "Fountain, Public Plaza" (6 item(s) before pull, 0 dropped as dup).
SUBJECT_OVERRIDE active: subject="Fountain, Public Plaza" query="large public plaza fountain" (source: queue)
Subject: Fountain, Public Plaza (query: "large public plaza fountain")
Subject "Fountain, Public Plaza" returned zero Unsplash results for query "large public plaza fountain". (attempt 1)
Fallback subject (#1): Thiccc Titan II (query: "titan ii rocket")
Subject "Thiccc Titan II" returned zero Unsplash results for query "titan ii rocket". (attempt 2)
Fallback subject (#2): Thiccc Caterpillar D11 Dozer (query: "caterpillar dozer")
Found 4 candidate photos.
[photo-dedup] dropped 1 candidate(s) already used by another entry; 3 left.
Vision picked #1 of 3: This photo clearly shows the full silhouette of the D11 Dozer against a clean background, emphasizing its girth.
Saved image to images/2026-10-06-thiccc-caterpillar-d11-dozer.jpg
[webp] 2026-10-06-thiccc-caterpillar-d11-dozer.jpg: 239KB -> 162KB (32% smaller)
Design critique: score=1/10, verdict=reject, NOT THE SUBJECT
[image-retry] image 1 scored 1 / subjectPct 12; trying another photo for "Thiccc Caterpillar D11 Dozer" (2 candidates left).
Vision picked #1 of 2: The aerial view shows the full silhouette of the D11 Dozer, emphasizing its thiccness against the landscape.
[webp] 2026-10-06-thiccc-caterpillar-d11-dozer.jpg: 418KB -> 356KB (15% smaller)
Design critique: score=1/10, verdict=reject, NOT THE SUBJECT
[image-retry] image 2 scored 1 / subjectPct 12; trying another photo for "Thiccc Caterpillar D11 Dozer" (1 candidates left).
Vision rejected all 1 candidates: all candidates fail veto
GATE: critique flagged the image as unacceptable. Skipping before PR.
  score: 1  verdict: reject  subjectPct: 12  isSubject: false
  critique: The photo does not show a Caterpillar D11 Dozer; instead, it depicts an excavator on a construction site. The aerial view captures the machinery and surrounding area, but the subject is not the specified dozer. The composition is clear and well-framed, but it fails the identity test as it does not feature the correct type of machinery.
[picker-learning] appended rejection to /home/runner/work/thiccctionary/thiccctionary/audits/picker-rejections.jsonl
[bail] critique gate: verdict=reject score=1 subjectPct=12 - subject "Thiccc Caterpillar D11 Dozer"
[bail] popped "Thiccc Caterpillar D11 Dozer" from queue. 5 item(s) remain.
[bail] logged to audits/dead-subjects/2026-10-06.md
[retry-wrapper] attempt 1 bailed (no NEW entry for 2026-10-06 yet). Queue now has 5 item(s).

[retry-wrapper] ===== attempt 2/4 =====
Found 24 dead subject(s) in last 14 days; will avoid.
Subject queue: pulling "Container, Shipping 40-Foot" (5 item(s) before pull, 0 dropped as dup).
SUBJECT_OVERRIDE active: subject="Container, Shipping 40-Foot" query="40 foot shipping container" (source: queue)
Subject: Container, Shipping 40-Foot (query: "40 foot shipping container")
Subject "Container, Shipping 40-Foot" returned zero Unsplash results for query "40 foot shipping container". (attempt 1)
Fallback subject (#1): Thiccc Cement Mixer (query: "cement mixer")
Found 7 candidate photos.
[photo-dedup] dropped 1 candidate(s) already used by another entry; 6 left.
Vision picked #1 of 6: This photo shows a full cement mixer structure against a striking background, emphasizing its thicc silhouette.
Saved image to images/2026-10-06-thiccc-cement-mixer.jpg
[webp] 2026-10-06-thiccc-cement-mixer.jpg: 92KB -> 40KB (57% smaller)
Design critique: score=1/10, verdict=reject, NOT THE SUBJECT
[image-retry] image 1 scored 1 / subjectPct 64; trying another photo for "Thiccc Cement Mixer" (5 candidates left).
Vision picked #4 of 5: this photo shows a full cement mixer with a clear silhouette against a clean background, emphasizing its thicc shape.
[webp] 2026-10-06-thiccc-cement-mixer.jpg: 166KB -> 98KB (41% smaller)
Design critique: score=1/10, verdict=reject, NOT THE SUBJECT
[image-retry] image 2 scored 1 / subjectPct undefined; trying another photo for "Thiccc Cement Mixer" (4 candidates left).
Vision picked #1 of 4: This photo shows a full cement mixer structure, emphasizing its large and robust silhouette.
[webp] 2026-10-06-thiccc-cement-mixer.jpg: 154KB -> 84KB (45% smaller)
Design critique: score=1/10, verdict=reject, NOT THE SUBJECT
GATE: critique flagged the image as unacceptable. Skipping before PR.
  score: 1  verdict: reject  subjectPct: 100  isSubject: false
  critique: The photo depicts a cement factory building, not a cement mixer. The subject is incorrectly identified as a 'Thiccc Cement Mixer,' which is not visible in the image. The building is centered and well-framed, but it does not meet the criteria for the specified subject, leading to a rejection.
[picker-learning] appended rejection to /home/runner/work/thiccctionary/thiccctionary/audits/picker-rejections.jsonl
[bail] critique gate: verdict=reject score=1 subjectPct=100 - subject "Thiccc Cement Mixer"
[bail] popped "Thiccc Cement Mixer" from queue. 4 item(s) remain.
[bail] logged to audits/dead-subjects/2026-10-06.md
[retry-wrapper] attempt 2 bailed (no NEW entry for 2026-10-06 yet). Queue now has 4 item(s).

[retry-wrapper] ===== attempt 3/4 =====
Found 25 dead subject(s) in last 14 days; will avoid.
Subject queue: pulling "Drawbridge, Castle" (4 item(s) before pull, 0 dropped as dup).
SUBJECT_OVERRIDE active: subject="Drawbridge, Castle" query="castle drawbridge stone" (source: queue)
Subject: Drawbridge, Castle (query: "castle drawbridge stone")
Found 30 candidate photos.
Vision picked #5 of 12: This photo showcases a robust and grand drawbridge structure, emphasizing its impressive girth and silhouette.
Saved image to images/2026-10-06-drawbridge-castle.jpg
[webp] 2026-10-06-drawbridge-castle.jpg: 360KB -> 286KB (21% smaller)
Design critique: score=1/10, verdict=reject, NOT THE SUBJECT
[image-retry] image 1 scored 1 / subjectPct 64; trying another photo for "Drawbridge, Castle" (29 candidates left).
Vision picked #6 of 12: this photo shows a robust castle silhouette with a strong presence against the landscape.
[webp] 2026-10-06-drawbridge-castle.jpg: 251KB -> 162KB (35% smaller)
Design critique: score=1/10, verdict=reject, NOT THE SUBJECT
[image-retry] image 2 scored 1 / subjectPct 64; trying another photo for "Drawbridge, Castle" (28 candidates left).
Vision picked #7 of 12: This photo shows a substantial castle structure with a thick bridge, emphasizing its girth and silhouette.
[webp] 2026-10-06-drawbridge-castle.jpg: 223KB -> 148KB (34% smaller)
Design critique: score=1/10, verdict=reject, NOT THE SUBJECT
GATE: critique flagged the image as unacceptable. Skipping before PR.
  score: 1  verdict: reject  subjectPct: 64  isSubject: false
  critique: The photo depicts Pulteney Bridge, not a drawbridge associated with a castle. The subject 'Drawbridge, Castle' is not visible in this image. The bridge shown is a historic stone bridge with shops, which does not fit the criteria for a castle drawbridge. Therefore, the image does not meet the identity requirement for the subject and is unsuitable for the entry.
[picker-learning] appended rejection to /home/runner/work/thiccctionary/thiccctionary/audits/picker-rejections.jsonl
[bail] critique gate: verdict=reject score=1 subjectPct=64 - subject "Drawbridge, Castle"
[bail] popped "Drawbridge, Castle" from queue. 3 item(s) remain.
[bail] logged to audits/dead-subjects/2026-10-06.md
[retry-wrapper] attempt 3 bailed (no NEW entry for 2026-10-06 yet). Queue now has 3 item(s).

[retry-wrapper] ===== attempt 4/4 =====
Found 26 dead subject(s) in last 14 days; will avoid.
Subject queue: pulling "Crockpot, Slow Cooker Oval" (3 item(s) before pull, 0 dropped as dup).
SUBJECT_OVERRIDE active: subject="Crockpot, Slow Cooker Oval" query="oval slow cooker crockpot" (source: queue)
Subject: Crockpot, Slow Cooker Oval (query: "oval slow cooker crockpot")
Subject "Crockpot, Slow Cooker Oval" returned zero Unsplash results for query "oval slow cooker crockpot". (attempt 1)
Fallback subject (#1): Thiccc Bagger 393 (query: "Bagger 393")
Subject "Thiccc Bagger 393" returned zero Unsplash results for query "Bagger 393". (attempt 2)
Fallback subject (#2): Giant Pumpkin, Atlantic Giant (query: "giant pumpkin")
Subject "Giant Pumpkin, Atlantic Giant" returned zero Unsplash results for query "giant pumpkin". (attempt 3)
Fallback subject (#3): Thiccc Caterpillar 797F (query: "Caterpillar 797F")
Subject "Thiccc Caterpillar 797F" returned zero Unsplash results for query "Caterpillar 797F". (attempt 4)
Last-resort: picking from safe pool → "Concrete Mixer Truck".
Found 3 candidate photos.
[photo-dedup] dropped 1 candidate(s) already used by another entry; 2 left.
Vision picked #1 of 2: This photo shows the full silhouette of the concrete mixer truck, emphasizing its girth and robust design.
Saved image to images/2026-10-06-concrete-mixer-truck.jpg
[webp] 2026-10-06-concrete-mixer-truck.jpg: 112KB -> 58KB (48% smaller)
Design critique: score=1/10, verdict=reject, NOT THE SUBJECT
[image-retry] image 1 scored 1 / subjectPct 24; trying another photo for "Concrete Mixer Truck" (1 candidates left).
Vision picked #1 of 1: This photo shows the full silhouette of the concrete mixer truck, emphasizing its girth and robust design.
[webp] 2026-10-06-concrete-mixer-truck.jpg: 141KB -> 76KB (46% smaller)
Design critique: score=1/10, verdict=reject, NOT THE SUBJECT
GATE: critique flagged the image as unacceptable. Skipping before PR.
  score: 1  verdict: reject  subjectPct: 10  isSubject: false
  critique: The photo does not show a concrete mixer truck. Instead, it depicts a truck on a bridge that appears to be equipped with a water cannon, not a concrete mixer. The subject is not centered and is partially obscured by the bridge structure. The focus is on the bridge rather than the truck, making it unsuitable for the intended subject.
[picker-learning] appended rejection to /home/runner/work/thiccctionary/thiccctionary/audits/picker-rejections.jsonl
[bail] critique gate: verdict=reject score=1 subjectPct=10 - subject "Concrete Mixer Truck"
[bail] popped "Concrete Mixer Truck" from queue. 2 item(s) remain.
[bail] logged to audits/dead-subjects/2026-10-06.md
[retry-wrapper] attempt 4 bailed (no NEW entry for 2026-10-06 yet). Queue now has 2 item(s).
[retry-wrapper] exhausted 4 attempts. No NEW entry landed for 2026-10-06.
```
