# Daily run trace 2026-08-09-162109

Triggered by: workflow_dispatch (actor=christopherlhicks29-create)
Run URL: https://github.com/christopherlhicks29-create/thiccctionary/actions/runs/31323490501
force_regenerate input: false
collision.proceed: true
Generate step ran: success
Verify step ran: SKIPPED
entry_written: NOT_SET

## generate-daily.js stdout
```
[retry-wrapper] target date: 2026-08-09
[retry-wrapper] subject override: (none, will use queue)
[retry-wrapper] queue length: 11

[retry-wrapper] ===== attempt 1/4 =====
Found 23 dead subject(s) in last 14 days; will avoid.
Subject queue: pulling "Container, Shipping 40-Foot" (11 item(s) before pull, 0 dropped as dup).
SUBJECT_OVERRIDE active: subject="Container, Shipping 40-Foot" query="40 foot shipping container" (source: queue)
Subject: Container, Shipping 40-Foot (query: "40 foot shipping container")
Subject "Container, Shipping 40-Foot" returned zero Unsplash results for query "40 foot shipping container". (attempt 1)
Fallback subject (#1): Cement Mixer, Truck-Mounted (query: "cement mixer")
Found 9 candidate photos.
[photo-dedup] dropped 1 candidate(s) already used by another entry; 8 left.
Vision picked #5 of 8: this photo shows a full cement mixer truck in a clear setting, emphasizing its size and girth.
Saved image to images/2026-08-09-cement-mixer-truck-mounted.jpg
[webp] 2026-08-09-cement-mixer-truck-mounted.jpg: 166KB -> 99KB (41% smaller)
Design critique: score=1/10, verdict=reject, NOT THE SUBJECT
[image-retry] image 1 scored 1 / subjectPct undefined; trying another photo for "Cement Mixer, Truck-Mounted" (7 candidates left).
Vision rejected all 7 candidates: all candidates fail veto
GATE: critique flagged the image as unacceptable. Skipping before PR.
  score: 1  verdict: reject  subjectPct: undefined  isSubject: false
  critique: The photo does not show a truck-mounted cement mixer. Instead, it depicts an industrial facility with silos and buildings. The subject is not present in the image, making it unsuitable for the intended entry. The composition focuses on the facility rather than any specific machinery, leading to a rejection.
[picker-learning] appended rejection to /home/runner/work/thiccctionary/thiccctionary/audits/picker-rejections.jsonl
[bail] critique gate: verdict=reject score=1 subjectPct=undefined - subject "Cement Mixer, Truck-Mounted"
[bail] popped "Cement Mixer, Truck-Mounted" from queue. 10 item(s) remain.
[bail] logged to audits/dead-subjects/2026-08-09.md
[retry-wrapper] attempt 1 bailed (no NEW entry for 2026-08-09 yet). Queue now has 10 item(s).

[retry-wrapper] ===== attempt 2/4 =====
Found 21 dead subject(s) in last 14 days; will avoid.
Subject queue: pulling "Elephant, African Bull" (10 item(s) before pull, 0 dropped as dup).
SUBJECT_OVERRIDE active: subject="Elephant, African Bull" query="african elephant" (source: queue)
Subject: Elephant, African Bull (query: "african elephant")
Found 30 candidate photos.
Vision picked #2 of 12: This photo showcases the full silhouette of the elephant reaching for branches, emphasizing its girth and stature.
Saved image to images/2026-08-09-elephant-african-bull.jpg
[webp] 2026-08-09-elephant-african-bull.jpg: 282KB -> 204KB (28% smaller)
Design critique: score=1/10, verdict=reject, NOT THE SUBJECT
[image-retry] image 1 scored 1 / subjectPct 64; trying another photo for "Elephant, African Bull" (29 candidates left).
Vision picked #5 of 12: this photo shows the full silhouette of the elephant walking, emphasizing its girth and stature.
[webp] 2026-08-09-elephant-african-bull.jpg: 206KB -> 123KB (40% smaller)
Design critique: score=9/10, verdict=ship
[image-retry] an alternative photo passed the gate on try 2.
Humor critique: score=5/10, verdict=regenerate, weakest=definitions
  feedback: The entry suffers from multiple anti-pattern phrases like 'imposing presence' and 'unmatched girth,' which dilute its humor. The example sentence has a specific scene and a decent punchline, but the etymology lacks a strong kicker. Adding a surprise detail or a deadpan twist could elevate the entry.
Humor below threshold. Regenerating once with feedback.
Humor retry: score=7/10, verdict=ship
Model returned off-list category: "Natural Specimens". Marked Uncategorized.
Generated social captions:
  morning: Elephant, African Bull. Weighs up to 14,000 pounds—gravity seems optional.
  afternoon: An African Bull Elephant's ears can reach six feet—enough shade for a small picnic.
  evening: From the archives, Elephant, African Bull.
  reels: Trunk can hold 2.5 gallons of water—perfect for a splash.
Saved entry: Elephant, African Bull
Built entry page: entries/2026-08-09.html
Rebuilt prev entry page (2026-08-08) so its next-link points to today.
Per-tag feeds: 13 written (tags with 2+ entries)
RSS feed rebuilt with 118 entries + 54 articles.
Sitemap rebuilt with 118 entries.
Subject queue updated: 9 item(s) remaining.
[retry-wrapper] entry for 2026-08-09 landed on attempt 2.
```
