# Daily run trace 2026-10-10-172003

Triggered by: schedule (actor=christopherlhicks29-create)
Run URL: https://github.com/christopherlhicks29-create/thiccctionary/actions/runs/38071185450
force_regenerate input: false
collision.proceed: true
Generate step ran: success
Verify step ran: SKIPPED
entry_written: NOT_SET

## generate-daily.js stdout
```
[retry-wrapper] target date: 2026-10-10
[retry-wrapper] subject override: (none, will use queue)
[retry-wrapper] queue length: 5

[retry-wrapper] ===== attempt 1/4 =====
Found 25 dead subject(s) in last 14 days; will avoid.
Subject queue: pulling "Container, Shipping 40-Foot" (5 item(s) before pull, 0 dropped as dup).
SUBJECT_OVERRIDE active: subject="Container, Shipping 40-Foot" query="40 foot shipping container" (source: queue)
Subject: Container, Shipping 40-Foot (query: "40 foot shipping container")
Subject "Container, Shipping 40-Foot" returned zero Unsplash results for query "40 foot shipping container". (attempt 1)
Fallback subject (#1): Thiccc Caterpillar D11T (query: "bulldozer")
Found 9 candidate photos.
[photo-dedup] dropped 3 candidate(s) already used by another entry; 6 left.
Vision rejected all 6 candidates: all candidates fail veto
Picker rejected all candidates. Retrying with photography bias.
[photo-dedup] dropped 3 candidate(s) already used by another entry; 27 left.
Vision rejected all 12 candidates: all candidates fail veto
[bail] picker vetoed all candidates on both queries - subject "Thiccc Caterpillar D11T"
[bail] popped "Thiccc Caterpillar D11T" from queue. 4 item(s) remain.
[bail] logged to audits/dead-subjects/2026-10-10.md
[retry-wrapper] attempt 1 bailed (no NEW entry for 2026-10-10 yet). Queue now has 4 item(s).

[retry-wrapper] ===== attempt 2/4 =====
Found 24 dead subject(s) in last 14 days; will avoid.
Subject queue: pulling "Drawbridge, Castle" (4 item(s) before pull, 0 dropped as dup).
SUBJECT_OVERRIDE active: subject="Drawbridge, Castle" query="castle drawbridge stone" (source: queue)
Subject: Drawbridge, Castle (query: "castle drawbridge stone")
Subject "Drawbridge, Castle" returned zero Unsplash results for query "castle drawbridge stone". (attempt 1)
Fallback subject (#1): Thiccc Caterpillar 797F (query: "Caterpillar 797F")
Subject "Thiccc Caterpillar 797F" returned zero Unsplash results for query "Caterpillar 797F". (attempt 2)
Fallback subject (#2): Thiccc Caterpillar 797F Mining Truck (query: "mining truck")
Found 17 candidate photos.
[photo-dedup] dropped 2 candidate(s) already used by another entry; 15 left.
Vision rejected all 12 candidates: all candidates fail veto
Picker rejected all candidates. Retrying with photography bias.
[photo-dedup] dropped 1 candidate(s) already used by another entry; 29 left.
Vision rejected all 12 candidates: all candidates fail veto
[bail] picker vetoed all candidates on both queries - subject "Thiccc Caterpillar 797F Mining Truck"
[bail] popped "Thiccc Caterpillar 797F Mining Truck" from queue. 3 item(s) remain.
[bail] logged to audits/dead-subjects/2026-10-10.md
[retry-wrapper] attempt 2 bailed (no NEW entry for 2026-10-10 yet). Queue now has 3 item(s).

[retry-wrapper] ===== attempt 3/4 =====
Found 25 dead subject(s) in last 14 days; will avoid.
Subject queue: pulling "Crockpot, Slow Cooker Oval" (3 item(s) before pull, 0 dropped as dup).
SUBJECT_OVERRIDE active: subject="Crockpot, Slow Cooker Oval" query="oval slow cooker crockpot" (source: queue)
Subject: Crockpot, Slow Cooker Oval (query: "oval slow cooker crockpot")
Subject "Crockpot, Slow Cooker Oval" returned zero Unsplash results for query "oval slow cooker crockpot". (attempt 1)
Fallback subject (#1): Thiccc McLaren P1 GTR (query: "McLaren P1 GTR")
Found 6 candidate photos.
Vision picked #1 of 6: this photo shows the full silhouette of the McLaren P1 GTR against a clear background, emphasizing its overall girth and design.
Saved image to images/2026-10-10-thiccc-mclaren-p1-gtr.jpg
[webp] 2026-10-10-thiccc-mclaren-p1-gtr.jpg: 161KB -> 82KB (49% smaller)
Design critique: score=1/10, verdict=reject, NOT THE SUBJECT
[image-retry] image 1 scored 1 / subjectPct 48; trying another photo for "Thiccc McLaren P1 GTR" (5 candidates left).
Vision picked #2 of 5: this photo shows the full silhouette of the McLaren P1 GTR against a clean background, emphasizing its thiccness.
[webp] 2026-10-10-thiccc-mclaren-p1-gtr.jpg: 131KB -> 57KB (56% smaller)
Design critique: score=1/10, verdict=reject, NOT THE SUBJECT
[image-retry] image 2 scored 1 / subjectPct 48; trying another photo for "Thiccc McLaren P1 GTR" (4 candidates left).
Vision rejected all 4 candidates: all candidates fail veto
GATE: critique flagged the image as unacceptable. Skipping before PR.
  score: 1  verdict: reject  subjectPct: 48  isSubject: false
  critique: The photo does not show the named object, 'Thiccc McLaren P1 GTR,' but instead depicts a white McLaren sports car. The subject is well-framed and centered, with a clear focus on the car against a vibrant background. However, since the car is not the specified model, the image cannot be used for the intended entry. The composition and lighting are good, but the identity mismatch necessitates rejection.
[picker-learning] appended rejection to /home/runner/work/thiccctionary/thiccctionary/audits/picker-rejections.jsonl
[bail] critique gate: verdict=reject score=1 subjectPct=48 - subject "Thiccc McLaren P1 GTR"
[bail] popped "Thiccc McLaren P1 GTR" from queue. 2 item(s) remain.
[bail] logged to audits/dead-subjects/2026-10-10.md
[retry-wrapper] attempt 3 bailed (no NEW entry for 2026-10-10 yet). Queue now has 2 item(s).

[retry-wrapper] ===== attempt 4/4 =====
Found 26 dead subject(s) in last 14 days; will avoid.
Subject queue: pulling "Crab, King Alaskan" (2 item(s) before pull, 0 dropped as dup).
SUBJECT_OVERRIDE active: subject="Crab, King Alaskan" query="king crab alaskan leg" (source: queue)
Subject: Crab, King Alaskan (query: "king crab alaskan leg")
Subject "Crab, King Alaskan" returned zero Unsplash results for query "king crab alaskan leg". (attempt 1)
Fallback subject (#1): Thiccc Rigid-Hulled Inflatable Boat (query: "rigid-hulled inflatable boat")
Found 30 candidate photos.
Vision picked #5 of 12: this photo shows a rigid-hulled inflatable boat with a full silhouette and multiple people, emphasizing its size and girth.
Saved image to images/2026-10-10-thiccc-rigid-hulled-inflatable-boat.jpg
[webp] 2026-10-10-thiccc-rigid-hulled-inflatable-boat.jpg: 173KB -> 105KB (39% smaller)
Design critique: score=7/10, verdict=needs-review
[image-retry] image 1 scored 7 / subjectPct 12; trying another photo for "Thiccc Rigid-Hulled Inflatable Boat" (29 candidates left).
Vision picked #3 of 12: this photo shows multiple inflatable boats, emphasizing their bulk and girth in a playful arrangement.
[webp] 2026-10-10-thiccc-rigid-hulled-inflatable-boat.jpg: 258KB -> 169KB (34% smaller)
Design critique: score=1/10, verdict=reject, NOT THE SUBJECT
[image-retry] image 2 scored 1 / subjectPct 9; trying another photo for "Thiccc Rigid-Hulled Inflatable Boat" (28 candidates left).
Vision rejected all 12 candidates: all candidates fail veto
GATE: critique flagged the image as unacceptable. Skipping before PR.
  score: 1  verdict: reject  subjectPct: 9  isSubject: false
  critique: The photo primarily shows multiple blue inflatable rafts and one red boat docked on water, but it does not focus on a single 'Thiccc Rigid-Hulled Inflatable Boat.' The subject is not clearly identifiable as the specific object named. The composition includes several rafts, which distracts from any single subject focus, and the framing does not isolate a thiccc example of a rigid-hulled inflatable boat. Therefore, the image does not meet the criteria for the specified subject.
[picker-learning] appended rejection to /home/runner/work/thiccctionary/thiccctionary/audits/picker-rejections.jsonl
[bail] critique gate: verdict=reject score=1 subjectPct=9 - subject "Thiccc Rigid-Hulled Inflatable Boat"
[bail] popped "Thiccc Rigid-Hulled Inflatable Boat" from queue. 1 item(s) remain.
[bail] logged to audits/dead-subjects/2026-10-10.md
[retry-wrapper] attempt 4 bailed (no NEW entry for 2026-10-10 yet). Queue now has 1 item(s).
[retry-wrapper] exhausted 4 attempts. No NEW entry landed for 2026-10-10.
```
