# Daily run trace 2026-10-03-193639

Triggered by: workflow_dispatch (actor=github-actions[bot])
Run URL: https://github.com/christopherlhicks29-create/thiccctionary/actions/runs/37148404059
force_regenerate input: false
collision.proceed: true
Generate step ran: success
Verify step ran: SKIPPED
entry_written: NOT_SET

## generate-daily.js stdout
```
[retry-wrapper] target date: 2026-10-03
[retry-wrapper] subject override: (none, will use queue)
[retry-wrapper] queue length: 5

[retry-wrapper] ===== attempt 1/4 =====
Found 27 dead subject(s) in last 14 days; will avoid.
Subject queue: dropping "Door, Bank Vault Round" - duplicates catalogued "Vault Door, Bank".
Subject queue: pulling "Container, Shipping 40-Foot" (5 item(s) before pull, 1 dropped as dup).
SUBJECT_OVERRIDE active: subject="Container, Shipping 40-Foot" query="40 foot shipping container" (source: queue)
Subject: Container, Shipping 40-Foot (query: "40 foot shipping container")
Subject "Container, Shipping 40-Foot" returned zero Unsplash results for query "40 foot shipping container". (attempt 1)
Fallback subject (#1): Thiccc An-225 Mriya (query: "Antonov An-225")
Found 30 candidate photos.
Vision rejected all 12 candidates: all candidates fail veto
Picker rejected all candidates. Retrying with photography bias.
Vision rejected all 12 candidates: all candidates fail veto
[bail] picker vetoed all candidates on both queries - subject "Thiccc An-225 Mriya"
[bail] popped "Thiccc An-225 Mriya" from queue. 3 item(s) remain.
[bail] logged to audits/dead-subjects/2026-10-03.md
[retry-wrapper] attempt 1 bailed (no NEW entry for 2026-10-03 yet). Queue now has 3 item(s).

[retry-wrapper] ===== attempt 2/4 =====
Found 25 dead subject(s) in last 14 days; will avoid.
Subject queue: pulling "Beach Ball, Giant Inflatable" (3 item(s) before pull, 0 dropped as dup).
SUBJECT_OVERRIDE active: subject="Beach Ball, Giant Inflatable" query="giant inflatable beach ball" (source: queue)
Subject: Beach Ball, Giant Inflatable (query: "giant inflatable beach ball")
Found 7 candidate photos.
Vision picked #5 of 7: this photo features a giant inflatable beach ball prominently against a clear background, emphasizing its size and shape.
Saved image to images/2026-10-03-beach-ball-giant-inflatable.jpg
[webp] 2026-10-03-beach-ball-giant-inflatable.jpg: 244KB -> 149KB (39% smaller)
Design critique: score=1/10, verdict=reject, NOT THE SUBJECT
[image-retry] image 1 scored 1 / subjectPct 16; trying another photo for "Beach Ball, Giant Inflatable" (6 candidates left).
Vision picked #1 of 6: This photo prominently features the giant beach ball, emphasizing its size and girth against a clear background.
[webp] 2026-10-03-beach-ball-giant-inflatable.jpg: 314KB -> 225KB (29% smaller)
Design critique: score=1/10, verdict=reject, NOT THE SUBJECT
[image-retry] image 2 scored 1 / subjectPct 16; trying another photo for "Beach Ball, Giant Inflatable" (5 candidates left).
Vision rejected all 5 candidates: all candidates fail veto
GATE: critique flagged the image as unacceptable. Skipping before PR.
  score: 1  verdict: reject  subjectPct: 16  isSubject: false
  critique: The photo does not show a 'Giant Inflatable Beach Ball' as specified. Instead, it depicts a person holding a regular-sized beach ball. The subject is not centered, and the person's body is prominent in the frame, which distracts from the intended subject. The image does not fit the brand's requirement for a documentary-style photo of the object itself. Additionally, the beach ball does not appear oversized for its kind, failing the girth test.
[picker-learning] appended rejection to /home/runner/work/thiccctionary/thiccctionary/audits/picker-rejections.jsonl
[bail] critique gate: verdict=reject score=1 subjectPct=16 - subject "Beach Ball, Giant Inflatable"
[bail] popped "Beach Ball, Giant Inflatable" from queue. 2 item(s) remain.
[bail] logged to audits/dead-subjects/2026-10-03.md
[retry-wrapper] attempt 2 bailed (no NEW entry for 2026-10-03 yet). Queue now has 2 item(s).

[retry-wrapper] ===== attempt 3/4 =====
Found 26 dead subject(s) in last 14 days; will avoid.
Subject queue: pulling "Burger, Quadruple Stack" (2 item(s) before pull, 0 dropped as dup).
SUBJECT_OVERRIDE active: subject="Burger, Quadruple Stack" query="quadruple stack burger" (source: queue)
Subject: Burger, Quadruple Stack (query: "quadruple stack burger")
Subject "Burger, Quadruple Stack" returned zero Unsplash results for query "quadruple stack burger". (attempt 1)
Fallback subject (#1): Bagger 293 (query: "Bagger 293")
Found 30 candidate photos.
[photo-dedup] dropped 1 candidate(s) already used by another entry; 29 left.
Vision picked #1 of 12: This photo shows the full structure of the Bagger 293, emphasizing its massive girth and silhouette.
Saved image to images/2026-10-03-bagger-293.jpg
[webp] 2026-10-03-bagger-293.jpg: 220KB -> 132KB (40% smaller)
Design critique: score=1/10, verdict=reject, NOT THE SUBJECT
[image-retry] image 1 scored 1 / subjectPct 64; trying another photo for "Bagger 293" (28 candidates left).
Vision picked #2 of 12: this photo shows the Bagger 293's massive scale and girth from an aerial perspective.
[webp] 2026-10-03-bagger-293.jpg: 418KB -> 356KB (15% smaller)
Design critique: score=1/10, verdict=reject, NOT THE SUBJECT
[image-retry] image 2 scored 1 / subjectPct 13; trying another photo for "Bagger 293" (27 candidates left).
Vision picked #3 of 12: this photo shows the full silhouette of the Bagger 293 with a strong emphasis on its massive structure.
[webp] 2026-10-03-bagger-293.jpg: 241KB -> 158KB (35% smaller)
Design critique: score=1/10, verdict=reject, NOT THE SUBJECT
GATE: critique flagged the image as unacceptable. Skipping before PR.
  score: 1  verdict: reject  subjectPct: 100  isSubject: false
  critique: The photo depicts an old coal crane, not the Bagger 293, which is a massive bucket-wheel excavator. The crane is well-framed and clearly the focal point, but it does not match the subject description. The image is documentary in style and free of clutter, but since the subject is incorrect, it cannot be accepted.
[picker-learning] appended rejection to /home/runner/work/thiccctionary/thiccctionary/audits/picker-rejections.jsonl
[bail] critique gate: verdict=reject score=1 subjectPct=100 - subject "Bagger 293"
[bail] popped "Bagger 293" from queue. 1 item(s) remain.
[bail] logged to audits/dead-subjects/2026-10-03.md
[retry-wrapper] attempt 3 bailed (no NEW entry for 2026-10-03 yet). Queue now has 1 item(s).

[retry-wrapper] ===== attempt 4/4 =====
Found 27 dead subject(s) in last 14 days; will avoid.
Subject queue: pulling "Fountain, Public Plaza" (1 item(s) before pull, 0 dropped as dup).
SUBJECT_OVERRIDE active: subject="Fountain, Public Plaza" query="large public plaza fountain" (source: queue)
Subject: Fountain, Public Plaza (query: "large public plaza fountain")
Subject "Fountain, Public Plaza" returned zero Unsplash results for query "large public plaza fountain". (attempt 1)
Fallback subject (#1): Thiccc Silo, Grain Storage (query: "grain silo")
Found 30 candidate photos.
[photo-dedup] dropped 1 candidate(s) already used by another entry; 29 left.
Vision picked #1 of 12: This photo prominently features large silos with a striking visual presence, emphasizing their thicc silhouette.
Saved image to images/2026-10-03-thiccc-silo-grain-storage.jpg
[webp] 2026-10-03-thiccc-silo-grain-storage.jpg: 205KB -> 120KB (42% smaller)
Design critique: score=9/10, verdict=ship
Humor critique: score=8/10, verdict=ship, weakest=etymology
  feedback: The example sentence is vivid and ends on a comedic beat with 'The horizon had to adjust.' The etymology could use a stronger kicker beyond the factual explanation of the extra 'c's. Overall, the entry is specific and lands well, but a more deadpan etymology would elevate it further.
Generated social captions:
  morning: Thiccc Silo. 100 feet tall, 30 feet wide.
  afternoon: Thiccc Silo. Capacity: 500,000 bushels.
  evening: From the archives, Thiccc Silo, Grain Storage.
  reels: Thiccc Silo. Built to endure and enthrall.
[bail] final dup-guard: "Thiccc Silo, Grain Storage" duplicates catalogued "Silo, Grain Concrete" - subject "Thiccc Silo, Grain Storage"
[bail] popped "Thiccc Silo, Grain Storage" from queue. 0 item(s) remain.
[bail] logged to audits/dead-subjects/2026-10-03.md
[retry-wrapper] attempt 4 bailed (no NEW entry for 2026-10-03 yet). Queue now has 0 item(s).
[retry-wrapper] exhausted 4 attempts. No NEW entry landed for 2026-10-03.
```
