# Daily run trace 2026-09-12-233351

Triggered by: workflow_dispatch (actor=github-actions[bot])
Run URL: https://github.com/christopherlhicks29-create/thiccctionary/actions/runs/34725669361
force_regenerate input: false
collision.proceed: true
Generate step ran: success
Verify step ran: SKIPPED
entry_written: NOT_SET

## generate-daily.js stdout
```
[retry-wrapper] target date: 2026-09-12
[retry-wrapper] subject override: (none, will use queue)
[retry-wrapper] queue length: 10

[retry-wrapper] ===== attempt 1/4 =====
Found 31 dead subject(s) in last 14 days; will avoid.
Subject queue: pulling "Wheelbarrow, Steel Garden" (10 item(s) before pull, 0 dropped as dup).
SUBJECT_OVERRIDE active: subject="Wheelbarrow, Steel Garden" query="steel garden wheelbarrow" (source: queue)
Subject: Wheelbarrow, Steel Garden (query: "steel garden wheelbarrow")
Subject "Wheelbarrow, Steel Garden" returned zero Unsplash results for query "steel garden wheelbarrow". (attempt 1)
Fallback subject (#1): Thiccc Coal Bunker (query: "coal bunker")
Subject "Thiccc Coal Bunker" returned zero Unsplash results for query "coal bunker". (attempt 2)
Fallback subject (#2): Thiccc Jet Cargo Aircraft (query: "cargo aircraft")
Found 30 candidate photos.
[photo-dedup] dropped 1 candidate(s) already used by another entry; 29 left.
Vision picked #8 of 12: This photo shows the full silhouette of a cargo aircraft, emphasizing its thiccness and robust design.
Saved image to images/2026-09-12-thiccc-jet-cargo-aircraft.jpg
[webp] 2026-09-12-thiccc-jet-cargo-aircraft.jpg: 136KB -> 70KB (49% smaller)
Design critique: score=9/10, verdict=ship
[image-retry] image 1 scored 9 / subjectPct 20; trying another photo for "Thiccc Jet Cargo Aircraft" (28 candidates left).
Vision picked #5 of 12: this photo shows the full front view of a cargo aircraft, emphasizing its thick silhouette and girth.
[webp] 2026-09-12-thiccc-jet-cargo-aircraft.jpg: 245KB -> 137KB (44% smaller)
Design critique: score=8/10, verdict=ship
[image-retry] an alternative photo passed the gate on try 2.
Humor critique: score=7/10, verdict=ship, weakest=example
  feedback: The entry lands well with a solid etymology kicker that humorously compares the aircraft to a brick. The example sentence lacks a punchline tag, which could elevate the humor. Consider adding a specific scene or a comedic beat to the example for a stronger finish.
Generated social captions:
  morning: Thiccc Jet Cargo Aircraft.
  afternoon: Max takeoff weight: 1.2 million pounds.
  evening: From the archives, Thiccc Jet Cargo Aircraft.
  reels: Cargo capacity: 26,000 cubic feet.
Saved entry: Thiccc Jet Cargo Aircraft
Built entry page: entries/2026-09-12.html
Rebuilt prev entry page (2026-09-11) so its next-link points to today.
[rss] image not on disk, falling back to og-default: https://camo.githubusercontent.com/32976a9866eefe86c660e06e4f89c42d15c4f2f6657b04819519608839dfaea4/68747470733a2f2f696d616765732e756e73706c6173682e636f6d2f70686f746f2d313536313438363436322d3839383334613033636237323f773d38303026683d383030266669743d63726f7026666d3d6a706726713d3730
[rss] image not on disk, falling back to og-default: https://camo.githubusercontent.com/32976a9866eefe86c660e06e4f89c42d15c4f2f6657b04819519608839dfaea4/68747470733a2f2f696d616765732e756e73706c6173682e636f6d2f70686f746f2d313536313438363436322d3839383334613033636237323f773d38303026683d383030266669743d63726f7026666d3d6a706726713d3730
Per-tag feeds: 13 written (tags with 2+ entries)
RSS feed rebuilt with 150 entries + 63 articles.
Sitemap rebuilt with 150 entries.
Subject queue updated: 9 item(s) remaining.
[retry-wrapper] entry for 2026-09-12 landed on attempt 1.
```
