# Daily run trace 2026-08-06-102819

Triggered by: workflow_dispatch (actor=github-actions[bot])
Run URL: https://github.com/christopherlhicks29-create/thiccctionary/actions/runs/31093210632
force_regenerate input: false
collision.proceed: true
Generate step ran: success
Verify step ran: SKIPPED
entry_written: NOT_SET

## generate-daily.js stdout
```
[retry-wrapper] target date: 2026-08-06
[retry-wrapper] subject override: (none, will use queue)
[retry-wrapper] queue length: 5

[retry-wrapper] ===== attempt 1/4 =====
Found 23 dead subject(s) in last 14 days; will avoid.
Subject queue: pulling "Gong, Chinese Brass" (5 item(s) before pull, 0 dropped as dup).
SUBJECT_OVERRIDE active: subject="Gong, Chinese Brass" query="chinese brass gong large" (source: queue)
Subject: Gong, Chinese Brass (query: "chinese brass gong large")
Subject "Gong, Chinese Brass" returned zero Unsplash results for query "chinese brass gong large". (attempt 1)
Fallback subject (#1): Titan, Quarry Hauler (query: "quarry hauler")
Found 30 candidate photos.
[photo-dedup] dropped 1 candidate(s) already used by another entry; 29 left.
Vision picked #1 of 12: This photo shows the quarry hauler in full view, emphasizing its robust and thick silhouette.
Saved image to images/2026-08-06-titan-quarry-hauler.jpg
[webp] 2026-08-06-titan-quarry-hauler.jpg: 113KB -> 59KB (48% smaller)
Design critique: score=1/10, verdict=reject, NOT THE SUBJECT
[image-retry] image 1 scored 1 / subjectPct 24; trying another photo for "Titan, Quarry Hauler" (28 candidates left).
Vision picked #1 of 12: this photo shows the full front of the Titan, emphasizing its robust and wide silhouette.
[webp] 2026-08-06-titan-quarry-hauler.jpg: 250KB -> 165KB (34% smaller)
Design critique: score=1/10, verdict=reject, NOT THE SUBJECT
[image-retry] image 2 scored 1 / subjectPct 64; trying another photo for "Titan, Quarry Hauler" (27 candidates left).
Vision picked #12 of 12: this photo shows a full-size quarry hauler in motion, emphasizing its large and robust silhouette.
[webp] 2026-08-06-titan-quarry-hauler.jpg: 171KB -> 87KB (49% smaller)
Design critique: score=1/10, verdict=reject, NOT THE SUBJECT
GATE: critique flagged the image as unacceptable. Skipping before PR.
  score: 1  verdict: reject  subjectPct: 64  isSubject: false
  critique: The photo does not show a 'Titan, Quarry Hauler', which is a specific type of large mining truck. Instead, it depicts a standard road truck, which does not match the subject description. The composition is clear and well-framed, but it fails the identity test as it does not show the named object. Therefore, the image is unsuitable for the intended entry.
[picker-learning] appended rejection to /home/runner/work/thiccctionary/thiccctionary/audits/picker-rejections.jsonl
[bail] critique gate: verdict=reject score=1 subjectPct=64 - subject "Titan, Quarry Hauler"
[bail] popped "Titan, Quarry Hauler" from queue. 4 item(s) remain.
[bail] logged to audits/dead-subjects/2026-08-06.md
[retry-wrapper] attempt 1 bailed (no NEW entry for 2026-08-06 yet). Queue now has 4 item(s).

[retry-wrapper] ===== attempt 2/4 =====
Found 23 dead subject(s) in last 14 days; will avoid.
Subject queue: dropping "Bass, Upright Acoustic" - duplicates catalogued "Double Bass, Upright".
Subject queue: pulling "Crockpot, Slow Cooker Oval" (4 item(s) before pull, 1 dropped as dup).
SUBJECT_OVERRIDE active: subject="Crockpot, Slow Cooker Oval" query="oval slow cooker crockpot" (source: queue)
Subject: Crockpot, Slow Cooker Oval (query: "oval slow cooker crockpot")
Subject "Crockpot, Slow Cooker Oval" returned zero Unsplash results for query "oval slow cooker crockpot". (attempt 1)
Fallback subject (#1): Turbine, Gas-Fired (query: "gas turbine")
Found 30 candidate photos.
Vision picked #8 of 12: this photo shows a gas turbine engine with its full structure visible, emphasizing its robust girth.
Saved image to images/2026-08-06-turbine-gas-fired.jpg
[webp] 2026-08-06-turbine-gas-fired.jpg: 126KB -> 68KB (46% smaller)
Design critique: score=1/10, verdict=reject, NOT THE SUBJECT
[image-retry] image 1 scored 1 / subjectPct 64; trying another photo for "Turbine, Gas-Fired" (29 candidates left).
Vision picked #7 of 12: this photo shows a large, robust gas turbine with visible girth and mechanical complexity.
[webp] 2026-08-06-turbine-gas-fired.jpg: 304KB -> 197KB (35% smaller)
Design critique: score=1/10, verdict=reject, NOT THE SUBJECT
[image-retry] image 2 scored 1 / subjectPct 64; trying another photo for "Turbine, Gas-Fired" (28 candidates left).
Vision picked #10 of 12: this photo shows a gas turbine with a robust silhouette and ample girth.
[webp] 2026-08-06-turbine-gas-fired.jpg: 308KB -> 210KB (32% smaller)
Design critique: score=1/10, verdict=reject, NOT THE SUBJECT
GATE: critique flagged the image as unacceptable. Skipping before PR.
  score: 1  verdict: reject  subjectPct: 56  isSubject: false
  critique: The photo does not depict a gas-fired turbine but rather a large metal structure that resembles a sci-fi prop or robot. The subject is not a real turbine, failing the identity test. The composition is visually interesting but not suitable for the intended subject. The setting is cluttered with other elements, making it difficult to focus on the supposed subject. The image should be rejected as it does not meet the criteria for a gas-fired turbine.
[picker-learning] appended rejection to /home/runner/work/thiccctionary/thiccctionary/audits/picker-rejections.jsonl
[bail] critique gate: verdict=reject score=1 subjectPct=56 - subject "Turbine, Gas-Fired"
[bail] popped "Turbine, Gas-Fired" from queue. 2 item(s) remain.
[bail] logged to audits/dead-subjects/2026-08-06.md
[retry-wrapper] attempt 2 bailed (no NEW entry for 2026-08-06 yet). Queue now has 2 item(s).

[retry-wrapper] ===== attempt 3/4 =====
Found 24 dead subject(s) in last 14 days; will avoid.
Subject queue: dropping "Stone, Megalith Standing" - duplicates catalogued "Atlas Stone, Strongman".
Subject queue: pulling "Stew, Cast Iron Dutch" (2 item(s) before pull, 1 dropped as dup).
SUBJECT_OVERRIDE active: subject="Stew, Cast Iron Dutch" query="dutch oven stew cast iron" (source: queue)
Subject: Stew, Cast Iron Dutch (query: "dutch oven stew cast iron")
Subject "Stew, Cast Iron Dutch" returned zero Unsplash results for query "dutch oven stew cast iron". (attempt 1)
Fallback subject (#1): Bagger 293 (query: "Bagger 293")
Found 30 candidate photos.
[photo-dedup] dropped 1 candidate(s) already used by another entry; 29 left.
Vision picked #1 of 12: This photo shows the full silhouette of the Bagger 293, emphasizing its massive girth and industrial presence.
Saved image to images/2026-08-06-bagger-293.jpg
[webp] 2026-08-06-bagger-293.jpg: 220KB -> 132KB (40% smaller)
Design critique: score=1/10, verdict=reject, NOT THE SUBJECT
[image-retry] image 1 scored 1 / subjectPct 48; trying another photo for "Bagger 293" (28 candidates left).
Vision picked #2 of 12: this photo shows the Bagger 293's massive silhouette clearly against the landscape, emphasizing its girth.
[webp] 2026-08-06-bagger-293.jpg: 418KB -> 355KB (15% smaller)
Design critique: score=1/10, verdict=reject, NOT THE SUBJECT
[image-retry] image 2 scored 1 / subjectPct 13; trying another photo for "Bagger 293" (27 candidates left).
Vision picked #10 of 12: this photo shows the full silhouette of a large crane, emphasizing its substantial girth and industrial presence.
[webp] 2026-08-06-bagger-293.jpg: 141KB -> 72KB (49% smaller)
Design critique: score=1/10, verdict=reject, NOT THE SUBJECT
GATE: critique flagged the image as unacceptable. Skipping before PR.
  score: 1  verdict: reject  subjectPct: 40  isSubject: false
  critique: The photo does not show the Bagger 293, which is a massive bucket-wheel excavator. Instead, it depicts a large industrial crane in a port setting. The crane is centered and prominent, but it is not the subject specified. The image is clear and well-composed for what it shows, but it does not meet the criteria for the specified subject.
[picker-learning] appended rejection to /home/runner/work/thiccctionary/thiccctionary/audits/picker-rejections.jsonl
[bail] critique gate: verdict=reject score=1 subjectPct=40 - subject "Bagger 293"
[bail] popped "Bagger 293" from queue. 0 item(s) remain.
[bail] logged to audits/dead-subjects/2026-08-06.md
[retry-wrapper] attempt 3 bailed (no NEW entry for 2026-08-06 yet). Queue now has 0 item(s).

[retry-wrapper] ===== attempt 4/4 =====
[retry-wrapper] queue empty and no override - stopping retries.
[retry-wrapper] exhausted 4 attempts. No NEW entry landed for 2026-08-06.
```
