# Daily run trace 2026-09-29-091557

Triggered by: workflow_dispatch (actor=github-actions[bot])
Run URL: https://github.com/christopherlhicks29-create/thiccctionary/actions/runs/36547742693
force_regenerate input: false
collision.proceed: true
Generate step ran: success
Verify step ran: SKIPPED
entry_written: NOT_SET

## generate-daily.js stdout
```
[retry-wrapper] target date: 2026-09-29
[retry-wrapper] subject override: (none, will use queue)
[retry-wrapper] queue length: 5

[retry-wrapper] ===== attempt 1/4 =====
Found 26 dead subject(s) in last 14 days; will avoid.
Subject queue: pulling "Burger, Quadruple Stack" (5 item(s) before pull, 0 dropped as dup).
SUBJECT_OVERRIDE active: subject="Burger, Quadruple Stack" query="quadruple stack burger" (source: queue)
Subject: Burger, Quadruple Stack (query: "quadruple stack burger")
Subject "Burger, Quadruple Stack" returned zero Unsplash results for query "quadruple stack burger". (attempt 1)
Fallback subject (#1): Titan, Giant Excavator (query: "excavator")
Found 14 candidate photos.
[photo-dedup] dropped 3 candidate(s) already used by another entry; 11 left.
Vision picked #3 of 11: this photo shows the excavator's full silhouette against the ground, emphasizing its size and girth.
Saved image to images/2026-09-29-titan-giant-excavator.jpg
[webp] 2026-09-29-titan-giant-excavator.jpg: 418KB -> 356KB (15% smaller)
Design critique: score=1/10, verdict=reject, NOT THE SUBJECT
[image-retry] image 1 scored 1 / subjectPct 24; trying another photo for "Titan, Giant Excavator" (10 candidates left).
Vision picked #4 of 10: this photo shows a giant excavator actively demolishing a building, emphasizing its size and girth.
[webp] 2026-09-29-titan-giant-excavator.jpg: 401KB -> 307KB (23% smaller)
Design critique: score=1/10, verdict=reject, NOT THE SUBJECT
[image-retry] image 2 scored 1 / subjectPct 48; trying another photo for "Titan, Giant Excavator" (9 candidates left).
Vision picked #1 of 9: this photo shows the excavator's full silhouette and emphasizes its size and girth.
[webp] 2026-09-29-titan-giant-excavator.jpg: 213KB -> 126KB (41% smaller)
Design critique: score=1/10, verdict=reject, NOT THE SUBJECT
GATE: critique flagged the image as unacceptable. Skipping before PR.
  score: 1  verdict: reject  subjectPct: 48  isSubject: false
  critique: The photo shows a standard excavator, not a 'Titan, Giant Excavator' as specified. The excavator appears to be a typical model, not unusually large or imposing for its kind. The framing is decent, and the subject is clear, but it does not meet the criteria for the specified subject. The presence of a person inside the cab is incidental and does not detract from the focus on the machine itself.
[picker-learning] appended rejection to /home/runner/work/thiccctionary/thiccctionary/audits/picker-rejections.jsonl
[bail] critique gate: verdict=reject score=1 subjectPct=48 - subject "Titan, Giant Excavator"
[bail] popped "Titan, Giant Excavator" from queue. 4 item(s) remain.
[bail] logged to audits/dead-subjects/2026-09-29.md
[retry-wrapper] attempt 1 bailed (no NEW entry for 2026-09-29 yet). Queue now has 4 item(s).

[retry-wrapper] ===== attempt 2/4 =====
Found 26 dead subject(s) in last 14 days; will avoid.
Subject queue: pulling "Fountain, Public Plaza" (4 item(s) before pull, 0 dropped as dup).
SUBJECT_OVERRIDE active: subject="Fountain, Public Plaza" query="large public plaza fountain" (source: queue)
Subject: Fountain, Public Plaza (query: "large public plaza fountain")
Subject "Fountain, Public Plaza" returned zero Unsplash results for query "large public plaza fountain". (attempt 1)
Fallback subject (#1): Thiccc Titan Truss Bridge (query: "titan truss bridge")
Subject "Thiccc Titan Truss Bridge" returned zero Unsplash results for query "titan truss bridge". (attempt 2)
Fallback subject (#2): Bagger 288 (query: "Bagger 288")
Found 30 candidate photos.
[photo-dedup] dropped 1 candidate(s) already used by another entry; 29 left.
Vision picked #4 of 12: This photo shows the full silhouette of the Bagger 288, emphasizing its large and robust structure against a clear sky.
Saved image to images/2026-09-29-bagger-288.jpg
[webp] 2026-09-29-bagger-288.jpg: 241KB -> 158KB (34% smaller)
Design critique: score=1/10, verdict=reject, NOT THE SUBJECT
[image-retry] image 1 scored 1 / subjectPct 64; trying another photo for "Bagger 288" (28 candidates left).
Vision picked #12 of 12: This photo shows the full silhouette of the Bagger 288 with a clear view of its massive structure and girth.
[webp] 2026-09-29-bagger-288.jpg: 241KB -> 154KB (36% smaller)
Design critique: score=1/10, verdict=reject, NOT THE SUBJECT
[image-retry] image 2 scored 1 / subjectPct 48; trying another photo for "Bagger 288" (27 candidates left).
Vision picked #10 of 12: This photo shows the full silhouette of a large crane, emphasizing its substantial girth and imposing presence.
[webp] 2026-09-29-bagger-288.jpg: 131KB -> 66KB (50% smaller)
Design critique: score=1/10, verdict=reject, NOT THE SUBJECT
GATE: critique flagged the image as unacceptable. Skipping before PR.
  score: 1  verdict: reject  subjectPct: 48  isSubject: false
  critique: The photo does not show the Bagger 288, which is a massive bucket-wheel excavator. Instead, it depicts a crane adorned with lights. The framing is decent, and the crane is the focal point, but it is not the subject specified. The image is well-composed but irrelevant to the intended subject, leading to a rejection.
[picker-learning] appended rejection to /home/runner/work/thiccctionary/thiccctionary/audits/picker-rejections.jsonl
[bail] critique gate: verdict=reject score=1 subjectPct=48 - subject "Bagger 288"
[bail] popped "Bagger 288" from queue. 3 item(s) remain.
[bail] logged to audits/dead-subjects/2026-09-29.md
[retry-wrapper] attempt 2 bailed (no NEW entry for 2026-09-29 yet). Queue now has 3 item(s).

[retry-wrapper] ===== attempt 3/4 =====
Found 27 dead subject(s) in last 14 days; will avoid.
Subject queue: pulling "Gong, Chinese Brass" (3 item(s) before pull, 0 dropped as dup).
SUBJECT_OVERRIDE active: subject="Gong, Chinese Brass" query="chinese brass gong large" (source: queue)
Subject: Gong, Chinese Brass (query: "chinese brass gong large")
Subject "Gong, Chinese Brass" returned zero Unsplash results for query "chinese brass gong large". (attempt 1)
Fallback subject (#1): Titan, Dump Truck (query: "dump truck")
Found 26 candidate photos.
[photo-dedup] dropped 2 candidate(s) already used by another entry; 24 left.
Vision picked #2 of 12: this photo features two dump trucks side by side, showcasing their robust silhouettes and overall girth.
Saved image to images/2026-09-29-titan-dump-truck.jpg
[webp] 2026-09-29-titan-dump-truck.jpg: 348KB -> 254KB (27% smaller)
Design critique: score=1/10, verdict=reject, NOT THE SUBJECT
[image-retry] image 1 scored 1 / subjectPct 28; trying another photo for "Titan, Dump Truck" (23 candidates left).
Vision picked #1 of 12: this photo shows a full dump truck with a prominent silhouette and girth on the road.
[webp] 2026-09-29-titan-dump-truck.jpg: 112KB -> 58KB (48% smaller)
Design critique: score=1/10, verdict=reject, NOT THE SUBJECT
[image-retry] image 2 scored 1 / subjectPct 24; trying another photo for "Titan, Dump Truck" (22 candidates left).
Vision picked #1 of 12: This photo shows a dump truck in action, emphasizing its size and girth against a natural backdrop.
[webp] 2026-09-29-titan-dump-truck.jpg: 312KB -> 244KB (22% smaller)
Design critique: score=1/10, verdict=reject, NOT THE SUBJECT
GATE: critique flagged the image as unacceptable. Skipping before PR.
  score: 1  verdict: reject  subjectPct: 4  isSubject: false
  critique: The photo does not show a 'Titan, Dump Truck' as specified. Instead, it depicts a small dump truck and an excavator working in a field. The dump truck is not the central focus, and it does not appear to be a 'Titan' model, which suggests a large, imposing vehicle. The image is cluttered with surrounding trees and other elements, making it difficult to focus on the truck itself. The subject is not prominent, and the overall composition does not fit the criteria for a documentary-style image of a 'Titan, Dump Truck.'
[picker-learning] appended rejection to /home/runner/work/thiccctionary/thiccctionary/audits/picker-rejections.jsonl
[bail] critique gate: verdict=reject score=1 subjectPct=4 - subject "Titan, Dump Truck"
[bail] popped "Titan, Dump Truck" from queue. 2 item(s) remain.
[bail] logged to audits/dead-subjects/2026-09-29.md
[retry-wrapper] attempt 3 bailed (no NEW entry for 2026-09-29 yet). Queue now has 2 item(s).

[retry-wrapper] ===== attempt 4/4 =====
Found 28 dead subject(s) in last 14 days; will avoid.
Subject queue: pulling "Container, Shipping 40-Foot" (2 item(s) before pull, 0 dropped as dup).
SUBJECT_OVERRIDE active: subject="Container, Shipping 40-Foot" query="40 foot shipping container" (source: queue)
Subject: Container, Shipping 40-Foot (query: "40 foot shipping container")
Subject "Container, Shipping 40-Foot" returned zero Unsplash results for query "40 foot shipping container". (attempt 1)
Fallback subject (#1): Transformer, Utility Scale (query: "utility transformer")
Found 30 candidate photos.
Vision picked #9 of 12: This photo showcases a tall utility scale transformer with a robust structure, emphasizing its girth against a clear sky.
Saved image to images/2026-09-29-transformer-utility-scale.jpg
[webp] 2026-09-29-transformer-utility-scale.jpg: 283KB -> 173KB (39% smaller)
Design critique: score=1/10, verdict=reject, NOT THE SUBJECT
[image-retry] image 1 scored 1 / subjectPct 64; trying another photo for "Transformer, Utility Scale" (29 candidates left).
Vision picked #12 of 12: this photo shows a tall utility scale transformer with a prominent silhouette against a clear background, emphasizing its girth.
[webp] 2026-09-29-transformer-utility-scale.jpg: 194KB -> 124KB (36% smaller)
Design critique: score=1/10, verdict=reject, NOT THE SUBJECT
[image-retry] image 2 scored 1 / subjectPct 35; trying another photo for "Transformer, Utility Scale" (28 candidates left).
Vision picked #3 of 12: This photo shows a utility pole with multiple transformers, emphasizing its robust and thick silhouette.
[webp] 2026-09-29-transformer-utility-scale.jpg: 118KB -> 54KB (54% smaller)
Design critique: score=1/10, verdict=reject, NOT THE SUBJECT
GATE: critique flagged the image as unacceptable. Skipping before PR.
  score: 1  verdict: reject  subjectPct: 48  isSubject: false
  critique: The photo depicts a telephone pole with wires and insulators, not a utility-scale transformer. The subject is not the named object, which is a critical mismatch. The composition is clear and well-framed for what it shows, but it fails the identity test as it does not feature the specified subject. Therefore, the photo is unsuitable for the entry.
[picker-learning] appended rejection to /home/runner/work/thiccctionary/thiccctionary/audits/picker-rejections.jsonl
[bail] critique gate: verdict=reject score=1 subjectPct=48 - subject "Transformer, Utility Scale"
[bail] popped "Transformer, Utility Scale" from queue. 1 item(s) remain.
[bail] logged to audits/dead-subjects/2026-09-29.md
[retry-wrapper] attempt 4 bailed (no NEW entry for 2026-09-29 yet). Queue now has 1 item(s).
[retry-wrapper] exhausted 4 attempts. No NEW entry landed for 2026-09-29.
```
