# Daily run trace 2026-08-24-034500

Triggered by: workflow_dispatch (actor=github-actions[bot])
Run URL: https://github.com/christopherlhicks29-create/thiccctionary/actions/runs/32687439831
force_regenerate input: false
collision.proceed: true
Generate step ran: success
Verify step ran: SKIPPED
entry_written: NOT_SET

## generate-daily.js stdout
```
[retry-wrapper] target date: 2026-08-24
[retry-wrapper] subject override: (none, will use queue)
[retry-wrapper] queue length: 7

[retry-wrapper] ===== attempt 1/4 =====
Found 31 dead subject(s) in last 14 days; will avoid.
Subject queue: dropping "Coil, Hay Bale Round" - duplicates catalogued "Hay Bale, Round".
Subject queue: pulling "Burger, Quadruple Stack" (7 item(s) before pull, 1 dropped as dup).
SUBJECT_OVERRIDE active: subject="Burger, Quadruple Stack" query="quadruple stack burger" (source: queue)
Subject: Burger, Quadruple Stack (query: "quadruple stack burger")
Subject "Burger, Quadruple Stack" returned zero Unsplash results for query "quadruple stack burger". (attempt 1)
Fallback subject (#1): Thiccc Ficus Macrophylla (query: "ficus tree")
Found 1 candidate photos.
Vision rejected all 1 candidates: all candidates fail veto
Picker rejected all candidates. Retrying with photography bias.
[photo-dedup] dropped 1 candidate(s) already used by another entry; 29 left.
Vision picked #10 of 12: This photo showcases the thick trunk and overall girth of the Ficus Macrophylla, emphasizing its thicc silhouette.
Saved image to images/2026-08-24-thiccc-ficus-macrophylla.jpg
[webp] 2026-08-24-thiccc-ficus-macrophylla.jpg: 377KB -> 308KB (18% smaller)
Design critique: score=8/10, verdict=ship
Humor critique: score=8/10, verdict=ship, weakest=example
  feedback: The entry is strong with a specific example and a humorous etymology kicker. However, the example could use a sharper punchline to elevate the humor. The definitions avoid anti-patterns and the etymology lands well with a deadpan twist.
Generated social captions:
  morning: Thiccc Ficus Macrophylla.
  afternoon: Australia's Ficus macrophylla—over 60 feet wide.
  evening: From the archives, Thiccc Ficus Macrophylla.
  reels: Ficus macrophylla—roots like ancient cables.
Saved entry: Thiccc Ficus Macrophylla
Built entry page: entries/2026-08-24.html
Rebuilt prev entry page (2026-08-23) so its next-link points to today.
Per-tag feeds: 13 written (tags with 2+ entries)
RSS feed rebuilt with 131 entries + 56 articles.
Sitemap rebuilt with 131 entries.
Subject queue updated: 5 item(s) remaining.
[retry-wrapper] entry for 2026-08-24 landed on attempt 1.
```
