# Daily run trace 2026-08-04-220455

Triggered by: workflow_dispatch (actor=github-actions[bot])
Run URL: https://github.com/christopherlhicks29-create/thiccctionary/actions/runs/30954823689
force_regenerate input: false
collision.proceed: true
Generate step ran: success
Verify step ran: SKIPPED
entry_written: NOT_SET

## generate-daily.js stdout
```
[retry-wrapper] target date: 2026-08-04
[retry-wrapper] subject override: (none, will use queue)
[retry-wrapper] queue length: 5

[retry-wrapper] ===== attempt 1/4 =====
Found 22 dead subject(s) in last 14 days; will avoid.
Subject queue: pulling "Roast, Pork Shoulder Boston Butt" (5 item(s) before pull, 0 dropped as dup).
SUBJECT_OVERRIDE active: subject="Roast, Pork Shoulder Boston Butt" query="boston butt pork shoulder roast" (source: queue)
Subject: Roast, Pork Shoulder Boston Butt (query: "boston butt pork shoulder roast")
Subject "Roast, Pork Shoulder Boston Butt" returned zero Unsplash results for query "boston butt pork shoulder roast". (attempt 1)
Fallback subject (#1): Titan, Titanoboa (query: "titanoboa")
Subject "Titan, Titanoboa" returned zero Unsplash results for query "titanoboa". (attempt 2)
Fallback subject (#2): Thiccc Antonov An-225 (query: "Antonov An-225")
Found 30 candidate photos.
Vision picked #2 of 12: this photo shows the full silhouette of the Antonov An-225, emphasizing its impressive girth and size.
Saved image to images/2026-08-04-thiccc-antonov-an-225.jpg
[webp] 2026-08-04-thiccc-antonov-an-225.jpg: 136KB -> 70KB (49% smaller)
Design critique: score=1/10, verdict=reject, NOT THE SUBJECT
[image-retry] image 1 scored 1 / subjectPct 24; trying another photo for "Thiccc Antonov An-225" (29 candidates left).
Vision rejected all 12 candidates: all candidates fail veto
GATE: critique flagged the image as unacceptable. Skipping before PR.
  score: 1  verdict: reject  subjectPct: 24  isSubject: false
  critique: The photo does not show the Antonov An-225, which is the subject of interest. Instead, it depicts an IL-76 aircraft. While the image is well-composed and centered, it fails the identity test as it does not feature the correct aircraft. The Antonov An-225 is notably larger and has a distinct design compared to the IL-76. Therefore, this image cannot be used for the intended subject.
[picker-learning] appended rejection to /home/runner/work/thiccctionary/thiccctionary/audits/picker-rejections.jsonl
[bail] critique gate: verdict=reject score=1 subjectPct=24 - subject "Thiccc Antonov An-225"
[bail] popped "Thiccc Antonov An-225" from queue. 4 item(s) remain.
[bail] logged to audits/dead-subjects/2026-08-04.md
[retry-wrapper] attempt 1 bailed (no NEW entry for 2026-08-04 yet). Queue now has 4 item(s).

[retry-wrapper] ===== attempt 2/4 =====
Found 21 dead subject(s) in last 14 days; will avoid.
Subject queue: pulling "Container, Shipping 40-Foot" (4 item(s) before pull, 0 dropped as dup).
SUBJECT_OVERRIDE active: subject="Container, Shipping 40-Foot" query="40 foot shipping container" (source: queue)
Subject: Container, Shipping 40-Foot (query: "40 foot shipping container")
Subject "Container, Shipping 40-Foot" returned zero Unsplash results for query "40 foot shipping container". (attempt 1)
Fallback subject (#1): Thiccc C-130 Hercules (query: "C-130 Hercules")
Subject "Thiccc C-130 Hercules" returned zero Unsplash results for query "C-130 Hercules". (attempt 2)
Fallback subject (#2): Titanium Tank, Armored (query: "titanium tank")
Found 30 candidate photos.
Vision picked #6 of 12: This photo shows a large, thick tank that emphasizes girth and silhouette.
Saved image to images/2026-08-04-titanium-tank-armored.jpg
[webp] 2026-08-04-titanium-tank-armored.jpg: 228KB -> 135KB (41% smaller)
Design critique: score=1/10, verdict=reject, NOT THE SUBJECT
[image-retry] image 1 scored 1 / subjectPct 64; trying another photo for "Titanium Tank, Armored" (29 candidates left).
Vision rejected all 12 candidates: all candidates fail veto
GATE: critique flagged the image as unacceptable. Skipping before PR.
  score: 1  verdict: reject  subjectPct: 64  isSubject: false
  critique: The photo shows large spherical industrial storage tanks, not a 'Titanium Tank, Armored'. The subject is not identifiable as the specific armored titanium tank described. The tanks are well-framed and prominent, but the image does not meet the identity criteria for the specified subject. Therefore, it cannot be used as it does not depict the named object.
[picker-learning] appended rejection to /home/runner/work/thiccctionary/thiccctionary/audits/picker-rejections.jsonl
[bail] critique gate: verdict=reject score=1 subjectPct=64 - subject "Titanium Tank, Armored"
[bail] popped "Titanium Tank, Armored" from queue. 3 item(s) remain.
[bail] logged to audits/dead-subjects/2026-08-04.md
[retry-wrapper] attempt 2 bailed (no NEW entry for 2026-08-04 yet). Queue now has 3 item(s).

[retry-wrapper] ===== attempt 3/4 =====
Found 22 dead subject(s) in last 14 days; will avoid.
Subject queue: pulling "Garbage Truck, Front-Loader" (3 item(s) before pull, 0 dropped as dup).
SUBJECT_OVERRIDE active: subject="Garbage Truck, Front-Loader" query="front loader garbage truck" (source: queue)
Subject: Garbage Truck, Front-Loader (query: "front loader garbage truck")
Subject "Garbage Truck, Front-Loader" returned zero Unsplash results for query "front loader garbage truck". (attempt 1)
Fallback subject (#1): Thiccc Bagger 293 (query: "Bagger 293")
Found 30 candidate photos.
[photo-dedup] dropped 1 candidate(s) already used by another entry; 29 left.
Vision picked #1 of 12: This photo showcases the full silhouette of the Bagger 293, emphasizing its impressive girth and structure.
Saved image to images/2026-08-04-thiccc-bagger-293.jpg
[webp] 2026-08-04-thiccc-bagger-293.jpg: 220KB -> 132KB (40% smaller)
Design critique: score=1/10, verdict=reject, NOT THE SUBJECT
[image-retry] image 1 scored 1 / subjectPct 64; trying another photo for "Thiccc Bagger 293" (28 candidates left).
Vision picked #2 of 12: this photo showcases the Bagger 293's massive silhouette against the landscape, emphasizing its thiccness.
[webp] 2026-08-04-thiccc-bagger-293.jpg: 418KB -> 355KB (15% smaller)
Design critique: score=1/10, verdict=reject, NOT THE SUBJECT
[image-retry] image 2 scored 1 / subjectPct 12; trying another photo for "Thiccc Bagger 293" (27 candidates left).
Vision picked #10 of 12: This photo shows a large crane with a robust silhouette, emphasizing its thiccness.
[webp] 2026-08-04-thiccc-bagger-293.jpg: 141KB -> 72KB (49% smaller)
Design critique: score=1/10, verdict=reject, NOT THE SUBJECT
GATE: critique flagged the image as unacceptable. Skipping before PR.
  score: 1  verdict: reject  subjectPct: 48  isSubject: false
  critique: The photo does not show the Bagger 293, which is a massive bucket-wheel excavator. Instead, it depicts a large industrial crane. The crane is well-framed and the image is clear, but it does not match the subject description. The crane is the focal point, but it is not the correct subject for this entry.
[picker-learning] appended rejection to /home/runner/work/thiccctionary/thiccctionary/audits/picker-rejections.jsonl
[bail] critique gate: verdict=reject score=1 subjectPct=48 - subject "Thiccc Bagger 293"
[bail] popped "Thiccc Bagger 293" from queue. 2 item(s) remain.
[bail] logged to audits/dead-subjects/2026-08-04.md
[retry-wrapper] attempt 3 bailed (no NEW entry for 2026-08-04 yet). Queue now has 2 item(s).

[retry-wrapper] ===== attempt 4/4 =====
Found 23 dead subject(s) in last 14 days; will avoid.
Subject queue: pulling "Burger, Quadruple Stack" (2 item(s) before pull, 0 dropped as dup).
SUBJECT_OVERRIDE active: subject="Burger, Quadruple Stack" query="quadruple stack burger" (source: queue)
Subject: Burger, Quadruple Stack (query: "quadruple stack burger")
Subject "Burger, Quadruple Stack" returned zero Unsplash results for query "quadruple stack burger". (attempt 1)
Fallback subject (#1): Thiccc Caterpillar D11 Bulldozer (query: "bulldozer")
Found 9 candidate photos.
[photo-dedup] dropped 1 candidate(s) already used by another entry; 8 left.
Vision rejected all 8 candidates: all candidates fail veto
Picker rejected all candidates. Retrying with photography bias.
[photo-dedup] dropped 1 candidate(s) already used by another entry; 29 left.
Vision rejected all 12 candidates: all candidates fail veto
[bail] picker vetoed all candidates on both queries - subject "Thiccc Caterpillar D11 Bulldozer"
[bail] popped "Thiccc Caterpillar D11 Bulldozer" from queue. 1 item(s) remain.
[bail] logged to audits/dead-subjects/2026-08-04.md
[retry-wrapper] attempt 4 bailed (no NEW entry for 2026-08-04 yet). Queue now has 1 item(s).
[retry-wrapper] exhausted 4 attempts. No NEW entry landed for 2026-08-04.
```
