# Daily run trace 2026-08-29-023547

Triggered by: workflow_dispatch (actor=github-actions[bot])
Run URL: https://github.com/christopherlhicks29-create/thiccctionary/actions/runs/33229286865
force_regenerate input: false
collision.proceed: true
Generate step ran: success
Verify step ran: SKIPPED
entry_written: NOT_SET

## generate-daily.js stdout
```
[retry-wrapper] target date: 2026-08-29
[retry-wrapper] subject override: (none, will use queue)
[retry-wrapper] queue length: 7

[retry-wrapper] ===== attempt 1/4 =====
Found 29 dead subject(s) in last 14 days; will avoid.
Subject queue: pulling "Container, Shipping 40-Foot" (7 item(s) before pull, 0 dropped as dup).
SUBJECT_OVERRIDE active: subject="Container, Shipping 40-Foot" query="40 foot shipping container" (source: queue)
Subject: Container, Shipping 40-Foot (query: "40 foot shipping container")
Subject "Container, Shipping 40-Foot" returned zero Unsplash results for query "40 foot shipping container". (attempt 1)
Fallback subject (#1): Thiccc Hydraulic Press (query: "hydraulic press")
Found 15 candidate photos.
Vision picked #5 of 12: This photo showcases a large hydraulic press with a prominent silhouette, emphasizing its thiccness.
Saved image to images/2026-08-29-thiccc-hydraulic-press.jpg
[webp] 2026-08-29-thiccc-hydraulic-press.jpg: 244KB -> 159KB (35% smaller)
Design critique: score=1/10, verdict=reject, NOT THE SUBJECT
[image-retry] image 1 scored 1 / subjectPct 64; trying another photo for "Thiccc Hydraulic Press" (14 candidates left).
Vision picked #2 of 12: this photo shows a hydraulic press with a clear silhouette and emphasizes its substantial girth.
[webp] 2026-08-29-thiccc-hydraulic-press.jpg: 172KB -> 74KB (57% smaller)
Design critique: score=8/10, verdict=ship
[image-retry] an alternative photo passed the gate on try 2.
Humor critique: score=9/10, verdict=ship, weakest=overall
  feedback: The entry is strong with a specific example that paints a vivid scene, a punchline tag in the etymology, and a clever etymology kicker. The unexpected detail of the machine refusing to fit through the door adds a delightful surprise. It's a solid piece with humor that lands well.
Generated social captions:
  morning: Thiccc Hydraulic Press. 
  afternoon: The Thiccc Hydraulic Press once demanded a custom concrete foundation—
  evening: From the archives, Thiccc Hydraulic Press.
  reels: Witness the Thiccc Hydraulic Press—
Saved entry: Thiccc Hydraulic Press
Built entry page: entries/2026-08-29.html
Rebuilt prev entry page (2026-08-28) so its next-link points to today.
Per-tag feeds: 13 written (tags with 2+ entries)
RSS feed rebuilt with 137 entries + 58 articles.
Sitemap rebuilt with 137 entries.
Subject queue updated: 6 item(s) remaining.
[retry-wrapper] entry for 2026-08-29 landed on attempt 1.
```
