# Daily run trace 2026-10-10-230507

Triggered by: workflow_dispatch (actor=github-actions[bot])
Run URL: https://github.com/christopherlhicks29-create/thiccctionary/actions/runs/38093674287
force_regenerate input: false
collision.proceed: true
Generate step ran: success
Verify step ran: SKIPPED
entry_written: NOT_SET

## generate-daily.js stdout
```
[retry-wrapper] target date: 2026-10-10
[retry-wrapper] subject override: (none, will use queue)
[retry-wrapper] queue length: 5

[retry-wrapper] ===== attempt 1/4 =====
Found 25 dead subject(s) in last 14 days; will avoid.
Subject queue: pulling "Container, Shipping 40-Foot" (5 item(s) before pull, 0 dropped as dup).
SUBJECT_OVERRIDE active: subject="Container, Shipping 40-Foot" query="40 foot shipping container" (source: queue)
Subject: Container, Shipping 40-Foot (query: "40 foot shipping container")
Subject "Container, Shipping 40-Foot" returned zero Unsplash results for query "40 foot shipping container". (attempt 1)
Fallback subject (#1): Thiccc Caterpillar D11 Bulldozer (query: "Caterpillar D11")
Subject "Thiccc Caterpillar D11 Bulldozer" returned zero Unsplash results for query "Caterpillar D11". (attempt 2)
Fallback subject (#2): Thiccc Antonov An-124 Ruslan (query: "Antonov An-124")
Found 30 candidate photos.
Vision rejected all 12 candidates: all candidates fail veto
Picker rejected all candidates. Retrying with photography bias.
Photography-bias retry returned zero Unsplash results for "Antonov An-124 photograph".
No results for retry query "Antonov An-124 photograph".
[bail] unsplash returned zero results on both queries - subject "Thiccc Antonov An-124 Ruslan"
[bail] popped "Thiccc Antonov An-124 Ruslan" from queue. 4 item(s) remain.
[bail] logged to audits/dead-subjects/2026-10-10.md
[retry-wrapper] attempt 1 bailed (no NEW entry for 2026-10-10 yet). Queue now has 4 item(s).

[retry-wrapper] ===== attempt 2/4 =====
Found 24 dead subject(s) in last 14 days; will avoid.
Subject queue: pulling "Drawbridge, Castle" (4 item(s) before pull, 0 dropped as dup).
SUBJECT_OVERRIDE active: subject="Drawbridge, Castle" query="castle drawbridge stone" (source: queue)
Subject: Drawbridge, Castle (query: "castle drawbridge stone")
Subject "Drawbridge, Castle" returned zero Unsplash results for query "castle drawbridge stone". (attempt 1)
Fallback subject (#1): Thiccc Caterpillar 797F (query: "Caterpillar 797F")
Subject "Thiccc Caterpillar 797F" returned zero Unsplash results for query "Caterpillar 797F". (attempt 2)
Fallback subject (#2): Giant Pumpkin, Dills Atlantic Giant (query: "giant pumpkin")
Subject "Giant Pumpkin, Dills Atlantic Giant" returned zero Unsplash results for query "giant pumpkin". (attempt 3)
Fallback subject (#3): Thiccc Caterpillar 797F (query: "Caterpillar 797F")
Subject "Thiccc Caterpillar 797F" returned zero Unsplash results for query "Caterpillar 797F". (attempt 4)
Last-resort: picking from safe pool → "Concrete Mixer Truck".
Found 3 candidate photos.
[photo-dedup] dropped 1 candidate(s) already used by another entry; 2 left.
Vision picked #1 of 2: This photo shows the full silhouette of the concrete mixer truck, emphasizing its girth and robust design.
Saved image to images/2026-10-10-concrete-mixer-truck.jpg
[webp] 2026-10-10-concrete-mixer-truck.jpg: 112KB -> 58KB (48% smaller)
Design critique: score=1/10, verdict=reject, NOT THE SUBJECT
[image-retry] image 1 scored 1 / subjectPct 24; trying another photo for "Concrete Mixer Truck" (1 candidates left).
Vision rejected all 1 candidates: all candidates fail veto
GATE: critique flagged the image as unacceptable. Skipping before PR.
  score: 1  verdict: reject  subjectPct: 24  isSubject: false
  critique: The photo shows a red semi truck with a flatbed trailer, not a concrete mixer truck. The subject is clearly a different type of vehicle, which disqualifies it for the intended subject. The truck is well-centered and the image is clear, but it does not meet the criteria for a concrete mixer truck.
[picker-learning] appended rejection to /home/runner/work/thiccctionary/thiccctionary/audits/picker-rejections.jsonl
[bail] critique gate: verdict=reject score=1 subjectPct=24 - subject "Concrete Mixer Truck"
[bail] popped "Concrete Mixer Truck" from queue. 3 item(s) remain.
[bail] logged to audits/dead-subjects/2026-10-10.md
[retry-wrapper] attempt 2 bailed (no NEW entry for 2026-10-10 yet). Queue now has 3 item(s).

[retry-wrapper] ===== attempt 3/4 =====
Found 25 dead subject(s) in last 14 days; will avoid.
Subject queue: pulling "Crockpot, Slow Cooker Oval" (3 item(s) before pull, 0 dropped as dup).
SUBJECT_OVERRIDE active: subject="Crockpot, Slow Cooker Oval" query="oval slow cooker crockpot" (source: queue)
Subject: Crockpot, Slow Cooker Oval (query: "oval slow cooker crockpot")
Subject "Crockpot, Slow Cooker Oval" returned zero Unsplash results for query "oval slow cooker crockpot". (attempt 1)
Fallback subject (#1): Thiccc Caterpillar D11 Dozer (query: "caterpillar dozer")
Found 4 candidate photos.
[photo-dedup] dropped 1 candidate(s) already used by another entry; 3 left.
Vision picked #1 of 3: this photo shows the D11 Dozer in a full silhouette against a clear background, emphasizing its girth.
Saved image to images/2026-10-10-thiccc-caterpillar-d11-dozer.jpg
[webp] 2026-10-10-thiccc-caterpillar-d11-dozer.jpg: 239KB -> 162KB (32% smaller)
Design critique: score=1/10, verdict=reject, NOT THE SUBJECT
[image-retry] image 1 scored 1 / subjectPct 12; trying another photo for "Thiccc Caterpillar D11 Dozer" (2 candidates left).
Vision picked #1 of 2: the aerial view showcases the full silhouette of the D11 Dozer, emphasizing its thiccness in the context of the surrounding terrain.
[webp] 2026-10-10-thiccc-caterpillar-d11-dozer.jpg: 418KB -> 356KB (15% smaller)
Design critique: score=1/10, verdict=reject, NOT THE SUBJECT
[image-retry] image 2 scored 1 / subjectPct 12; trying another photo for "Thiccc Caterpillar D11 Dozer" (1 candidates left).
Vision rejected all 1 candidates: all candidates fail veto
GATE: critique flagged the image as unacceptable. Skipping before PR.
  score: 1  verdict: reject  subjectPct: 12  isSubject: false
  critique: The photo does not show a Caterpillar D11 Dozer. Instead, it depicts an excavator at a construction site. The focus is on the machinery and the surrounding area, but the subject is not the specified bulldozer model. The composition is clear and well-framed for an aerial view, but it fails the identity test as it does not feature the named object.
[picker-learning] appended rejection to /home/runner/work/thiccctionary/thiccctionary/audits/picker-rejections.jsonl
[bail] critique gate: verdict=reject score=1 subjectPct=12 - subject "Thiccc Caterpillar D11 Dozer"
[bail] popped "Thiccc Caterpillar D11 Dozer" from queue. 2 item(s) remain.
[bail] logged to audits/dead-subjects/2026-10-10.md
[retry-wrapper] attempt 3 bailed (no NEW entry for 2026-10-10 yet). Queue now has 2 item(s).

[retry-wrapper] ===== attempt 4/4 =====
Found 26 dead subject(s) in last 14 days; will avoid.
Subject queue: pulling "Crab, King Alaskan" (2 item(s) before pull, 0 dropped as dup).
SUBJECT_OVERRIDE active: subject="Crab, King Alaskan" query="king crab alaskan leg" (source: queue)
Subject: Crab, King Alaskan (query: "king crab alaskan leg")
Subject "Crab, King Alaskan" returned zero Unsplash results for query "king crab alaskan leg". (attempt 1)
Fallback subject (#1): Thiccc Arecibo Observatory (query: "Arecibo Observatory")
Subject "Thiccc Arecibo Observatory" returned zero Unsplash results for query "Arecibo Observatory". (attempt 2)
Fallback subject (#2): Thiccc Volkswagen Type 2 (query: "Volkswagen Type 2")
Found 30 candidate photos.
Vision picked #12 of 12: this photo shows the full silhouette of the Volkswagen Type 2, emphasizing its thiccness.
Saved image to images/2026-10-10-thiccc-volkswagen-type-2.jpg
[webp] 2026-10-10-thiccc-volkswagen-type-2.jpg: 223KB -> 121KB (46% smaller)
Design critique: score=7/10, verdict=ship
Humor critique: score=9/10, verdict=ship, weakest=definitions
  feedback: The entry is strong with a specific example scene and a punchline tag that lands well. The etymology kicker is clever, adding humor with the 'sequel more committed to taking up space.' The definitions could use a bit more surprise or specificity, but overall, this is a solid entry.
Generated social captions:
  morning: Thiccc Volkswagen Type 2.
  afternoon: Volkswagen Type 2. Engine displacement: 1.1 liters.
  evening: From the archives, Thiccc Volkswagen Type 2.
  reels: The Volkswagen Type 2—thiccc at 68.9 inches wide.
Saved entry: Thiccc Volkswagen Type 2
Built entry page: entries/2026-10-10.html
Rebuilt prev entry page (2026-10-07) so its next-link points to today.
[rss] image not on disk, falling back to og-default: https://images.unsplash.com/photo-1707948949585-4b9e45a1bf56?auto=format&fit=crop&w=1600&h=1600&q=80
[rss] image not on disk, falling back to og-default: https://camo.githubusercontent.com/32976a9866eefe86c660e06e4f89c42d15c4f2f6657b04819519608839dfaea4/68747470733a2f2f696d616765732e756e73706c6173682e636f6d2f70686f746f2d313536313438363436322d3839383334613033636237323f773d38303026683d383030266669743d63726f7026666d3d6a706726713d3730
[rss] image not on disk, falling back to og-default: https://camo.githubusercontent.com/32976a9866eefe86c660e06e4f89c42d15c4f2f6657b04819519608839dfaea4/68747470733a2f2f696d616765732e756e73706c6173682e636f6d2f70686f746f2d313536313438363436322d3839383334613033636237323f773d38303026683d383030266669743d63726f7026666d3d6a706726713d3730
[rss] image not on disk, falling back to og-default: https://images.unsplash.com/photo-1707948949585-4b9e45a1bf56?auto=format&fit=crop&w=1600&h=1600&q=80
Per-tag feeds: 13 written (tags with 2+ entries)
RSS feed rebuilt with 167 entries + 73 articles.
Sitemap rebuilt with 167 entries.
Subject queue updated: 1 item(s) remaining.
[retry-wrapper] entry for 2026-10-10 landed on attempt 4.
```
