# Daily run trace 2026-10-03-013405

Triggered by: workflow_dispatch (actor=github-actions[bot])
Run URL: https://github.com/christopherlhicks29-create/thiccctionary/actions/runs/37086452993
force_regenerate input: false
collision.proceed: true
Generate step ran: success
Verify step ran: SKIPPED
entry_written: NOT_SET

## generate-daily.js stdout
```
[retry-wrapper] target date: 2026-10-03
[retry-wrapper] subject override: (none, will use queue)
[retry-wrapper] queue length: 5

[retry-wrapper] ===== attempt 1/4 =====
Found 27 dead subject(s) in last 14 days; will avoid.
Subject queue: dropping "Door, Bank Vault Round" - duplicates catalogued "Vault Door, Bank".
Subject queue: pulling "Container, Shipping 40-Foot" (5 item(s) before pull, 1 dropped as dup).
SUBJECT_OVERRIDE active: subject="Container, Shipping 40-Foot" query="40 foot shipping container" (source: queue)
Subject: Container, Shipping 40-Foot (query: "40 foot shipping container")
Subject "Container, Shipping 40-Foot" returned zero Unsplash results for query "40 foot shipping container". (attempt 1)
Fallback subject (#1): Thiccc Caterpillar D6T (query: "caterpillar bulldozer")
Found 1 candidate photos.
Vision rejected all 1 candidates: all candidates fail veto
Picker rejected all candidates. Retrying with photography bias.
[photo-dedup] dropped 2 candidate(s) already used by another entry; 6 left.
Vision rejected all 6 candidates: all candidates fail veto
[bail] picker vetoed all candidates on both queries - subject "Thiccc Caterpillar D6T"
[bail] popped "Thiccc Caterpillar D6T" from queue. 3 item(s) remain.
[bail] logged to audits/dead-subjects/2026-10-03.md
[retry-wrapper] attempt 1 bailed (no NEW entry for 2026-10-03 yet). Queue now has 3 item(s).

[retry-wrapper] ===== attempt 2/4 =====
Found 25 dead subject(s) in last 14 days; will avoid.
Subject queue: pulling "Beach Ball, Giant Inflatable" (3 item(s) before pull, 0 dropped as dup).
SUBJECT_OVERRIDE active: subject="Beach Ball, Giant Inflatable" query="giant inflatable beach ball" (source: queue)
Subject: Beach Ball, Giant Inflatable (query: "giant inflatable beach ball")
Found 7 candidate photos.
Vision picked #1 of 7: this photo prominently features a giant beach ball being held, emphasizing its size and girth.
Saved image to images/2026-10-03-beach-ball-giant-inflatable.jpg
[webp] 2026-10-03-beach-ball-giant-inflatable.jpg: 314KB -> 225KB (29% smaller)
Design critique: score=1/10, verdict=reject, NOT THE SUBJECT
[image-retry] image 1 scored 1 / subjectPct 20; trying another photo for "Beach Ball, Giant Inflatable" (6 candidates left).
Vision picked #1 of 6: This photo clearly shows the giant inflatable beach ball being held up, emphasizing its size and girth.
[webp] 2026-10-03-beach-ball-giant-inflatable.jpg: 225KB -> 133KB (41% smaller)
Design critique: score=1/10, verdict=reject, NOT THE SUBJECT
[image-retry] image 2 scored 1 / subjectPct 4; trying another photo for "Beach Ball, Giant Inflatable" (5 candidates left).
Vision picked #1 of 5: this photo shows a giant inflatable beach ball prominently in the foreground, emphasizing its size and girth.
[webp] 2026-10-03-beach-ball-giant-inflatable.jpg: 244KB -> 159KB (35% smaller)
Design critique: score=1/10, verdict=reject, NOT THE SUBJECT
GATE: critique flagged the image as unacceptable. Skipping before PR.
  score: 1  verdict: reject  subjectPct: 12  isSubject: false
  critique: The photo depicts a giant transparent zorb ball, not a giant inflatable beach ball. The zorb ball is partially visible and not centered, with the background elements like the pier and boats drawing attention away from the subject. The composition is more artistic than documentary, which does not fit the brand's style. The subject is not the correct object, leading to a rejection.
[picker-learning] appended rejection to /home/runner/work/thiccctionary/thiccctionary/audits/picker-rejections.jsonl
[bail] critique gate: verdict=reject score=1 subjectPct=12 - subject "Beach Ball, Giant Inflatable"
[bail] popped "Beach Ball, Giant Inflatable" from queue. 2 item(s) remain.
[bail] logged to audits/dead-subjects/2026-10-03.md
[retry-wrapper] attempt 2 bailed (no NEW entry for 2026-10-03 yet). Queue now has 2 item(s).

[retry-wrapper] ===== attempt 3/4 =====
Found 26 dead subject(s) in last 14 days; will avoid.
Subject queue: pulling "Burger, Quadruple Stack" (2 item(s) before pull, 0 dropped as dup).
SUBJECT_OVERRIDE active: subject="Burger, Quadruple Stack" query="quadruple stack burger" (source: queue)
Subject: Burger, Quadruple Stack (query: "quadruple stack burger")
Subject "Burger, Quadruple Stack" returned zero Unsplash results for query "quadruple stack burger". (attempt 1)
Fallback subject (#1): Thiccc Caterpillar 797F (query: "Caterpillar 797F")
Subject "Thiccc Caterpillar 797F" returned zero Unsplash results for query "Caterpillar 797F". (attempt 2)
Fallback subject (#2): Thiccc Cargolifter (query: "cargolifter")
Subject "Thiccc Cargolifter" returned zero Unsplash results for query "cargolifter". (attempt 3)
Fallback subject (#3): Bagger 293 (query: "Bagger 293")
Found 30 candidate photos.
[photo-dedup] dropped 1 candidate(s) already used by another entry; 29 left.
Vision picked #1 of 12: This photo clearly shows the full silhouette of the Bagger 293, emphasizing its massive and thick structure.
Saved image to images/2026-10-03-bagger-293.jpg
[webp] 2026-10-03-bagger-293.jpg: 220KB -> 132KB (40% smaller)
Design critique: score=1/10, verdict=reject, NOT THE SUBJECT
[image-retry] image 1 scored 1 / subjectPct 64; trying another photo for "Bagger 293" (28 candidates left).
Vision picked #2 of 12: This photo shows the Bagger 293's massive scale and girth from an aerial perspective, emphasizing its thicc silhouette.
[webp] 2026-10-03-bagger-293.jpg: 418KB -> 356KB (15% smaller)
Design critique: score=1/10, verdict=reject, NOT THE SUBJECT
[image-retry] image 2 scored 1 / subjectPct 18; trying another photo for "Bagger 293" (27 candidates left).
Vision picked #10 of 12: this photo shows a large, robust crane with a prominent silhouette, emphasizing its girth.
[webp] 2026-10-03-bagger-293.jpg: 114KB -> 46KB (60% smaller)
Design critique: score=1/10, verdict=reject, NOT THE SUBJECT
GATE: critique flagged the image as unacceptable. Skipping before PR.
  score: 1  verdict: reject  subjectPct: 24  isSubject: false
  critique: The photo does not show the Bagger 293, which is a massive bucket-wheel excavator. Instead, it depicts a person sitting under a large orange structure, possibly part of a bridge or industrial equipment. The subject is not centered, and the person is more prominent than the structure itself. The image does not fit the documentary style required for the dictionary entry and fails the identity test.
[picker-learning] appended rejection to /home/runner/work/thiccctionary/thiccctionary/audits/picker-rejections.jsonl
[bail] critique gate: verdict=reject score=1 subjectPct=24 - subject "Bagger 293"
[bail] popped "Bagger 293" from queue. 1 item(s) remain.
[bail] logged to audits/dead-subjects/2026-10-03.md
[retry-wrapper] attempt 3 bailed (no NEW entry for 2026-10-03 yet). Queue now has 1 item(s).

[retry-wrapper] ===== attempt 4/4 =====
Found 27 dead subject(s) in last 14 days; will avoid.
Subject queue: pulling "Fountain, Public Plaza" (1 item(s) before pull, 0 dropped as dup).
SUBJECT_OVERRIDE active: subject="Fountain, Public Plaza" query="large public plaza fountain" (source: queue)
Subject: Fountain, Public Plaza (query: "large public plaza fountain")
Subject "Fountain, Public Plaza" returned zero Unsplash results for query "large public plaza fountain". (attempt 1)
Fallback subject (#1): Chamberlain, Concrete Mixer (query: "concrete mixer")
Found 6 candidate photos.
[photo-dedup] dropped 1 candidate(s) already used by another entry; 5 left.
Vision picked #5 of 5: This photo showcases the full silhouette of a concrete mixer in a dramatic setting, emphasizing its substantial girth.
Saved image to images/2026-10-03-chamberlain-concrete-mixer.jpg
[webp] 2026-10-03-chamberlain-concrete-mixer.jpg: 153KB -> 85KB (45% smaller)
Design critique: score=1/10, verdict=reject, NOT THE SUBJECT
[image-retry] image 1 scored 1 / subjectPct 100; trying another photo for "Chamberlain, Concrete Mixer" (4 candidates left).
Vision picked #1 of 4: This photo shows the full silhouette of a concrete mixer with a prominent girth against a striking background.
[webp] 2026-10-03-chamberlain-concrete-mixer.jpg: 92KB -> 40KB (57% smaller)
Design critique: score=1/10, verdict=reject, NOT THE SUBJECT
[image-retry] image 2 scored 1 / subjectPct 48; trying another photo for "Chamberlain, Concrete Mixer" (3 candidates left).
Vision picked #1 of 3: This photo shows the full silhouette of the concrete mixer, emphasizing its girth and shape.
[webp] 2026-10-03-chamberlain-concrete-mixer.jpg: 97KB -> 38KB (60% smaller)
Design critique: score=1/10, verdict=reject, NOT THE SUBJECT
GATE: critique flagged the image as unacceptable. Skipping before PR.
  score: 1  verdict: reject  subjectPct: 64  isSubject: false
  critique: The photo does not depict a real concrete mixer but rather a robot sculpture designed to resemble one. This fails the identity test as the subject is not an actual 'Chamberlain, Concrete Mixer.' The composition is centered and clear, but the object is a creative representation, not a functional machine. Therefore, it does not meet the criteria for a documentary-style image of the specified subject.
[picker-learning] appended rejection to /home/runner/work/thiccctionary/thiccctionary/audits/picker-rejections.jsonl
[bail] critique gate: verdict=reject score=1 subjectPct=64 - subject "Chamberlain, Concrete Mixer"
[bail] popped "Chamberlain, Concrete Mixer" from queue. 0 item(s) remain.
[bail] logged to audits/dead-subjects/2026-10-03.md
[retry-wrapper] attempt 4 bailed (no NEW entry for 2026-10-03 yet). Queue now has 0 item(s).
[retry-wrapper] exhausted 4 attempts. No NEW entry landed for 2026-10-03.
```
