# Daily run trace 2026-09-30-180013

Triggered by: schedule (actor=christopherlhicks29-create)
Run URL: https://github.com/christopherlhicks29-create/thiccctionary/actions/runs/36755179737
force_regenerate input: false
collision.proceed: true
Generate step ran: success
Verify step ran: SKIPPED
entry_written: NOT_SET

## generate-daily.js stdout
```
[retry-wrapper] target date: 2026-09-30
[retry-wrapper] subject override: (none, will use queue)
[retry-wrapper] queue length: 6

[retry-wrapper] ===== attempt 1/4 =====
Found 27 dead subject(s) in last 14 days; will avoid.
Subject queue: pulling "Popcorn Tub, Movie Theater" (6 item(s) before pull, 0 dropped as dup).
SUBJECT_OVERRIDE active: subject="Popcorn Tub, Movie Theater" query="movie theater popcorn tub" (source: queue)
Subject: Popcorn Tub, Movie Theater (query: "movie theater popcorn tub")
Subject "Popcorn Tub, Movie Theater" returned zero Unsplash results for query "movie theater popcorn tub". (attempt 1)
Fallback subject (#1): Titan, Super Heavy Lift (query: "super heavy lift")
Found 30 candidate photos.
Vision picked #12 of 12: This photo shows the Titan with a clear silhouette and emphasizes its massive scale against the landscape.
Saved image to images/2026-09-30-titan-super-heavy-lift.jpg
[webp] 2026-09-30-titan-super-heavy-lift.jpg: 152KB -> 85KB (44% smaller)
Design critique: score=1/10, verdict=reject, NOT THE SUBJECT
[image-retry] image 1 scored 1 / subjectPct 6; trying another photo for "Titan, Super Heavy Lift" (29 candidates left).
Vision picked #4 of 12: this photo shows a large crane on a barge, emphasizing its substantial size and girth against the backdrop of the water.
[webp] 2026-09-30-titan-super-heavy-lift.jpg: 154KB -> 92KB (40% smaller)
Design critique: score=1/10, verdict=reject, NOT THE SUBJECT
[image-retry] image 2 scored 1 / subjectPct 36; trying another photo for "Titan, Super Heavy Lift" (28 candidates left).
Vision picked #3 of 12: This photo captures a large crane silhouette against the sunset, emphasizing its impressive height and girth.
[webp] 2026-09-30-titan-super-heavy-lift.jpg: 186KB -> 131KB (30% smaller)
Design critique: score=1/10, verdict=reject, NOT THE SUBJECT
GATE: critique flagged the image as unacceptable. Skipping before PR.
  score: 1  verdict: reject  subjectPct: 24  isSubject: false
  critique: The photo shows a large crane on a body of water, but it does not specifically identify it as a 'Titan, Super Heavy Lift' crane. The silhouette is complete, and the crane is centered, but without clear identification, it cannot be confirmed as the named object. The image fits a documentary style, but the subject's identity is uncertain, leading to a rejection.
[picker-learning] appended rejection to /home/runner/work/thiccctionary/thiccctionary/audits/picker-rejections.jsonl
[bail] critique gate: verdict=reject score=1 subjectPct=24 - subject "Titan, Super Heavy Lift"
[bail] popped "Titan, Super Heavy Lift" from queue. 5 item(s) remain.
[bail] logged to audits/dead-subjects/2026-09-30.md
[retry-wrapper] attempt 1 bailed (no NEW entry for 2026-09-30 yet). Queue now has 5 item(s).

[retry-wrapper] ===== attempt 2/4 =====
Found 25 dead subject(s) in last 14 days; will avoid.
Subject queue: dropping "Whisk, Industrial Mixer" - duplicates catalogued "Concrete Mixer".
Subject queue: pulling "Rock, Plymouth" (5 item(s) before pull, 1 dropped as dup).
SUBJECT_OVERRIDE active: subject="Rock, Plymouth" query="plymouth rock memorial" (source: queue)
Subject: Rock, Plymouth (query: "plymouth rock memorial")
Subject "Rock, Plymouth" returned zero Unsplash results for query "plymouth rock memorial". (attempt 1)
Fallback subject (#1): Thiccc Antonov An-225 Mriya (query: "Antonov An-225")
Found 30 candidate photos.
Vision rejected all 12 candidates: all candidates fail veto
Picker rejected all candidates. Retrying with photography bias.
Vision rejected all 12 candidates: all candidates fail veto
[bail] picker vetoed all candidates on both queries - subject "Thiccc Antonov An-225 Mriya"
[bail] popped "Thiccc Antonov An-225 Mriya" from queue. 3 item(s) remain.
[bail] logged to audits/dead-subjects/2026-09-30.md
[retry-wrapper] attempt 2 bailed (no NEW entry for 2026-09-30 yet). Queue now has 3 item(s).

[retry-wrapper] ===== attempt 3/4 =====
Found 26 dead subject(s) in last 14 days; will avoid.
Subject queue: pulling "Piggy Bank, Ceramic" (3 item(s) before pull, 0 dropped as dup).
SUBJECT_OVERRIDE active: subject="Piggy Bank, Ceramic" query="large ceramic piggy bank" (source: queue)
Subject: Piggy Bank, Ceramic (query: "large ceramic piggy bank")
Found 2 candidate photos.
Vision rejected all 2 candidates: all candidates fail veto
Picker rejected all candidates. Retrying with photography bias.
Vision rejected all 3 candidates: all candidates fail veto
[bail] picker vetoed all candidates on both queries - subject "Piggy Bank, Ceramic"
[bail] popped "Piggy Bank, Ceramic" from queue. 2 item(s) remain.
[bail] logged to audits/dead-subjects/2026-09-30.md
[retry-wrapper] attempt 3 bailed (no NEW entry for 2026-09-30 yet). Queue now has 2 item(s).

[retry-wrapper] ===== attempt 4/4 =====
Found 27 dead subject(s) in last 14 days; will avoid.
Subject queue: pulling "Drawbridge, Castle" (2 item(s) before pull, 0 dropped as dup).
SUBJECT_OVERRIDE active: subject="Drawbridge, Castle" query="castle drawbridge stone" (source: queue)
Subject: Drawbridge, Castle (query: "castle drawbridge stone")
Found 30 candidate photos.
Vision picked #5 of 12: This photo shows a grand drawbridge with a robust structure, emphasizing its thicc silhouette.
Saved image to images/2026-09-30-drawbridge-castle.jpg
[webp] 2026-09-30-drawbridge-castle.jpg: 360KB -> 286KB (21% smaller)
Design critique: score=1/10, verdict=reject, NOT THE SUBJECT
[image-retry] image 1 scored 1 / subjectPct 64; trying another photo for "Drawbridge, Castle" (29 candidates left).
Vision picked #6 of 12: this photo showcases a robust castle structure with a thick silhouette against the landscape.
[webp] 2026-09-30-drawbridge-castle.jpg: 251KB -> 162KB (35% smaller)
Design critique: score=1/10, verdict=reject, NOT THE SUBJECT
[image-retry] image 2 scored 1 / subjectPct 64; trying another photo for "Drawbridge, Castle" (28 candidates left).
Vision picked #7 of 12: this photo prominently features a robust castle structure alongside a substantial bridge, emphasizing their thicc silhouettes.
[webp] 2026-09-30-drawbridge-castle.jpg: 223KB -> 148KB (34% smaller)
Design critique: score=1/10, verdict=reject, NOT THE SUBJECT
GATE: critique flagged the image as unacceptable. Skipping before PR.
  score: 1  verdict: reject  subjectPct: 64  isSubject: false
  critique: The photo shows Pulteney Bridge in Bath, not a drawbridge associated with a castle. The subject is incorrectly identified, as Pulteney Bridge is a historic bridge with shops, not a castle drawbridge. The image is well-composed and clear, but it does not meet the criteria for the specified subject. Therefore, it cannot be used for the intended entry.
[picker-learning] appended rejection to /home/runner/work/thiccctionary/thiccctionary/audits/picker-rejections.jsonl
[bail] critique gate: verdict=reject score=1 subjectPct=64 - subject "Drawbridge, Castle"
[bail] popped "Drawbridge, Castle" from queue. 1 item(s) remain.
[bail] logged to audits/dead-subjects/2026-09-30.md
[retry-wrapper] attempt 4 bailed (no NEW entry for 2026-09-30 yet). Queue now has 1 item(s).
[retry-wrapper] exhausted 4 attempts. No NEW entry landed for 2026-09-30.
```
