# Daily run trace 2026-09-24-020435

Triggered by: workflow_dispatch (actor=github-actions[bot])
Run URL: https://github.com/christopherlhicks29-create/thiccctionary/actions/runs/35945569757
force_regenerate input: false
collision.proceed: true
Generate step ran: success
Verify step ran: SKIPPED
entry_written: NOT_SET

## generate-daily.js stdout
```
[retry-wrapper] target date: 2026-09-24
[retry-wrapper] subject override: (none, will use queue)
[retry-wrapper] queue length: 5

[retry-wrapper] ===== attempt 1/4 =====
Found 26 dead subject(s) in last 14 days; will avoid.
Subject queue: dropping "Stone, Megalith Standing" - duplicates catalogued "Atlas Stone, Strongman".
Subject queue: pulling "Popcorn Tub, Movie Theater" (5 item(s) before pull, 1 dropped as dup).
SUBJECT_OVERRIDE active: subject="Popcorn Tub, Movie Theater" query="movie theater popcorn tub" (source: queue)
Subject: Popcorn Tub, Movie Theater (query: "movie theater popcorn tub")
Subject "Popcorn Tub, Movie Theater" returned zero Unsplash results for query "movie theater popcorn tub". (attempt 1)
Fallback subject (#1): Thiccc Caterpillar D11T (query: "Caterpillar D11T")
Subject "Thiccc Caterpillar D11T" returned zero Unsplash results for query "Caterpillar D11T". (attempt 2)
Fallback subject (#2): Transformer, Power Substation (query: "power substation")
Subject "Transformer, Power Substation" returned zero Unsplash results for query "power substation". (attempt 3)
Fallback subject (#3): Thiccc Caterpillar 797F (query: "Caterpillar 797F")
Subject "Thiccc Caterpillar 797F" returned zero Unsplash results for query "Caterpillar 797F". (attempt 4)
Last-resort: picking from safe pool → "Stack of Pancakes".
Found 30 candidate photos.
[photo-dedup] dropped 1 candidate(s) already used by another entry; 29 left.
Vision picked #3 of 12: this stack of pancakes shows a tall, thick silhouette with ample toppings, emphasizing its girth.
Saved image to images/2026-09-24-stack-of-pancakes.jpg
[webp] 2026-09-24-stack-of-pancakes.jpg: 200KB -> 120KB (40% smaller)
Design critique: score=1/10, verdict=reject, NOT THE SUBJECT
[image-retry] image 1 scored 1 / subjectPct 64; trying another photo for "Stack of Pancakes" (28 candidates left).
Vision picked #10 of 12: this photo showcases a tall stack of pancakes with a rich topping, emphasizing their thiccness.
[webp] 2026-09-24-stack-of-pancakes.jpg: 197KB -> 115KB (42% smaller)
Design critique: score=7/10, verdict=needs-review
[image-retry] image 2 scored 7 / subjectPct 9; trying another photo for "Stack of Pancakes" (27 candidates left).
Vision picked #10 of 12: This photo showcases a tall stack of pancakes with a rich topping, emphasizing their thickness.
[webp] 2026-09-24-stack-of-pancakes.jpg: 217KB -> 138KB (37% smaller)
Design critique: score=9/10, verdict=ship
[image-retry] an alternative photo passed the gate on try 3.
Humor critique: score=7/10, verdict=ship, weakest=example
  feedback: The entry is solid, with a clever etymology kicker that ties the historical roots to its modern-day thiccness. The example sentence could use a stronger punchline or comedic twist, as 'commanding gravity to reconsider' feels a bit generic and lacks a sharp tag. Overall, the piece maintains a humorous tone with a good mix of specificity and surprise.
Generated social captions:
  morning: Stack of Pancakes. 
  afternoon: The International House of Pancakes once served a 60-layer stack. 
  evening: From the archives, Stack of Pancakes. 
  reels: Stack of Pancakes—a vertical ambition. 
Saved entry: Stack of Pancakes
Built entry page: entries/2026-09-24.html
Rebuilt prev entry page (2026-09-23) so its next-link points to today.
[rss] image not on disk, falling back to og-default: https://images.unsplash.com/photo-1707948949585-4b9e45a1bf56?auto=format&fit=crop&w=1600&h=1600&q=80
[rss] image not on disk, falling back to og-default: https://camo.githubusercontent.com/32976a9866eefe86c660e06e4f89c42d15c4f2f6657b04819519608839dfaea4/68747470733a2f2f696d616765732e756e73706c6173682e636f6d2f70686f746f2d313536313438363436322d3839383334613033636237323f773d38303026683d383030266669743d63726f7026666d3d6a706726713d3730
[rss] image not on disk, falling back to og-default: https://camo.githubusercontent.com/32976a9866eefe86c660e06e4f89c42d15c4f2f6657b04819519608839dfaea4/68747470733a2f2f696d616765732e756e73706c6173682e636f6d2f70686f746f2d313536313438363436322d3839383334613033636237323f773d38303026683d383030266669743d63726f7026666d3d6a706726713d3730
[rss] image not on disk, falling back to og-default: https://images.unsplash.com/photo-1707948949585-4b9e45a1bf56?auto=format&fit=crop&w=1600&h=1600&q=80
Per-tag feeds: 13 written (tags with 2+ entries)
RSS feed rebuilt with 160 entries + 68 articles.
Sitemap rebuilt with 160 entries.
Subject queue updated: 3 item(s) remaining.
[retry-wrapper] entry for 2026-09-24 landed on attempt 1.
```
