# Daily run trace 2026-09-23-010406

Triggered by: workflow_dispatch (actor=github-actions[bot])
Run URL: https://github.com/christopherlhicks29-create/thiccctionary/actions/runs/35804551407
force_regenerate input: false
collision.proceed: true
Generate step ran: success
Verify step ran: SKIPPED
entry_written: NOT_SET

## generate-daily.js stdout
```
[retry-wrapper] target date: 2026-09-23
[retry-wrapper] subject override: (none, will use queue)
[retry-wrapper] queue length: 5

[retry-wrapper] ===== attempt 1/4 =====
Found 26 dead subject(s) in last 14 days; will avoid.
Subject queue: pulling "Container, Shipping 40-Foot" (5 item(s) before pull, 0 dropped as dup).
SUBJECT_OVERRIDE active: subject="Container, Shipping 40-Foot" query="40 foot shipping container" (source: queue)
Subject: Container, Shipping 40-Foot (query: "40 foot shipping container")
Subject "Container, Shipping 40-Foot" returned zero Unsplash results for query "40 foot shipping container". (attempt 1)
Fallback subject (#1): Pipeline, Trans-Alaska (query: "trans-alaska pipeline")
Subject "Pipeline, Trans-Alaska" returned zero Unsplash results for query "trans-alaska pipeline". (attempt 2)
Fallback subject (#2): Thiccc Lockheed L-1011 TriStar (query: "Lockheed L-1011")
Subject "Thiccc Lockheed L-1011 TriStar" returned zero Unsplash results for query "Lockheed L-1011". (attempt 3)
Fallback subject (#3): Boeing 787, Dreamliner (query: "Boeing 787")
Found 20 candidate photos.
[photo-dedup] dropped 1 candidate(s) already used by another entry; 19 left.
Vision picked #4 of 12: This photo shows the Boeing 787 from a frontal angle, emphasizing its wide fuselage and overall girth.
Saved image to images/2026-09-23-boeing-787-dreamliner.jpg
[webp] 2026-09-23-boeing-787-dreamliner.jpg: 201KB -> 105KB (48% smaller)
Design critique: score=9/10, verdict=ship
  ⚠️ Banned terms found in entry "Boeing 787, Dreamliner":
     [definitions] "runway" (banned-word)
Banned-words attempt 1/3 rejected ("runway" in definitions). Retrying...
  ⚠️ Banned terms found in entry "Boeing 787, Dreamliner":
     [etymology] "undeniably" (banned-word)
Banned-words attempt 2/3 rejected ("undeniably" in etymology). Retrying...
  ⚠️ Banned terms found in entry "Boeing 787, Dreamliner":
     [example] "runway" (banned-word)
Banned-words check failed on all 3 attempts, shipping with violations. Christopher should review.
Humor critique: score=7/10, verdict=ship, weakest=etymology
  feedback: The example sentence is specific and ends on a comedic beat with 'Architectural,' which works well. The etymology lacks a kicker and feels too straightforward, missing an opportunity for a deadpan punch. The entry avoids anti-patterns and includes a surprise detail with 'casting a shadow large enough to house a small conference.'
Generated social captions:
  morning: Boeing 787, Dreamliner.
  afternoon: Carbon fiber composite—50% by weight.
  evening: From the archives, Boeing 787, Dreamliner.
  reels: Boeing 787, Dreamliner.
[bail] final dup-guard: "Boeing 787, Dreamliner" duplicates catalogued "Boeing 777X" - subject "Boeing 787, Dreamliner"
[bail] popped "Boeing 787, Dreamliner" from queue. 4 item(s) remain.
[bail] logged to audits/dead-subjects/2026-09-23.md
[retry-wrapper] attempt 1 bailed (no NEW entry for 2026-09-23 yet). Queue now has 4 item(s).

[retry-wrapper] ===== attempt 2/4 =====
Found 24 dead subject(s) in last 14 days; will avoid.
Subject queue: dropping "Truck, Cement Mixer Drum" - duplicates catalogued "Thiccc Tanker Truck".
Subject queue: pulling "Rock, Plymouth" (4 item(s) before pull, 1 dropped as dup).
SUBJECT_OVERRIDE active: subject="Rock, Plymouth" query="plymouth rock memorial" (source: queue)
Subject: Rock, Plymouth (query: "plymouth rock memorial")
Subject "Rock, Plymouth" returned zero Unsplash results for query "plymouth rock memorial". (attempt 1)
Fallback subject (#1): Thiccc Caterpillar D11T (query: "Caterpillar D11T")
Subject "Thiccc Caterpillar D11T" returned zero Unsplash results for query "Caterpillar D11T". (attempt 2)
Fallback subject (#2): Pumpkin, Dill's Atlantic Giant (query: "Dill's Atlantic Giant pumpkin")
Found 30 candidate photos.
Vision picked #3 of 12: this photo shows multiple large pumpkins with a clear view of their girth and shape.
Saved image to images/2026-09-23-pumpkin-dill-s-atlantic-giant.jpg
[webp] 2026-09-23-pumpkin-dill-s-atlantic-giant.jpg: 191KB -> 103KB (46% smaller)
Design critique: score=1/10, verdict=reject, NOT THE SUBJECT
[image-retry] image 1 scored 1 / subjectPct 64; trying another photo for "Pumpkin, Dill's Atlantic Giant" (29 candidates left).
Vision picked #5 of 12: this photo showcases multiple large pumpkins stacked together, emphasizing their overall girth.
[webp] 2026-09-23-pumpkin-dill-s-atlantic-giant.jpg: 268KB -> 176KB (34% smaller)
Design critique: score=9/10, verdict=ship
[image-retry] an alternative photo passed the gate on try 2.
Humor critique: score=9/10, verdict=ship, weakest=overall
  feedback: The entry is strong with a vivid example scene involving a forklift, and the etymology ends on a humorous note about groaning straw. The suburban Costco comparison adds specificity and humor. A minor tweak could enhance the definition's humor, but overall, it's ready to ship.
Generated social captions:
  morning: Pumpkin, Dill's Atlantic Giant.
  afternoon: Dill's Atlantic Giant.
  evening: From the archives, Pumpkin, Dill's Atlantic Giant.
  reels: Dill's Atlantic Giant.
[bail] final dup-guard: "Pumpkin, Dill's Atlantic Giant" duplicates catalogued "Pumpkin, Atlantic Giant" - subject "Pumpkin, Dill's Atlantic Giant"
[bail] popped "Pumpkin, Dill's Atlantic Giant" from queue. 2 item(s) remain.
[bail] logged to audits/dead-subjects/2026-09-23.md
[retry-wrapper] attempt 2 bailed (no NEW entry for 2026-09-23 yet). Queue now has 2 item(s).

[retry-wrapper] ===== attempt 3/4 =====
Found 25 dead subject(s) in last 14 days; will avoid.
Subject queue: pulling "Crockpot, Slow Cooker Oval" (2 item(s) before pull, 0 dropped as dup).
SUBJECT_OVERRIDE active: subject="Crockpot, Slow Cooker Oval" query="oval slow cooker crockpot" (source: queue)
Subject: Crockpot, Slow Cooker Oval (query: "oval slow cooker crockpot")
Subject "Crockpot, Slow Cooker Oval" returned zero Unsplash results for query "oval slow cooker crockpot". (attempt 1)
Fallback subject (#1): Thiccc Caterpillar D10T (query: "Caterpillar D10T")
Subject "Thiccc Caterpillar D10T" returned zero Unsplash results for query "Caterpillar D10T". (attempt 2)
Fallback subject (#2): Thiccc Caterpillar 797F (query: "Caterpillar 797F")
Subject "Thiccc Caterpillar 797F" returned zero Unsplash results for query "Caterpillar 797F". (attempt 3)
Fallback subject (#3): Thiccc Caterpillar 797F (query: "Caterpillar 797F")
Subject "Thiccc Caterpillar 797F" returned zero Unsplash results for query "Caterpillar 797F". (attempt 4)
Last-resort: picking from safe pool → "Tractor Tire".
Found 30 candidate photos.
[photo-dedup] dropped 2 candidate(s) already used by another entry; 28 left.
Vision picked #9 of 12: This photo shows a full tractor with prominent, thick tires, emphasizing its girth.
Saved image to images/2026-09-23-tractor-tire.jpg
[webp] 2026-09-23-tractor-tire.jpg: 491KB -> 435KB (11% smaller)
Design critique: score=1/10, verdict=reject, NOT THE SUBJECT
[image-retry] image 1 scored 1 / subjectPct 36; trying another photo for "Tractor Tire" (27 candidates left).
Vision picked #7 of 12: the photo shows a full tractor with its thick tires prominently displayed.
[webp] 2026-09-23-tractor-tire.jpg: 287KB -> 193KB (33% smaller)
Design critique: score=1/10, verdict=reject, NOT THE SUBJECT
[image-retry] image 2 scored 1 / subjectPct 48; trying another photo for "Tractor Tire" (26 candidates left).
Vision picked #1 of 12: This photo shows a tractor with its tire clearly visible, emphasizing its overall girth and silhouette.
[webp] 2026-09-23-tractor-tire.jpg: 240KB -> 166KB (31% smaller)
Design critique: score=1/10, verdict=reject, NOT THE SUBJECT
GATE: critique flagged the image as unacceptable. Skipping before PR.
  score: 1  verdict: reject  subjectPct: 24  isSubject: false
  critique: The photo primarily depicts a tractor, not specifically a tractor tire. The tire is visible but not the main focus, as the entire tractor is shown within a wooded setting. The image does not meet the subject requirement of focusing solely on the tractor tire. Additionally, the presence of surrounding foliage and the grayscale tone distract from the tire itself, making it unsuitable for the intended subject.
[picker-learning] appended rejection to /home/runner/work/thiccctionary/thiccctionary/audits/picker-rejections.jsonl
[bail] critique gate: verdict=reject score=1 subjectPct=24 - subject "Tractor Tire"
[bail] popped "Tractor Tire" from queue. 1 item(s) remain.
[bail] logged to audits/dead-subjects/2026-09-23.md
[retry-wrapper] attempt 3 bailed (no NEW entry for 2026-09-23 yet). Queue now has 1 item(s).

[retry-wrapper] ===== attempt 4/4 =====
Found 26 dead subject(s) in last 14 days; will avoid.
Subject queue: pulling "Garbage Truck, Front-Loader" (1 item(s) before pull, 0 dropped as dup).
SUBJECT_OVERRIDE active: subject="Garbage Truck, Front-Loader" query="front loader garbage truck" (source: queue)
Subject: Garbage Truck, Front-Loader (query: "front loader garbage truck")
Subject "Garbage Truck, Front-Loader" returned zero Unsplash results for query "front loader garbage truck". (attempt 1)
Fallback subject (#1): Thiccc Lockheed Martin F-22 Raptor (query: "F-22 Raptor")
Found 2 candidate photos.
Vision picked #2 of 2: this photo shows the full silhouette of the F-22 Raptor from behind, emphasizing its overall girth and shape.
Saved image to images/2026-09-23-thiccc-lockheed-martin-f-22-raptor.jpg
[webp] 2026-09-23-thiccc-lockheed-martin-f-22-raptor.jpg: 69KB -> 24KB (65% smaller)
Design critique: score=9/10, verdict=ship
Humor critique: score=7/10, verdict=ship, weakest=definitions
  feedback: The example sentence is specific with a humorous twist on noise ordinances, and the etymology ends with a deadpan kicker. However, the definitions lean on the anti-pattern 'renowned for its' and could use a more unexpected detail or comedic angle to enhance the humor.
Generated social captions:
  morning: Thiccc Lockheed Martin F-22 Raptor.
  afternoon: The F-22 Raptor's active radar signature? Invisible.
  evening: From the archives, Thiccc Lockheed Martin F-22 Raptor.
  reels: Radar-evading, yet undeniably thiccc.
Saved entry: Thiccc Lockheed Martin F-22 Raptor
Built entry page: entries/2026-09-23.html
Rebuilt prev entry page (2026-09-22) so its next-link points to today.
[rss] image not on disk, falling back to og-default: https://images.unsplash.com/photo-1707948949585-4b9e45a1bf56?auto=format&fit=crop&w=1600&h=1600&q=80
[rss] image not on disk, falling back to og-default: https://camo.githubusercontent.com/32976a9866eefe86c660e06e4f89c42d15c4f2f6657b04819519608839dfaea4/68747470733a2f2f696d616765732e756e73706c6173682e636f6d2f70686f746f2d313536313438363436322d3839383334613033636237323f773d38303026683d383030266669743d63726f7026666d3d6a706726713d3730
[rss] image not on disk, falling back to og-default: https://camo.githubusercontent.com/32976a9866eefe86c660e06e4f89c42d15c4f2f6657b04819519608839dfaea4/68747470733a2f2f696d616765732e756e73706c6173682e636f6d2f70686f746f2d313536313438363436322d3839383334613033636237323f773d38303026683d383030266669743d63726f7026666d3d6a706726713d3730
[rss] image not on disk, falling back to og-default: https://images.unsplash.com/photo-1707948949585-4b9e45a1bf56?auto=format&fit=crop&w=1600&h=1600&q=80
Per-tag feeds: 13 written (tags with 2+ entries)
RSS feed rebuilt with 159 entries + 67 articles.
Sitemap rebuilt with 159 entries.
Subject queue updated: 0 item(s) remaining.
[retry-wrapper] entry for 2026-09-23 landed on attempt 4.
```
