# Daily run trace 2026-09-25-190156

Triggered by: workflow_dispatch (actor=github-actions[bot])
Run URL: https://github.com/christopherlhicks29-create/thiccctionary/actions/runs/36177017882
force_regenerate input: false
collision.proceed: true
Generate step ran: success
Verify step ran: SKIPPED
entry_written: NOT_SET

## generate-daily.js stdout
```
[retry-wrapper] target date: 2026-09-25
[retry-wrapper] subject override: (none, will use queue)
[retry-wrapper] queue length: 3

[retry-wrapper] ===== attempt 1/4 =====
Found 26 dead subject(s) in last 14 days; will avoid.
Subject queue: dropping "Steam Locomotive, Big Boy" - duplicates catalogued "Boiler, Steam Locomotive".
Subject queue: pulling "Piggy Bank, Ceramic" (3 item(s) before pull, 1 dropped as dup).
SUBJECT_OVERRIDE active: subject="Piggy Bank, Ceramic" query="large ceramic piggy bank" (source: queue)
Subject: Piggy Bank, Ceramic (query: "large ceramic piggy bank")
Found 2 candidate photos.
Vision picked #2 of 2: This photo features a ceramic piggy bank with a rounded, full silhouette that emphasizes its girth.
Saved image to images/2026-09-25-piggy-bank-ceramic.jpg
[webp] 2026-09-25-piggy-bank-ceramic.jpg: 135KB -> 53KB (61% smaller)
Design critique: score=1/10, verdict=reject, NOT THE SUBJECT
[image-retry] image 1 scored 1 / subjectPct 64; trying another photo for "Piggy Bank, Ceramic" (1 candidates left).
Vision rejected all 1 candidates: all candidates fail veto
GATE: critique flagged the image as unacceptable. Skipping before PR.
  score: 1  verdict: reject  subjectPct: 64  isSubject: false
  critique: The photo does not show a ceramic piggy bank, but rather a ceramic globe with text on it. The subject is not the named object, leading to an automatic rejection. The image is well-composed and clear, but it does not meet the criteria for the specified subject.
[picker-learning] appended rejection to /home/runner/work/thiccctionary/thiccctionary/audits/picker-rejections.jsonl
[bail] critique gate: verdict=reject score=1 subjectPct=64 - subject "Piggy Bank, Ceramic"
[bail] popped "Piggy Bank, Ceramic" from queue. 1 item(s) remain.
[bail] logged to audits/dead-subjects/2026-09-25.md
[retry-wrapper] attempt 1 bailed (no NEW entry for 2026-09-25 yet). Queue now has 1 item(s).

[retry-wrapper] ===== attempt 2/4 =====
Found 26 dead subject(s) in last 14 days; will avoid.
Subject queue: pulling "Gong, Chinese Brass" (1 item(s) before pull, 0 dropped as dup).
SUBJECT_OVERRIDE active: subject="Gong, Chinese Brass" query="chinese brass gong large" (source: queue)
Subject: Gong, Chinese Brass (query: "chinese brass gong large")
Subject "Gong, Chinese Brass" returned zero Unsplash results for query "chinese brass gong large". (attempt 1)
Fallback subject (#1): Giant Sandworm (query: "giant sandworm")
Found 30 candidate photos.
Vision picked #8 of 12: this photo shows a full silhouette of a thick, worm-like subject against a clean background, emphasizing its girth.
Saved image to images/2026-09-25-giant-sandworm.jpg
[webp] 2026-09-25-giant-sandworm.jpg: 240KB -> 168KB (30% smaller)
Design critique: score=1/10, verdict=reject, NOT THE SUBJECT
[image-retry] image 1 scored 1 / subjectPct 48; trying another photo for "Giant Sandworm" (29 candidates left).
Vision rejected all 12 candidates: all candidates fail veto
GATE: critique flagged the image as unacceptable. Skipping before PR.
  score: 1  verdict: reject  subjectPct: 48  isSubject: false
  critique: The photo does not show a 'Giant Sandworm' but rather lobster pots partially buried in the sand. The subject is not the named object, making it unsuitable for the entry. The composition and lighting are well-executed, but the subject matter does not match the description, leading to a low score.
[picker-learning] appended rejection to /home/runner/work/thiccctionary/thiccctionary/audits/picker-rejections.jsonl
[bail] critique gate: verdict=reject score=1 subjectPct=48 - subject "Giant Sandworm"
[bail] popped "Giant Sandworm" from queue. 0 item(s) remain.
[bail] logged to audits/dead-subjects/2026-09-25.md
[retry-wrapper] attempt 2 bailed (no NEW entry for 2026-09-25 yet). Queue now has 0 item(s).

[retry-wrapper] ===== attempt 3/4 =====
[retry-wrapper] queue empty and no override - stopping retries.
[retry-wrapper] exhausted 4 attempts. No NEW entry landed for 2026-09-25.
```
