# Daily run trace 2026-09-17-135625

Triggered by: workflow_dispatch (actor=github-actions[bot])
Run URL: https://github.com/christopherlhicks29-create/thiccctionary/actions/runs/35230028724
force_regenerate input: false
collision.proceed: true
Generate step ran: success
Verify step ran: SKIPPED
entry_written: NOT_SET

## generate-daily.js stdout
```
[retry-wrapper] target date: 2026-09-17
[retry-wrapper] subject override: (none, will use queue)
[retry-wrapper] queue length: 7

[retry-wrapper] ===== attempt 1/4 =====
Found 28 dead subject(s) in last 14 days; will avoid.
Subject queue: pulling "Igloo, Snow Block" (7 item(s) before pull, 0 dropped as dup).
SUBJECT_OVERRIDE active: subject="Igloo, Snow Block" query="snow block igloo" (source: queue)
Subject: Igloo, Snow Block (query: "snow block igloo")
Subject "Igloo, Snow Block" returned zero Unsplash results for query "snow block igloo". (attempt 1)
Fallback subject (#1): Thiccc Tuba, Contrabass (query: "contrabass tuba")
Found 9 candidate photos.
[photo-dedup] dropped 1 candidate(s) already used by another entry; 8 left.
Vision picked #3 of 8: this photo shows multiple tubas prominently, emphasizing their thiccness and girth.
Saved image to images/2026-09-17-thiccc-tuba-contrabass.jpg
[webp] 2026-09-17-thiccc-tuba-contrabass.jpg: 132KB -> 71KB (46% smaller)
Design critique: score=1/10, verdict=reject, NOT THE SUBJECT
[image-retry] image 1 scored 1 / subjectPct 36; trying another photo for "Thiccc Tuba, Contrabass" (7 candidates left).
Vision picked #1 of 7: this photo shows a tuba being held prominently, emphasizing its girth and presence.
[webp] 2026-09-17-thiccc-tuba-contrabass.jpg: 227KB -> 129KB (43% smaller)
Design critique: score=1/10, verdict=reject, NOT THE SUBJECT
[image-retry] image 2 scored 1 / subjectPct 40; trying another photo for "Thiccc Tuba, Contrabass" (6 candidates left).
Vision rejected all 6 candidates: all candidates fail veto
GATE: critique flagged the image as unacceptable. Skipping before PR.
  score: 1  verdict: reject  subjectPct: 40  isSubject: false
  critique: The photo does not show a 'Thiccc Tuba, Contrabass' as specified. Instead, it depicts a man playing a brass instrument that resembles a euphonium, not a contrabass tuba. The instrument is partially obscured by the person, and the focus is more on the individual than the instrument itself. The composition centers on the person, which disqualifies it for the intended subject. The image is not suitable for the dictionary entry as it fails to meet the identity test.
[picker-learning] appended rejection to /home/runner/work/thiccctionary/thiccctionary/audits/picker-rejections.jsonl
[bail] critique gate: verdict=reject score=1 subjectPct=40 - subject "Thiccc Tuba, Contrabass"
[bail] popped "Thiccc Tuba, Contrabass" from queue. 6 item(s) remain.
[bail] logged to audits/dead-subjects/2026-09-17.md
[retry-wrapper] attempt 1 bailed (no NEW entry for 2026-09-17 yet). Queue now has 6 item(s).

[retry-wrapper] ===== attempt 2/4 =====
Found 26 dead subject(s) in last 14 days; will avoid.
Subject queue: pulling "Sandcastle, Beach Turret" (6 item(s) before pull, 0 dropped as dup).
SUBJECT_OVERRIDE active: subject="Sandcastle, Beach Turret" query="large sandcastle turret beach" (source: queue)
Subject: Sandcastle, Beach Turret (query: "large sandcastle turret beach")
Found 1 candidate photos.
Vision picked #1 of 1: The sandcastle's expansive silhouette against the beach emphasizes its substantial girth.
Saved image to images/2026-09-17-sandcastle-beach-turret.jpg
[webp] 2026-09-17-sandcastle-beach-turret.jpg: 165KB -> 92KB (44% smaller)
Design critique: score=1/10, verdict=reject, NOT THE SUBJECT
GATE: critique flagged the image as unacceptable. Skipping before PR.
  score: 1  verdict: reject  subjectPct: 9  isSubject: false
  critique: The photo does not depict a 'Sandcastle, Beach Turret' but rather a real castle on a beach. The subject is not a sandcastle, which is the required object for this entry. The castle is distant and not the focal point of the image, which is dominated by the beach and people. The image does not fit the criteria for the subject and is therefore unsuitable for the entry.
[picker-learning] appended rejection to /home/runner/work/thiccctionary/thiccctionary/audits/picker-rejections.jsonl
[bail] critique gate: verdict=reject score=1 subjectPct=9 - subject "Sandcastle, Beach Turret"
[bail] popped "Sandcastle, Beach Turret" from queue. 5 item(s) remain.
[bail] logged to audits/dead-subjects/2026-09-17.md
[retry-wrapper] attempt 2 bailed (no NEW entry for 2026-09-17 yet). Queue now has 5 item(s).

[retry-wrapper] ===== attempt 3/4 =====
Found 27 dead subject(s) in last 14 days; will avoid.
Subject queue: pulling "Container, Shipping 40-Foot" (5 item(s) before pull, 0 dropped as dup).
SUBJECT_OVERRIDE active: subject="Container, Shipping 40-Foot" query="40 foot shipping container" (source: queue)
Subject: Container, Shipping 40-Foot (query: "40 foot shipping container")
Subject "Container, Shipping 40-Foot" returned zero Unsplash results for query "40 foot shipping container". (attempt 1)
Fallback subject (#1): Titanic, RMS (query: "Titanic")
Found 18 candidate photos.
[photo-dedup] dropped 2 candidate(s) already used by another entry; 16 left.
Vision picked #3 of 12: this photo shows the Titanic's grandeur with a clear view of its silhouette and structure.
Saved image to images/2026-09-17-titanic-rms.jpg
[webp] 2026-09-17-titanic-rms.jpg: 287KB -> 177KB (38% smaller)
Design critique: score=1/10, verdict=reject, NOT THE SUBJECT
[image-retry] image 1 scored 1 / subjectPct 64; trying another photo for "Titanic, RMS" (15 candidates left).
Vision picked #1 of 12: the photo features a detailed depiction of the RMS Titanic, emphasizing its iconic silhouette.
[webp] 2026-09-17-titanic-rms.jpg: 200KB -> 110KB (45% smaller)
Design critique: score=1/10, verdict=reject, NOT THE SUBJECT
[image-retry] image 2 scored 1 / subjectPct 64; trying another photo for "Titanic, RMS" (14 candidates left).
Vision picked #4 of 12: this photo shows the full silhouette of a ship, emphasizing its large and thick structure.
[webp] 2026-09-17-titanic-rms.jpg: 93KB -> 46KB (50% smaller)
Design critique: score=1/10, verdict=reject, NOT THE SUBJECT
GATE: critique flagged the image as unacceptable. Skipping before PR.
  score: 1  verdict: reject  subjectPct: 64  isSubject: false
  critique: The photo does not depict the RMS Titanic. Instead, it shows a different ship named Cheynes IV. The framing is good, and the ship is clearly the focal point, but it fails the identity test as it does not show the named subject. Therefore, the image is not suitable for the entry and is rejected.
[picker-learning] appended rejection to /home/runner/work/thiccctionary/thiccctionary/audits/picker-rejections.jsonl
[bail] critique gate: verdict=reject score=1 subjectPct=64 - subject "Titanic, RMS"
[bail] popped "Titanic, RMS" from queue. 4 item(s) remain.
[bail] logged to audits/dead-subjects/2026-09-17.md
[retry-wrapper] attempt 3 bailed (no NEW entry for 2026-09-17 yet). Queue now has 4 item(s).

[retry-wrapper] ===== attempt 4/4 =====
Found 28 dead subject(s) in last 14 days; will avoid.
Subject queue: dropping "Coil, Hay Bale Round" - duplicates catalogued "Hay Bale, Round".
Subject queue: dropping "Steam Locomotive, Big Boy" - duplicates catalogued "Boiler, Steam Locomotive".
Subject queue: pulling "Snowplow, Municipal" (4 item(s) before pull, 2 dropped as dup).
SUBJECT_OVERRIDE active: subject="Snowplow, Municipal" query="municipal snowplow truck" (source: queue)
Subject: Snowplow, Municipal (query: "municipal snowplow truck")
Found 30 candidate photos.
[photo-dedup] dropped 4 candidate(s) already used by another entry; 26 left.
Vision picked #3 of 12: this snowplow is prominently featured in a snowy landscape, showcasing its size and girth against the harsh weather.
Saved image to images/2026-09-17-snowplow-municipal.jpg
[webp] 2026-09-17-snowplow-municipal.jpg: 124KB -> 56KB (55% smaller)
Design critique: score=9/10, verdict=ship
[image-retry] image 1 scored 9 / subjectPct 20; trying another photo for "Snowplow, Municipal" (25 candidates left).
Vision picked #5 of 12: this photo clearly shows a snowplow in action, emphasizing its size and girth against a snowy backdrop.
[webp] 2026-09-17-snowplow-municipal.jpg: 105KB -> 41KB (61% smaller)
Design critique: score=7/10, verdict=needs-review
[image-retry] image 2 scored 7 / subjectPct 16; trying another photo for "Snowplow, Municipal" (24 candidates left).
Vision picked #1 of 12: this photo shows a snowplow with a prominent blade and a clear silhouette against the snowy background.
[webp] 2026-09-17-snowplow-municipal.jpg: 215KB -> 112KB (48% smaller)
Design critique: score=1/10, verdict=reject, NOT THE SUBJECT
GATE: critique flagged the image as unacceptable. Skipping before PR.
  score: 1  verdict: reject  subjectPct: 32  isSubject: false
  critique: The photo shows a bulldozer with a snowplow attachment rather than a dedicated municipal snowplow. The subject is not centered, and the bulldozer is partially obscured by the angle and other elements in the scene. This does not fit the criteria for a municipal snowplow, leading to a rejection. The image is cluttered with surrounding street elements, which distracts from the main subject.
[picker-learning] appended rejection to /home/runner/work/thiccctionary/thiccctionary/audits/picker-rejections.jsonl
[bail] critique gate: verdict=reject score=1 subjectPct=32 - subject "Snowplow, Municipal"
[bail] popped "Snowplow, Municipal" from queue. 1 item(s) remain.
[bail] logged to audits/dead-subjects/2026-09-17.md
[retry-wrapper] attempt 4 bailed (no NEW entry for 2026-09-17 yet). Queue now has 1 item(s).
[retry-wrapper] exhausted 4 attempts. No NEW entry landed for 2026-09-17.
```
