# Daily run trace 2026-08-09-054211

Triggered by: workflow_dispatch (actor=github-actions[bot])
Run URL: https://github.com/christopherlhicks29-create/thiccctionary/actions/runs/31297175417
force_regenerate input: false
collision.proceed: true
Generate step ran: success
Verify step ran: SKIPPED
entry_written: NOT_SET

## generate-daily.js stdout
```
[retry-wrapper] target date: 2026-08-09
[retry-wrapper] subject override: (none, will use queue)
[retry-wrapper] queue length: 6

[retry-wrapper] ===== attempt 1/4 =====
Found 23 dead subject(s) in last 14 days; will avoid.
Subject queue: pulling "Container, Shipping 40-Foot" (6 item(s) before pull, 0 dropped as dup).
SUBJECT_OVERRIDE active: subject="Container, Shipping 40-Foot" query="40 foot shipping container" (source: queue)
Subject: Container, Shipping 40-Foot (query: "40 foot shipping container")
Subject "Container, Shipping 40-Foot" returned zero Unsplash results for query "40 foot shipping container". (attempt 1)
Fallback subject (#1): Boeing Stratofortress (query: "Boeing B-52")
Found 7 candidate photos.
Vision picked #4 of 7: this photo shows the full silhouette of the aircraft, emphasizing its girth and overall shape.
Saved image to images/2026-08-09-boeing-stratofortress.jpg
[webp] 2026-08-09-boeing-stratofortress.jpg: 127KB -> 38KB (70% smaller)
Design critique: score=1/10, verdict=reject, NOT THE SUBJECT
[image-retry] image 1 scored 1 / subjectPct 64; trying another photo for "Boeing Stratofortress" (6 candidates left).
Vision rejected all 6 candidates: all candidates fail veto
GATE: critique flagged the image as unacceptable. Skipping before PR.
  score: 1  verdict: reject  subjectPct: 64  isSubject: false
  critique: The photo depicts a Boeing B-29 Superfortress, not a Boeing Stratofortress. The B-29 is a different model, which disqualifies the image based on the subject identity test. The aircraft is well-framed and clearly the focal point, but it does not match the specified subject, leading to rejection.
[picker-learning] appended rejection to /home/runner/work/thiccctionary/thiccctionary/audits/picker-rejections.jsonl
[bail] critique gate: verdict=reject score=1 subjectPct=64 - subject "Boeing Stratofortress"
[bail] popped "Boeing Stratofortress" from queue. 5 item(s) remain.
[bail] logged to audits/dead-subjects/2026-08-09.md
[retry-wrapper] attempt 1 bailed (no NEW entry for 2026-08-09 yet). Queue now has 5 item(s).

[retry-wrapper] ===== attempt 2/4 =====
Found 21 dead subject(s) in last 14 days; will avoid.
Subject queue: dropping "Coil, Hay Bale Round" - duplicates catalogued "Hay Bale, Round".
Subject queue: dropping "Iceberg, Arctic" - duplicates catalogued "Tabular Iceberg, Antarctic".
Subject queue: pulling "Pizza, Detroit Square" (5 item(s) before pull, 2 dropped as dup).
SUBJECT_OVERRIDE active: subject="Pizza, Detroit Square" query="detroit square pan pizza" (source: queue)
Subject: Pizza, Detroit Square (query: "detroit square pan pizza")
Subject "Pizza, Detroit Square" returned zero Unsplash results for query "detroit square pan pizza". (attempt 1)
Fallback subject (#1): Thiccc Antonov An-225 (query: "Antonov An-225")
Found 30 candidate photos.
Vision picked #2 of 12: this photo shows the full silhouette of an aircraft, emphasizing its girth and size.
Saved image to images/2026-08-09-thiccc-antonov-an-225.jpg
[webp] 2026-08-09-thiccc-antonov-an-225.jpg: 136KB -> 70KB (49% smaller)
Design critique: score=1/10, verdict=reject, NOT THE SUBJECT
[image-retry] image 1 scored 1 / subjectPct 24; trying another photo for "Thiccc Antonov An-225" (29 candidates left).
Vision rejected all 12 candidates: all candidates fail veto
GATE: critique flagged the image as unacceptable. Skipping before PR.
  score: 1  verdict: reject  subjectPct: 24  isSubject: false
  critique: The photo does not depict the Antonov An-225, which is the subject. Instead, it shows an IL-76 aircraft. The IL-76 is a different model and does not meet the identity requirement for the subject. The aircraft is well-centered and prominent in the frame, but since it is not the correct aircraft, the photo must be rejected.
[picker-learning] appended rejection to /home/runner/work/thiccctionary/thiccctionary/audits/picker-rejections.jsonl
[bail] critique gate: verdict=reject score=1 subjectPct=24 - subject "Thiccc Antonov An-225"
[bail] popped "Thiccc Antonov An-225" from queue. 2 item(s) remain.
[bail] logged to audits/dead-subjects/2026-08-09.md
[retry-wrapper] attempt 2 bailed (no NEW entry for 2026-08-09 yet). Queue now has 2 item(s).

[retry-wrapper] ===== attempt 3/4 =====
Found 22 dead subject(s) in last 14 days; will avoid.
Subject queue: pulling "Burger, Quadruple Stack" (2 item(s) before pull, 0 dropped as dup).
SUBJECT_OVERRIDE active: subject="Burger, Quadruple Stack" query="quadruple stack burger" (source: queue)
Subject: Burger, Quadruple Stack (query: "quadruple stack burger")
Subject "Burger, Quadruple Stack" returned zero Unsplash results for query "quadruple stack burger". (attempt 1)
Fallback subject (#1): Hercules, C-130 (query: "C-130 Hercules")
Subject "Hercules, C-130" returned zero Unsplash results for query "C-130 Hercules". (attempt 2)
Fallback subject (#2): Giant Cabot Circus Pumpkin (query: "giant pumpkin")
Subject "Giant Cabot Circus Pumpkin" returned zero Unsplash results for query "giant pumpkin". (attempt 3)
Fallback subject (#3): Titan, Trench Digger (query: "trench digger")
Subject "Titan, Trench Digger" returned zero Unsplash results for query "trench digger". (attempt 4)
Last-resort: picking from safe pool → "Tractor Tire".
Found 30 candidate photos.
[photo-dedup] dropped 2 candidate(s) already used by another entry; 28 left.
Vision picked #8 of 12: this photo shows a full tractor with prominent, thick tires emphasizing girth.
Saved image to images/2026-08-09-tractor-tire.jpg
[webp] 2026-08-09-tractor-tire.jpg: 491KB -> 435KB (11% smaller)
Design critique: score=1/10, verdict=reject, NOT THE SUBJECT
[image-retry] image 1 scored 1 / subjectPct 36; trying another photo for "Tractor Tire" (27 candidates left).
Vision picked #12 of 12: this photo shows a full tractor with prominent, thick tires, emphasizing its girth.
[webp] 2026-08-09-tractor-tire.jpg: 235KB -> 141KB (40% smaller)
Design critique: score=1/10, verdict=reject, NOT THE SUBJECT
[image-retry] image 2 scored 1 / subjectPct 48; trying another photo for "Tractor Tire" (26 candidates left).
Vision picked #8 of 12: this photo shows a full tractor with prominent, thick tires, emphasizing its girth.
[webp] 2026-08-09-tractor-tire.jpg: 287KB -> 194KB (33% smaller)
Design critique: score=1/10, verdict=reject, NOT THE SUBJECT
GATE: critique flagged the image as unacceptable. Skipping before PR.
  score: 1  verdict: reject  subjectPct: 42  isSubject: false
  critique: The photo primarily depicts a vintage farm tractor, not specifically a tractor tire. The tractor is well-centered and fills the frame, but the focus is on the entire vehicle rather than just the tire. The image is documentary in style, fitting the brand, but it does not meet the subject requirement of showcasing a tractor tire specifically. Therefore, it does not fulfill the criteria for the intended subject.
[picker-learning] appended rejection to /home/runner/work/thiccctionary/thiccctionary/audits/picker-rejections.jsonl
[bail] critique gate: verdict=reject score=1 subjectPct=42 - subject "Tractor Tire"
[bail] popped "Tractor Tire" from queue. 1 item(s) remain.
[bail] logged to audits/dead-subjects/2026-08-09.md
[retry-wrapper] attempt 3 bailed (no NEW entry for 2026-08-09 yet). Queue now has 1 item(s).

[retry-wrapper] ===== attempt 4/4 =====
Found 23 dead subject(s) in last 14 days; will avoid.
Subject queue: pulling "Roast, Prime Rib" (1 item(s) before pull, 0 dropped as dup).
SUBJECT_OVERRIDE active: subject="Roast, Prime Rib" query="prime rib roast standing" (source: queue)
Subject: Roast, Prime Rib (query: "prime rib roast standing")
Found 5 candidate photos.
Vision picked #1 of 5: this photo showcases thick prime rib cuts with prominent marbling and size.
Saved image to images/2026-08-09-roast-prime-rib.jpg
[webp] 2026-08-09-roast-prime-rib.jpg: 310KB -> 225KB (27% smaller)
Design critique: score=1/10, verdict=reject, NOT THE SUBJECT
[image-retry] image 1 scored 1 / subjectPct 64; trying another photo for "Roast, Prime Rib" (4 candidates left).
Vision picked #1 of 4: This photo showcases hanging prime rib cuts, emphasizing their thickness and overall girth.
[webp] 2026-08-09-roast-prime-rib.jpg: 248KB -> 151KB (39% smaller)
Design critique: score=1/10, verdict=reject, NOT THE SUBJECT
[image-retry] image 2 scored 1 / subjectPct 36; trying another photo for "Roast, Prime Rib" (3 candidates left).
Vision picked #3 of 3: this photo showcases a large, thick cut of prime rib with a hearty presentation.
[webp] 2026-08-09-roast-prime-rib.jpg: 232KB -> 140KB (40% smaller)
Design critique: score=1/10, verdict=reject, NOT THE SUBJECT
GATE: critique flagged the image as unacceptable. Skipping before PR.
  score: 1  verdict: reject  subjectPct: 49  isSubject: false
  critique: The photo shows a sliced steak with vegetables and sauce, not a whole prime rib roast. The subject is not the named object, as prime rib typically refers to a larger, whole cut of beef. The composition is appealing and well-framed, but it does not meet the criteria for the specified subject. The focus is on the steak, which is not oversized or particularly thiccc for its kind.
[picker-learning] appended rejection to /home/runner/work/thiccctionary/thiccctionary/audits/picker-rejections.jsonl
[bail] critique gate: verdict=reject score=1 subjectPct=49 - subject "Roast, Prime Rib"
[bail] popped "Roast, Prime Rib" from queue. 0 item(s) remain.
[bail] logged to audits/dead-subjects/2026-08-09.md
[retry-wrapper] attempt 4 bailed (no NEW entry for 2026-08-09 yet). Queue now has 0 item(s).
[retry-wrapper] exhausted 4 attempts. No NEW entry landed for 2026-08-09.
```
