# Daily run trace 2026-08-16-003904

Triggered by: workflow_dispatch (actor=github-actions[bot])
Run URL: https://github.com/christopherlhicks29-create/thiccctionary/actions/runs/31917639473
force_regenerate input: false
collision.proceed: true
Generate step ran: success
Verify step ran: SKIPPED
entry_written: NOT_SET

## generate-daily.js stdout
```
[retry-wrapper] target date: 2026-08-16
[retry-wrapper] subject override: (none, will use queue)
[retry-wrapper] queue length: 6

[retry-wrapper] ===== attempt 1/4 =====
Found 28 dead subject(s) in last 14 days; will avoid.
Subject queue: pulling "Stew, Cast Iron Dutch" (6 item(s) before pull, 0 dropped as dup).
SUBJECT_OVERRIDE active: subject="Stew, Cast Iron Dutch" query="dutch oven stew cast iron" (source: queue)
Subject: Stew, Cast Iron Dutch (query: "dutch oven stew cast iron")
Subject "Stew, Cast Iron Dutch" returned zero Unsplash results for query "dutch oven stew cast iron". (attempt 1)
Fallback subject (#1): Thiccc Titan 4B (query: "Titan 4B rocket")
Subject "Thiccc Titan 4B" returned zero Unsplash results for query "Titan 4B rocket". (attempt 2)
Fallback subject (#2): Thiccc Caterpillar D11T (query: "caterpillar bulldozer")
Found 1 candidate photos.
Vision rejected all 1 candidates: all candidates fail veto
Picker rejected all candidates. Retrying with photography bias.
[photo-dedup] dropped 2 candidate(s) already used by another entry; 5 left.
Vision rejected all 5 candidates: all candidates fail veto
[bail] picker vetoed all candidates on both queries - subject "Thiccc Caterpillar D11T"
[bail] popped "Thiccc Caterpillar D11T" from queue. 5 item(s) remain.
[bail] logged to audits/dead-subjects/2026-08-16.md
[retry-wrapper] attempt 1 bailed (no NEW entry for 2026-08-16 yet). Queue now has 5 item(s).

[retry-wrapper] ===== attempt 2/4 =====
Found 28 dead subject(s) in last 14 days; will avoid.
Subject queue: pulling "Garbage Truck, Front-Loader" (5 item(s) before pull, 0 dropped as dup).
SUBJECT_OVERRIDE active: subject="Garbage Truck, Front-Loader" query="front loader garbage truck" (source: queue)
Subject: Garbage Truck, Front-Loader (query: "front loader garbage truck")
Subject "Garbage Truck, Front-Loader" returned zero Unsplash results for query "front loader garbage truck". (attempt 1)
Fallback subject (#1): Thiccc Volvo FH16 (query: "Volvo FH16 truck")
Subject "Thiccc Volvo FH16" returned zero Unsplash results for query "Volvo FH16 truck". (attempt 2)
Fallback subject (#2): Dump Truck, Kenworth T880 (query: "dump truck")
Found 26 candidate photos.
[photo-dedup] dropped 2 candidate(s) already used by another entry; 24 left.
Vision picked #4 of 12: the front view showcases the truck's bulk and prominent grille, emphasizing its thicc silhouette.
Saved image to images/2026-08-16-dump-truck-kenworth-t880.jpg
[webp] 2026-08-16-dump-truck-kenworth-t880.jpg: 250KB -> 165KB (34% smaller)
Design critique: score=1/10, verdict=reject, NOT THE SUBJECT
[image-retry] image 1 scored 1 / subjectPct 64; trying another photo for "Dump Truck, Kenworth T880" (23 candidates left).
Vision picked #4 of 12: This photo shows the full silhouette of a Kenworth T880, emphasizing its robust and thick design.
[webp] 2026-08-16-dump-truck-kenworth-t880.jpg: 335KB -> 245KB (27% smaller)
Design critique: score=1/10, verdict=reject, NOT THE SUBJECT
[image-retry] image 2 scored 1 / subjectPct 48; trying another photo for "Dump Truck, Kenworth T880" (22 candidates left).
Vision picked #1 of 12: This photo shows the full silhouette of the dump truck, emphasizing its robust and thick design.
[webp] 2026-08-16-dump-truck-kenworth-t880.jpg: 113KB -> 59KB (48% smaller)
Design critique: score=1/10, verdict=reject, NOT THE SUBJECT
GATE: critique flagged the image as unacceptable. Skipping before PR.
  score: 1  verdict: reject  subjectPct: 24  isSubject: false
  critique: The photo does not show a Kenworth T880 dump truck. Instead, it depicts a red semi truck, which is not the specified subject. The truck is well-centered and the image is clear, but it does not match the required subject identity. Therefore, it cannot be used for the intended purpose.
[picker-learning] appended rejection to /home/runner/work/thiccctionary/thiccctionary/audits/picker-rejections.jsonl
[bail] critique gate: verdict=reject score=1 subjectPct=24 - subject "Dump Truck, Kenworth T880"
[bail] popped "Dump Truck, Kenworth T880" from queue. 4 item(s) remain.
[bail] logged to audits/dead-subjects/2026-08-16.md
[retry-wrapper] attempt 2 bailed (no NEW entry for 2026-08-16 yet). Queue now has 4 item(s).

[retry-wrapper] ===== attempt 3/4 =====
Found 29 dead subject(s) in last 14 days; will avoid.
Subject queue: dropping "Door, Bank Vault Round" - duplicates catalogued "Vault Door, Bank".
Subject queue: pulling "Crab, King Alaskan" (4 item(s) before pull, 1 dropped as dup).
SUBJECT_OVERRIDE active: subject="Crab, King Alaskan" query="king crab alaskan leg" (source: queue)
Subject: Crab, King Alaskan (query: "king crab alaskan leg")
Subject "Crab, King Alaskan" returned zero Unsplash results for query "king crab alaskan leg". (attempt 1)
Fallback subject (#1): Thiccc Steamroller, Industrial (query: "steamroller")
Subject "Thiccc Steamroller, Industrial" returned zero Unsplash results for query "steamroller". (attempt 2)
Fallback subject (#2): Thiccc Caterpillar D10T (query: "Caterpillar D10T")
Subject "Thiccc Caterpillar D10T" returned zero Unsplash results for query "Caterpillar D10T". (attempt 3)
Fallback subject (#3): Thiccc Caterpillar 797F (query: "Caterpillar 797F")
Subject "Thiccc Caterpillar 797F" returned zero Unsplash results for query "Caterpillar 797F". (attempt 4)
Last-resort: picking from safe pool → "Tractor Tire".
Found 30 candidate photos.
[photo-dedup] dropped 2 candidate(s) already used by another entry; 28 left.
Vision picked #8 of 12: this photo shows a full tractor with prominent, thick tires that emphasize girth.
Saved image to images/2026-08-16-tractor-tire.jpg
[webp] 2026-08-16-tractor-tire.jpg: 491KB -> 435KB (11% smaller)
Design critique: score=1/10, verdict=reject, NOT THE SUBJECT
[image-retry] image 1 scored 1 / subjectPct 36; trying another photo for "Tractor Tire" (27 candidates left).
Vision picked #12 of 12: This photo shows a full tractor with prominent, thick tires, emphasizing its girth.
[webp] 2026-08-16-tractor-tire.jpg: 235KB -> 141KB (40% smaller)
Design critique: score=1/10, verdict=reject, NOT THE SUBJECT
[image-retry] image 2 scored 1 / subjectPct 32; trying another photo for "Tractor Tire" (26 candidates left).
Vision picked #8 of 12: this photo shows a full tractor with prominent, thick tires emphasizing girth.
[webp] 2026-08-16-tractor-tire.jpg: 287KB -> 194KB (33% smaller)
Design critique: score=1/10, verdict=reject, NOT THE SUBJECT
GATE: critique flagged the image as unacceptable. Skipping before PR.
  score: 1  verdict: reject  subjectPct: 56  isSubject: false
  critique: The photo primarily depicts a vintage farm tractor, not a tractor tire as specified. While the tractor's tires are visible, they are not the main focus of the image. The entire tractor is shown, which does not meet the requirement of focusing on the tractor tire specifically. The image is well-composed and fits a documentary style, but it does not fulfill the subject criteria.
[picker-learning] appended rejection to /home/runner/work/thiccctionary/thiccctionary/audits/picker-rejections.jsonl
[bail] critique gate: verdict=reject score=1 subjectPct=56 - subject "Tractor Tire"
[bail] popped "Tractor Tire" from queue. 2 item(s) remain.
[bail] logged to audits/dead-subjects/2026-08-16.md
[retry-wrapper] attempt 3 bailed (no NEW entry for 2026-08-16 yet). Queue now has 2 item(s).

[retry-wrapper] ===== attempt 4/4 =====
Found 30 dead subject(s) in last 14 days; will avoid.
Subject queue: pulling "Gong, Chinese Brass" (2 item(s) before pull, 0 dropped as dup).
SUBJECT_OVERRIDE active: subject="Gong, Chinese Brass" query="chinese brass gong large" (source: queue)
Subject: Gong, Chinese Brass (query: "chinese brass gong large")
Subject "Gong, Chinese Brass" returned zero Unsplash results for query "chinese brass gong large". (attempt 1)
Fallback subject (#1): Thiccc Titan II (query: "titan ii")
Subject "Thiccc Titan II" returned zero Unsplash results for query "titan ii". (attempt 2)
Fallback subject (#2): Thiccc Cargo Ship (query: "cargo ship")
Found 15 candidate photos.
Vision picked #1 of 12: This photo clearly shows the full silhouette of a large cargo ship, emphasizing its substantial girth.
Saved image to images/2026-08-16-thiccc-cargo-ship.jpg
[webp] 2026-08-16-thiccc-cargo-ship.jpg: 204KB -> 127KB (38% smaller)
Design critique: score=9/10, verdict=ship
Humor critique: score=7/10, verdict=ship, weakest=example
  feedback: The entry is solid with a humorous etymology kicker that plays on buoyancy. However, the example sentence could use a sharper punchline or comedic tag to elevate the humor. The scene is specific, but the ending lacks a comedic twist.
Generated social captions:
  morning: Thiccc Cargo Ship—2.4 million tons of steel and confidence.
  afternoon: At 1,312 feet long, the Thiccc Cargo Ship is a maritime paradox.
  evening: From the archives, Thiccc Cargo Ship.
  reels: Thiccc Cargo Ship.
[bail] final dup-guard: "Thiccc Cargo Ship" duplicates catalogued "Ship, Container Maersk" - subject "Thiccc Cargo Ship"
[bail] popped "Thiccc Cargo Ship" from queue. 1 item(s) remain.
[bail] logged to audits/dead-subjects/2026-08-16.md
[retry-wrapper] attempt 4 bailed (no NEW entry for 2026-08-16 yet). Queue now has 1 item(s).
[retry-wrapper] exhausted 4 attempts. No NEW entry landed for 2026-08-16.
```
