# Daily run trace 2026-10-03-161239

Triggered by: schedule (actor=christopherlhicks29-create)
Run URL: https://github.com/christopherlhicks29-create/thiccctionary/actions/runs/37135889963
force_regenerate input: false
collision.proceed: true
Generate step ran: success
Verify step ran: SKIPPED
entry_written: NOT_SET

## generate-daily.js stdout
```
[retry-wrapper] target date: 2026-10-03
[retry-wrapper] subject override: (none, will use queue)
[retry-wrapper] queue length: 5

[retry-wrapper] ===== attempt 1/4 =====
Found 27 dead subject(s) in last 14 days; will avoid.
Subject queue: dropping "Door, Bank Vault Round" - duplicates catalogued "Vault Door, Bank".
Subject queue: pulling "Container, Shipping 40-Foot" (5 item(s) before pull, 1 dropped as dup).
SUBJECT_OVERRIDE active: subject="Container, Shipping 40-Foot" query="40 foot shipping container" (source: queue)
Subject: Container, Shipping 40-Foot (query: "40 foot shipping container")
Subject "Container, Shipping 40-Foot" returned zero Unsplash results for query "40 foot shipping container". (attempt 1)
Fallback subject (#1): Thiccc Caterpillar D11T (query: "caterpillar d11t")
Subject "Thiccc Caterpillar D11T" returned zero Unsplash results for query "caterpillar d11t". (attempt 2)
Fallback subject (#2): Bagger 288 (query: "Bagger 288")
Found 30 candidate photos.
[photo-dedup] dropped 1 candidate(s) already used by another entry; 29 left.
Vision picked #4 of 12: this photo showcases the full silhouette of the Bagger 288 with a clear emphasis on its massive structure.
Saved image to images/2026-10-03-bagger-288.jpg
[webp] 2026-10-03-bagger-288.jpg: 241KB -> 158KB (35% smaller)
Design critique: score=1/10, verdict=reject, NOT THE SUBJECT
[image-retry] image 1 scored 1 / subjectPct 64; trying another photo for "Bagger 288" (28 candidates left).
Vision picked #12 of 12: This photo showcases the full silhouette of the Bagger 288, emphasizing its massive girth and structure.
[webp] 2026-10-03-bagger-288.jpg: 241KB -> 154KB (36% smaller)
Design critique: score=1/10, verdict=reject, NOT THE SUBJECT
[image-retry] image 2 scored 1 / subjectPct 63; trying another photo for "Bagger 288" (27 candidates left).
Vision picked #10 of 12: this photo shows the full silhouette of a large crane, emphasizing its substantial girth and structure.
[webp] 2026-10-03-bagger-288.jpg: 131KB -> 66KB (50% smaller)
Design critique: score=1/10, verdict=reject, NOT THE SUBJECT
GATE: critique flagged the image as unacceptable. Skipping before PR.
  score: 1  verdict: reject  subjectPct: 64  isSubject: false
  critique: The photo depicts a large crane with lights, not the Bagger 288, which is a massive bucket-wheel excavator. The crane is well-framed and centered, but it does not match the subject description. The image is clear and well-lit, but it fails the identity test as it does not show the named object.
[picker-learning] appended rejection to /home/runner/work/thiccctionary/thiccctionary/audits/picker-rejections.jsonl
[bail] critique gate: verdict=reject score=1 subjectPct=64 - subject "Bagger 288"
[bail] popped "Bagger 288" from queue. 3 item(s) remain.
[bail] logged to audits/dead-subjects/2026-10-03.md
[retry-wrapper] attempt 1 bailed (no NEW entry for 2026-10-03 yet). Queue now has 3 item(s).

[retry-wrapper] ===== attempt 2/4 =====
Found 25 dead subject(s) in last 14 days; will avoid.
Subject queue: pulling "Beach Ball, Giant Inflatable" (3 item(s) before pull, 0 dropped as dup).
SUBJECT_OVERRIDE active: subject="Beach Ball, Giant Inflatable" query="giant inflatable beach ball" (source: queue)
Subject: Beach Ball, Giant Inflatable (query: "giant inflatable beach ball")
Found 7 candidate photos.
Vision picked #1 of 7: this photo prominently features the beach ball, showcasing its size and shape against a clear background.
Saved image to images/2026-10-03-beach-ball-giant-inflatable.jpg
[webp] 2026-10-03-beach-ball-giant-inflatable.jpg: 314KB -> 225KB (29% smaller)
Design critique: score=1/10, verdict=reject, NOT THE SUBJECT
[image-retry] image 1 scored 1 / subjectPct 20; trying another photo for "Beach Ball, Giant Inflatable" (6 candidates left).
Vision picked #4 of 6: this photo showcases a giant inflatable beach ball in a prominent and exaggerated perspective, emphasizing its thiccness.
[webp] 2026-10-03-beach-ball-giant-inflatable.jpg: 244KB -> 149KB (39% smaller)
Design critique: score=1/10, verdict=reject, NOT THE SUBJECT
[image-retry] image 2 scored 1 / subjectPct 48; trying another photo for "Beach Ball, Giant Inflatable" (5 candidates left).
Vision rejected all 5 candidates: all candidates fail veto
GATE: critique flagged the image as unacceptable. Skipping before PR.
  score: 1  verdict: reject  subjectPct: 48  isSubject: false
  critique: The photo does not depict a 'Giant Inflatable Beach Ball' but rather a large sculpture resembling a beach ball mounted on a pole in an urban setting. The subject is not an inflatable object, failing the identity test. The composition is visually striking, with interesting architectural elements, but it does not fit the criteria for the intended subject.
[picker-learning] appended rejection to /home/runner/work/thiccctionary/thiccctionary/audits/picker-rejections.jsonl
[bail] critique gate: verdict=reject score=1 subjectPct=48 - subject "Beach Ball, Giant Inflatable"
[bail] popped "Beach Ball, Giant Inflatable" from queue. 2 item(s) remain.
[bail] logged to audits/dead-subjects/2026-10-03.md
[retry-wrapper] attempt 2 bailed (no NEW entry for 2026-10-03 yet). Queue now has 2 item(s).

[retry-wrapper] ===== attempt 3/4 =====
Found 26 dead subject(s) in last 14 days; will avoid.
Subject queue: pulling "Burger, Quadruple Stack" (2 item(s) before pull, 0 dropped as dup).
SUBJECT_OVERRIDE active: subject="Burger, Quadruple Stack" query="quadruple stack burger" (source: queue)
Subject: Burger, Quadruple Stack (query: "quadruple stack burger")
Subject "Burger, Quadruple Stack" returned zero Unsplash results for query "quadruple stack burger". (attempt 1)
Fallback subject (#1): Thiccc Airbus A380 (query: "Airbus A380")
Subject "Thiccc Airbus A380" returned zero Unsplash results for query "Airbus A380". (attempt 2)
Fallback subject (#2): Cement Mixer, 12-Cubic Yard (query: "cement mixer")
Found 7 candidate photos.
[photo-dedup] dropped 1 candidate(s) already used by another entry; 6 left.
Vision picked #5 of 6: this photo shows a full cement mixer in a clear setting, emphasizing its overall girth.
Saved image to images/2026-10-03-cement-mixer-12-cubic-yard.jpg
[webp] 2026-10-03-cement-mixer-12-cubic-yard.jpg: 166KB -> 98KB (41% smaller)
Design critique: score=1/10, verdict=reject, NOT THE SUBJECT
[image-retry] image 1 scored 1 / subjectPct undefined; trying another photo for "Cement Mixer, 12-Cubic Yard" (5 candidates left).
Vision rejected all 5 candidates: all candidates fail veto
GATE: critique flagged the image as unacceptable. Skipping before PR.
  score: 1  verdict: reject  subjectPct: undefined  isSubject: false
  critique: The photo does not show a cement mixer, but rather an industrial facility with silos and buildings. The subject of the entry, 'Cement Mixer, 12-Cubic Yard,' is not visible in the image. The composition focuses on the facility, which dominates the frame, leaving no room for the intended subject. This makes the photo unsuitable for the entry, leading to a rejection.
[picker-learning] appended rejection to /home/runner/work/thiccctionary/thiccctionary/audits/picker-rejections.jsonl
[bail] critique gate: verdict=reject score=1 subjectPct=undefined - subject "Cement Mixer, 12-Cubic Yard"
[bail] popped "Cement Mixer, 12-Cubic Yard" from queue. 1 item(s) remain.
[bail] logged to audits/dead-subjects/2026-10-03.md
[retry-wrapper] attempt 3 bailed (no NEW entry for 2026-10-03 yet). Queue now has 1 item(s).

[retry-wrapper] ===== attempt 4/4 =====
Found 27 dead subject(s) in last 14 days; will avoid.
Subject queue: pulling "Fountain, Public Plaza" (1 item(s) before pull, 0 dropped as dup).
SUBJECT_OVERRIDE active: subject="Fountain, Public Plaza" query="large public plaza fountain" (source: queue)
Subject: Fountain, Public Plaza (query: "large public plaza fountain")
Subject "Fountain, Public Plaza" returned zero Unsplash results for query "large public plaza fountain". (attempt 1)
Fallback subject (#1): Giant Pumpkin, Atlantic Goliath (query: "giant pumpkin")
Subject "Giant Pumpkin, Atlantic Goliath" returned zero Unsplash results for query "giant pumpkin". (attempt 2)
Fallback subject (#2): Boeing Dreamlifter (query: "Boeing Dreamlifter")
Subject "Boeing Dreamlifter" returned zero Unsplash results for query "Boeing Dreamlifter". (attempt 3)
Fallback subject (#3): Thiccc Caterpillar D11T (query: "caterpillar d11t")
Subject "Thiccc Caterpillar D11T" returned zero Unsplash results for query "caterpillar d11t". (attempt 4)
Last-resort: picking from safe pool → "Concrete Mixer Truck".
Found 3 candidate photos.
[photo-dedup] dropped 1 candidate(s) already used by another entry; 2 left.
Vision picked #1 of 2: this photo shows the full silhouette of the concrete mixer truck, emphasizing its girth and robust shape.
Saved image to images/2026-10-03-concrete-mixer-truck.jpg
[webp] 2026-10-03-concrete-mixer-truck.jpg: 112KB -> 58KB (48% smaller)
Design critique: score=1/10, verdict=reject, NOT THE SUBJECT
[image-retry] image 1 scored 1 / subjectPct 24; trying another photo for "Concrete Mixer Truck" (1 candidates left).
Vision picked #1 of 1: The full silhouette of the concrete mixer truck is visible, showcasing its robust and thick design.
[webp] 2026-10-03-concrete-mixer-truck.jpg: 141KB -> 76KB (46% smaller)
Design critique: score=1/10, verdict=reject, NOT THE SUBJECT
GATE: critique flagged the image as unacceptable. Skipping before PR.
  score: 1  verdict: reject  subjectPct: 12  isSubject: false
  critique: The photo does not show a concrete mixer truck. Instead, it depicts a truck on a bridge that appears to be equipped with a water cannon or similar apparatus. The subject is not centered, and the composition is dominated by the bridge structure. The image does not fit the criteria for a documentary or dictionary plate of a concrete mixer truck.
[picker-learning] appended rejection to /home/runner/work/thiccctionary/thiccctionary/audits/picker-rejections.jsonl
[bail] critique gate: verdict=reject score=1 subjectPct=12 - subject "Concrete Mixer Truck"
[bail] popped "Concrete Mixer Truck" from queue. 0 item(s) remain.
[bail] logged to audits/dead-subjects/2026-10-03.md
[retry-wrapper] attempt 4 bailed (no NEW entry for 2026-10-03 yet). Queue now has 0 item(s).
[retry-wrapper] exhausted 4 attempts. No NEW entry landed for 2026-10-03.
```
