# Daily run trace 2026-08-25-003820

Triggered by: workflow_dispatch (actor=github-actions[bot])
Run URL: https://github.com/christopherlhicks29-create/thiccctionary/actions/runs/32794294262
force_regenerate input: false
collision.proceed: true
Generate step ran: success
Verify step ran: SKIPPED
entry_written: NOT_SET

## generate-daily.js stdout
```
[retry-wrapper] target date: 2026-08-25
[retry-wrapper] subject override: (none, will use queue)
[retry-wrapper] queue length: 5

[retry-wrapper] ===== attempt 1/4 =====
Found 31 dead subject(s) in last 14 days; will avoid.
Subject queue: pulling "Stew, Cast Iron Dutch" (5 item(s) before pull, 0 dropped as dup).
SUBJECT_OVERRIDE active: subject="Stew, Cast Iron Dutch" query="dutch oven stew cast iron" (source: queue)
Subject: Stew, Cast Iron Dutch (query: "dutch oven stew cast iron")
Subject "Stew, Cast Iron Dutch" returned zero Unsplash results for query "dutch oven stew cast iron". (attempt 1)
Fallback subject (#1): Giant Pumpkin, Atlantic Giant (query: "giant pumpkin")
Subject "Giant Pumpkin, Atlantic Giant" returned zero Unsplash results for query "giant pumpkin". (attempt 2)
Fallback subject (#2): Thiccc Colossus, Arecibo Observatory (query: "Arecibo Observatory")
Subject "Thiccc Colossus, Arecibo Observatory" returned zero Unsplash results for query "Arecibo Observatory". (attempt 3)
Fallback subject (#3): Thiccc Ferris Wheel, High Roller (query: "Ferris wheel")
Found 30 candidate photos.
[photo-dedup] dropped 1 candidate(s) already used by another entry; 29 left.
Vision picked #3 of 12: This photo shows the full silhouette of the Ferris wheel, emphasizing its structure and girth.
Saved image to images/2026-08-25-thiccc-ferris-wheel-high-roller.jpg
[webp] 2026-08-25-thiccc-ferris-wheel-high-roller.jpg: 223KB -> 121KB (46% smaller)
Design critique: score=1/10, verdict=reject, NOT THE SUBJECT
[image-retry] image 1 scored 1 / subjectPct 48; trying another photo for "Thiccc Ferris Wheel, High Roller" (28 candidates left).
Vision picked #3 of 12: This photo showcases the full silhouette of the Ferris wheel with vibrant colors, emphasizing its thiccness against the night sky.
[webp] 2026-08-25-thiccc-ferris-wheel-high-roller.jpg: 176KB -> 94KB (46% smaller)
Design critique: score=1/10, verdict=reject, NOT THE SUBJECT
[image-retry] image 2 scored 1 / subjectPct 56; trying another photo for "Thiccc Ferris Wheel, High Roller" (27 candidates left).
Vision picked #5 of 12: This photo shows the full silhouette of the Ferris wheel, emphasizing its girth and structure.
[webp] 2026-08-25-thiccc-ferris-wheel-high-roller.jpg: 214KB -> 129KB (40% smaller)
Design critique: score=1/10, verdict=reject, NOT THE SUBJECT
GATE: critique flagged the image as unacceptable. Skipping before PR.
  score: 1  verdict: reject  subjectPct: 64  isSubject: false
  critique: The photo depicts the Sharjah Eye Ferris wheel, not the 'Thiccc Ferris Wheel, High Roller' as specified. The image is well-composed with a clear view of the Ferris wheel against the sky, but it does not match the named subject. The framing captures the structure well, but since it does not show the correct object, it cannot be used.
[picker-learning] appended rejection to /home/runner/work/thiccctionary/thiccctionary/audits/picker-rejections.jsonl
[bail] critique gate: verdict=reject score=1 subjectPct=64 - subject "Thiccc Ferris Wheel, High Roller"
[bail] popped "Thiccc Ferris Wheel, High Roller" from queue. 4 item(s) remain.
[bail] logged to audits/dead-subjects/2026-08-25.md
[retry-wrapper] attempt 1 bailed (no NEW entry for 2026-08-25 yet). Queue now has 4 item(s).

[retry-wrapper] ===== attempt 2/4 =====
Found 30 dead subject(s) in last 14 days; will avoid.
Subject queue: pulling "Rock, Plymouth" (4 item(s) before pull, 0 dropped as dup).
SUBJECT_OVERRIDE active: subject="Rock, Plymouth" query="plymouth rock memorial" (source: queue)
Subject: Rock, Plymouth (query: "plymouth rock memorial")
Subject "Rock, Plymouth" returned zero Unsplash results for query "plymouth rock memorial". (attempt 1)
Fallback subject (#1): Thiccc Caterpillar 797F (query: "Caterpillar 797F")
Subject "Thiccc Caterpillar 797F" returned zero Unsplash results for query "Caterpillar 797F". (attempt 2)
Fallback subject (#2): Demag AC 250-1, All-Terrain Crane (query: "all-terrain crane")
Found 30 candidate photos.
Vision picked #7 of 12: this photo showcases multiple cranes, emphasizing their overall girth and presence.
Saved image to images/2026-08-25-demag-ac-250-1-all-terrain-crane.jpg
[webp] 2026-08-25-demag-ac-250-1-all-terrain-crane.jpg: 318KB -> 224KB (30% smaller)
Design critique: score=1/10, verdict=reject, NOT THE SUBJECT
[image-retry] image 1 scored 1 / subjectPct 64; trying another photo for "Demag AC 250-1, All-Terrain Crane" (29 candidates left).
Vision picked #9 of 12: This photo shows a large crane with a strong silhouette, emphasizing its girth and imposing presence.
[webp] 2026-08-25-demag-ac-250-1-all-terrain-crane.jpg: 141KB -> 72KB (49% smaller)
Design critique: score=1/10, verdict=reject, NOT THE SUBJECT
[image-retry] image 2 scored 1 / subjectPct 40; trying another photo for "Demag AC 250-1, All-Terrain Crane" (28 candidates left).
Vision picked #1 of 12: This photo shows the full silhouette of the crane, emphasizing its overall girth and structure against a clean background.
[webp] 2026-08-25-demag-ac-250-1-all-terrain-crane.jpg: 154KB -> 63KB (59% smaller)
Design critique: score=2/10, verdict=reject, NOT THE SUBJECT
GATE: critique flagged the image as unacceptable. Skipping before PR.
  score: 2  verdict: reject  subjectPct: 48  isSubject: false
  critique: The photo depicts a toy version of a telescopic crane, not the actual Demag AC 250-1 all-terrain crane. The image fails the real vs representation test as it shows a model rather than the real object. While the toy is well-framed and clear against a blue background, it does not meet the criteria for a documentary-style image of the actual subject. Therefore, it is unsuitable for the intended purpose.
[picker-learning] appended rejection to /home/runner/work/thiccctionary/thiccctionary/audits/picker-rejections.jsonl
[bail] critique gate: verdict=reject score=2 subjectPct=48 - subject "Demag AC 250-1, All-Terrain Crane"
[bail] popped "Demag AC 250-1, All-Terrain Crane" from queue. 3 item(s) remain.
[bail] logged to audits/dead-subjects/2026-08-25.md
[retry-wrapper] attempt 2 bailed (no NEW entry for 2026-08-25 yet). Queue now has 3 item(s).

[retry-wrapper] ===== attempt 3/4 =====
Found 31 dead subject(s) in last 14 days; will avoid.
Subject queue: pulling "Briefcase, Hardshell Pelican" (3 item(s) before pull, 0 dropped as dup).
SUBJECT_OVERRIDE active: subject="Briefcase, Hardshell Pelican" query="pelican hardshell case" (source: queue)
Subject: Briefcase, Hardshell Pelican (query: "pelican hardshell case")
Found 1 candidate photos.
Vision rejected all 1 candidates: all candidates fail veto
Picker rejected all candidates. Retrying with photography bias.
Vision rejected all 12 candidates: all candidates fail veto
[bail] picker vetoed all candidates on both queries - subject "Briefcase, Hardshell Pelican"
[bail] popped "Briefcase, Hardshell Pelican" from queue. 2 item(s) remain.
[bail] logged to audits/dead-subjects/2026-08-25.md
[retry-wrapper] attempt 3 bailed (no NEW entry for 2026-08-25 yet). Queue now has 2 item(s).

[retry-wrapper] ===== attempt 4/4 =====
Found 32 dead subject(s) in last 14 days; will avoid.
Subject queue: pulling "Garbage Truck, Front-Loader" (2 item(s) before pull, 0 dropped as dup).
SUBJECT_OVERRIDE active: subject="Garbage Truck, Front-Loader" query="front loader garbage truck" (source: queue)
Subject: Garbage Truck, Front-Loader (query: "front loader garbage truck")
Subject "Garbage Truck, Front-Loader" returned zero Unsplash results for query "front loader garbage truck". (attempt 1)
Fallback subject (#1): Bagger 293 (query: "Bagger 293")
Found 30 candidate photos.
[photo-dedup] dropped 1 candidate(s) already used by another entry; 29 left.
Vision picked #1 of 12: This photo shows the full silhouette of the Bagger 293, emphasizing its massive girth and structure.
Saved image to images/2026-08-25-bagger-293.jpg
[webp] 2026-08-25-bagger-293.jpg: 220KB -> 132KB (40% smaller)
Design critique: score=1/10, verdict=reject, NOT THE SUBJECT
[image-retry] image 1 scored 1 / subjectPct 48; trying another photo for "Bagger 293" (28 candidates left).
Vision picked #2 of 12: this photo shows the Bagger 293's massive size and girth clearly against the landscape.
[webp] 2026-08-25-bagger-293.jpg: 418KB -> 355KB (15% smaller)
Design critique: score=1/10, verdict=reject, NOT THE SUBJECT
[image-retry] image 2 scored 1 / subjectPct 24; trying another photo for "Bagger 293" (27 candidates left).
Vision picked #10 of 12: this photo shows a large crane with a prominent silhouette, emphasizing its girth and structure.
[webp] 2026-08-25-bagger-293.jpg: 141KB -> 72KB (49% smaller)
Design critique: score=1/10, verdict=reject, NOT THE SUBJECT
GATE: critique flagged the image as unacceptable. Skipping before PR.
  score: 1  verdict: reject  subjectPct: 48  isSubject: false
  critique: The photo does not show the Bagger 293, which is a massive bucket-wheel excavator. Instead, it depicts a large industrial crane. The crane is well-framed and clearly visible, but it is not the subject specified. The image is documentary in style, but the subject identity is incorrect, leading to a rejection.
[picker-learning] appended rejection to /home/runner/work/thiccctionary/thiccctionary/audits/picker-rejections.jsonl
[bail] critique gate: verdict=reject score=1 subjectPct=48 - subject "Bagger 293"
[bail] popped "Bagger 293" from queue. 1 item(s) remain.
[bail] logged to audits/dead-subjects/2026-08-25.md
[retry-wrapper] attempt 4 bailed (no NEW entry for 2026-08-25 yet). Queue now has 1 item(s).
[retry-wrapper] exhausted 4 attempts. No NEW entry landed for 2026-08-25.
```
