# Daily run trace 2026-10-03-125205

Triggered by: workflow_dispatch (actor=github-actions[bot])
Run URL: https://github.com/christopherlhicks29-create/thiccctionary/actions/runs/37124113763
force_regenerate input: false
collision.proceed: true
Generate step ran: success
Verify step ran: SKIPPED
entry_written: NOT_SET

## generate-daily.js stdout
```
[retry-wrapper] target date: 2026-10-03
[retry-wrapper] subject override: (none, will use queue)
[retry-wrapper] queue length: 5

[retry-wrapper] ===== attempt 1/4 =====
Found 27 dead subject(s) in last 14 days; will avoid.
Subject queue: dropping "Door, Bank Vault Round" - duplicates catalogued "Vault Door, Bank".
Subject queue: pulling "Container, Shipping 40-Foot" (5 item(s) before pull, 1 dropped as dup).
SUBJECT_OVERRIDE active: subject="Container, Shipping 40-Foot" query="40 foot shipping container" (source: queue)
Subject: Container, Shipping 40-Foot (query: "40 foot shipping container")
Subject "Container, Shipping 40-Foot" returned zero Unsplash results for query "40 foot shipping container". (attempt 1)
Fallback subject (#1): Cement Mixer, Twin-Shaft (query: "cement mixer")
Found 7 candidate photos.
[photo-dedup] dropped 1 candidate(s) already used by another entry; 6 left.
Vision picked #5 of 6: this photo shows a full cement mixer with clear visibility and a strong silhouette.
Saved image to images/2026-10-03-cement-mixer-twin-shaft.jpg
[webp] 2026-10-03-cement-mixer-twin-shaft.jpg: 166KB -> 98KB (41% smaller)
Design critique: score=1/10, verdict=reject, NOT THE SUBJECT
[image-retry] image 1 scored 1 / subjectPct 36; trying another photo for "Cement Mixer, Twin-Shaft" (5 candidates left).
Vision picked #1 of 5: this photo shows the full silhouette of a large cement mixer with a thicc structure against a striking background.
[webp] 2026-10-03-cement-mixer-twin-shaft.jpg: 92KB -> 40KB (57% smaller)
Design critique: score=1/10, verdict=reject, NOT THE SUBJECT
[image-retry] image 2 scored 1 / subjectPct 64; trying another photo for "Cement Mixer, Twin-Shaft" (4 candidates left).
Vision picked #3 of 4: this photo shows a full cement mixer with a clear silhouette emphasizing its girth.
[webp] 2026-10-03-cement-mixer-twin-shaft.jpg: 97KB -> 38KB (60% smaller)
Design critique: score=1/10, verdict=reject, NOT THE SUBJECT
GATE: critique flagged the image as unacceptable. Skipping before PR.
  score: 1  verdict: reject  subjectPct: 56  isSubject: false
  critique: The photo does not show a twin-shaft cement mixer. Instead, it depicts a robot sculpture made of mechanical parts, which does not meet the subject criteria. The composition is centered and clear, but it fails the identity test as it is not the named object. The image is artistic and well-lit but not suitable for the intended dictionary entry.
[picker-learning] appended rejection to /home/runner/work/thiccctionary/thiccctionary/audits/picker-rejections.jsonl
[bail] critique gate: verdict=reject score=1 subjectPct=56 - subject "Cement Mixer, Twin-Shaft"
[bail] popped "Cement Mixer, Twin-Shaft" from queue. 3 item(s) remain.
[bail] logged to audits/dead-subjects/2026-10-03.md
[retry-wrapper] attempt 1 bailed (no NEW entry for 2026-10-03 yet). Queue now has 3 item(s).

[retry-wrapper] ===== attempt 2/4 =====
Found 25 dead subject(s) in last 14 days; will avoid.
Subject queue: pulling "Beach Ball, Giant Inflatable" (3 item(s) before pull, 0 dropped as dup).
SUBJECT_OVERRIDE active: subject="Beach Ball, Giant Inflatable" query="giant inflatable beach ball" (source: queue)
Subject: Beach Ball, Giant Inflatable (query: "giant inflatable beach ball")
Found 7 candidate photos.
Vision picked #5 of 7: this photo features a giant inflatable beach ball prominently, showcasing its large and round silhouette against a clear backdrop.
Saved image to images/2026-10-03-beach-ball-giant-inflatable.jpg
[webp] 2026-10-03-beach-ball-giant-inflatable.jpg: 244KB -> 149KB (39% smaller)
Design critique: score=1/10, verdict=reject, NOT THE SUBJECT
[image-retry] image 1 scored 1 / subjectPct 16; trying another photo for "Beach Ball, Giant Inflatable" (6 candidates left).
Vision picked #1 of 6: this photo prominently features the beach ball and emphasizes its size against a clear background.
[webp] 2026-10-03-beach-ball-giant-inflatable.jpg: 314KB -> 225KB (29% smaller)
Design critique: score=1/10, verdict=reject, NOT THE SUBJECT
[image-retry] image 2 scored 1 / subjectPct 20; trying another photo for "Beach Ball, Giant Inflatable" (5 candidates left).
Vision rejected all 5 candidates: all candidates fail veto
GATE: critique flagged the image as unacceptable. Skipping before PR.
  score: 1  verdict: reject  subjectPct: 20  isSubject: false
  critique: The photo does not show a giant inflatable beach ball, but rather a standard-sized one being held by a person. The composition centers on the person rather than the ball, disqualifying it for the intended subject. Additionally, the presence of the person as the focal point detracts from the beach ball's prominence, failing the primary-subject test. The image does not fit the brand's criteria for showcasing oversized objects.
[picker-learning] appended rejection to /home/runner/work/thiccctionary/thiccctionary/audits/picker-rejections.jsonl
[bail] critique gate: verdict=reject score=1 subjectPct=20 - subject "Beach Ball, Giant Inflatable"
[bail] popped "Beach Ball, Giant Inflatable" from queue. 2 item(s) remain.
[bail] logged to audits/dead-subjects/2026-10-03.md
[retry-wrapper] attempt 2 bailed (no NEW entry for 2026-10-03 yet). Queue now has 2 item(s).

[retry-wrapper] ===== attempt 3/4 =====
Found 26 dead subject(s) in last 14 days; will avoid.
Subject queue: pulling "Burger, Quadruple Stack" (2 item(s) before pull, 0 dropped as dup).
SUBJECT_OVERRIDE active: subject="Burger, Quadruple Stack" query="quadruple stack burger" (source: queue)
Subject: Burger, Quadruple Stack (query: "quadruple stack burger")
Subject "Burger, Quadruple Stack" returned zero Unsplash results for query "quadruple stack burger". (attempt 1)
Fallback subject (#1): Thiccc Caterpillar D10T (query: "caterpillar dozer")
Found 4 candidate photos.
[photo-dedup] dropped 1 candidate(s) already used by another entry; 3 left.
Vision picked #1 of 3: This photo shows the full silhouette of the Caterpillar D10T against a clear background, emphasizing its girth and size.
Saved image to images/2026-10-03-thiccc-caterpillar-d10t.jpg
[webp] 2026-10-03-thiccc-caterpillar-d10t.jpg: 239KB -> 162KB (32% smaller)
Design critique: score=1/10, verdict=reject, NOT THE SUBJECT
[image-retry] image 1 scored 1 / subjectPct 9; trying another photo for "Thiccc Caterpillar D10T" (2 candidates left).
Vision picked #1 of 2: the aerial view showcases the full silhouette and girth of the D10T caterpillar clearly.
[webp] 2026-10-03-thiccc-caterpillar-d10t.jpg: 418KB -> 356KB (15% smaller)
Design critique: score=1/10, verdict=reject, NOT THE SUBJECT
[image-retry] image 2 scored 1 / subjectPct 13; trying another photo for "Thiccc Caterpillar D10T" (1 candidates left).
Vision picked #1 of 1: The photo clearly showcases the Caterpillar D10T's robust and wide silhouette in a construction setting.
[webp] 2026-10-03-thiccc-caterpillar-d10t.jpg: 401KB -> 307KB (23% smaller)
Design critique: score=1/10, verdict=reject, NOT THE SUBJECT
GATE: critique flagged the image as unacceptable. Skipping before PR.
  score: 1  verdict: reject  subjectPct: 30  isSubject: false
  critique: The photo does not show a Caterpillar D10T, which is a type of bulldozer, not an excavator. The image focuses on an excavator demolishing a house, with a construction worker in the foreground. The subject is not centered, and the composition includes significant clutter, such as the fence and signage, which distracts from the machinery. The image does not fit the criteria for a documentary-style photo of the specified subject.
[picker-learning] appended rejection to /home/runner/work/thiccctionary/thiccctionary/audits/picker-rejections.jsonl
[bail] critique gate: verdict=reject score=1 subjectPct=30 - subject "Thiccc Caterpillar D10T"
[bail] popped "Thiccc Caterpillar D10T" from queue. 1 item(s) remain.
[bail] logged to audits/dead-subjects/2026-10-03.md
[retry-wrapper] attempt 3 bailed (no NEW entry for 2026-10-03 yet). Queue now has 1 item(s).

[retry-wrapper] ===== attempt 4/4 =====
Found 27 dead subject(s) in last 14 days; will avoid.
Subject queue: pulling "Fountain, Public Plaza" (1 item(s) before pull, 0 dropped as dup).
SUBJECT_OVERRIDE active: subject="Fountain, Public Plaza" query="large public plaza fountain" (source: queue)
Subject: Fountain, Public Plaza (query: "large public plaza fountain")
Subject "Fountain, Public Plaza" returned zero Unsplash results for query "large public plaza fountain". (attempt 1)
Fallback subject (#1): Bagger 288 (query: "Bagger 288")
Found 30 candidate photos.
[photo-dedup] dropped 1 candidate(s) already used by another entry; 29 left.
Vision picked #4 of 12: this photo shows the full silhouette of the Bagger 288 with a clear view of its massive structure and girth.
Saved image to images/2026-10-03-bagger-288.jpg
[webp] 2026-10-03-bagger-288.jpg: 241KB -> 158KB (35% smaller)
Design critique: score=1/10, verdict=reject, NOT THE SUBJECT
[image-retry] image 1 scored 1 / subjectPct 48; trying another photo for "Bagger 288" (28 candidates left).
Vision picked #12 of 12: This photo shows the full silhouette of the Bagger 288 with a clear and striking profile, emphasizing its massive girth.
[webp] 2026-10-03-bagger-288.jpg: 241KB -> 154KB (36% smaller)
Design critique: score=1/10, verdict=reject, NOT THE SUBJECT
[image-retry] image 2 scored 1 / subjectPct 56; trying another photo for "Bagger 288" (27 candidates left).
Vision picked #10 of 12: This photo shows the full silhouette of a large crane, emphasizing its substantial girth and imposing presence.
[webp] 2026-10-03-bagger-288.jpg: 131KB -> 66KB (50% smaller)
Design critique: score=1/10, verdict=reject, NOT THE SUBJECT
GATE: critique flagged the image as unacceptable. Skipping before PR.
  score: 1  verdict: reject  subjectPct: 56  isSubject: false
  critique: The photo does not depict the Bagger 288, which is a massive bucket-wheel excavator. Instead, it shows a large crane with lights. The subject is not centered, and the framing includes surrounding buildings, which distract from the main focus. The image does not fit the brand's documentary style and fails the identity test, as it does not show the named object.
[picker-learning] appended rejection to /home/runner/work/thiccctionary/thiccctionary/audits/picker-rejections.jsonl
[bail] critique gate: verdict=reject score=1 subjectPct=56 - subject "Bagger 288"
[bail] popped "Bagger 288" from queue. 0 item(s) remain.
[bail] logged to audits/dead-subjects/2026-10-03.md
[retry-wrapper] attempt 4 bailed (no NEW entry for 2026-10-03 yet). Queue now has 0 item(s).
[retry-wrapper] exhausted 4 attempts. No NEW entry landed for 2026-10-03.
```
