# Daily run trace 2026-08-21-034236

Triggered by: workflow_dispatch (actor=github-actions[bot])
Run URL: https://github.com/christopherlhicks29-create/thiccctionary/actions/runs/32444235918
force_regenerate input: false
collision.proceed: true
Generate step ran: success
Verify step ran: SKIPPED
entry_written: NOT_SET

## generate-daily.js stdout
```
[retry-wrapper] target date: 2026-08-21
[retry-wrapper] subject override: (none, will use queue)
[retry-wrapper] queue length: 3

[retry-wrapper] ===== attempt 1/4 =====
Found 31 dead subject(s) in last 14 days; will avoid.
Subject queue: pulling "Stew, Cast Iron Dutch" (3 item(s) before pull, 0 dropped as dup).
SUBJECT_OVERRIDE active: subject="Stew, Cast Iron Dutch" query="dutch oven stew cast iron" (source: queue)
Subject: Stew, Cast Iron Dutch (query: "dutch oven stew cast iron")
Subject "Stew, Cast Iron Dutch" returned zero Unsplash results for query "dutch oven stew cast iron". (attempt 1)
Fallback subject (#1): Container Ship, Maersk Triple E (query: "container ship")
Found 30 candidate photos.
[photo-dedup] dropped 2 candidate(s) already used by another entry; 28 left.
Vision picked #8 of 12: This photo prominently features the full silhouette of a large container ship, emphasizing its thiccness against a serene background.
Saved image to images/2026-08-21-container-ship-maersk-triple-e.jpg
[webp] 2026-08-21-container-ship-maersk-triple-e.jpg: 202KB -> 128KB (36% smaller)
Design critique: score=1/10, verdict=reject, NOT THE SUBJECT
[image-retry] image 1 scored 1 / subjectPct 12; trying another photo for "Container Ship, Maersk Triple E" (27 candidates left).
Vision picked #8 of 12: this photo shows the ship from a side angle, emphasizing its massive girth and silhouette.
[webp] 2026-08-21-container-ship-maersk-triple-e.jpg: 177KB -> 97KB (45% smaller)
Design critique: score=1/10, verdict=reject, NOT THE SUBJECT
[image-retry] image 2 scored 1 / subjectPct 30; trying another photo for "Container Ship, Maersk Triple E" (26 candidates left).
Vision picked #9 of 12: the photo captures the ship's massive bow, emphasizing its girth and presence on the water.
[webp] 2026-08-21-container-ship-maersk-triple-e.jpg: 251KB -> 158KB (37% smaller)
Design critique: score=1/10, verdict=reject, NOT THE SUBJECT
GATE: critique flagged the image as unacceptable. Skipping before PR.
  score: 1  verdict: reject  subjectPct: 100  isSubject: false
  critique: The photo depicts a container ship named Zhen Feng, not the specified Maersk Triple E. The ship is prominently displayed with a clear view of its bow, but it does not match the subject criteria. The composition is strong, with the ship dominating the frame, but the identity mismatch results in a rejection.
[picker-learning] appended rejection to /home/runner/work/thiccctionary/thiccctionary/audits/picker-rejections.jsonl
[bail] critique gate: verdict=reject score=1 subjectPct=100 - subject "Container Ship, Maersk Triple E"
[bail] popped "Container Ship, Maersk Triple E" from queue. 2 item(s) remain.
[bail] logged to audits/dead-subjects/2026-08-21.md
[retry-wrapper] attempt 1 bailed (no NEW entry for 2026-08-21 yet). Queue now has 2 item(s).

[retry-wrapper] ===== attempt 2/4 =====
Found 30 dead subject(s) in last 14 days; will avoid.
Subject queue: dropping "Coil, Hay Bale Round" - duplicates catalogued "Hay Bale, Round".
Subject queue: pulling "Burger, Quadruple Stack" (2 item(s) before pull, 1 dropped as dup).
SUBJECT_OVERRIDE active: subject="Burger, Quadruple Stack" query="quadruple stack burger" (source: queue)
Subject: Burger, Quadruple Stack (query: "quadruple stack burger")
Subject "Burger, Quadruple Stack" returned zero Unsplash results for query "quadruple stack burger". (attempt 1)
Fallback subject (#1): Bagger 293 (query: "Bagger 293")
Found 30 candidate photos.
[photo-dedup] dropped 1 candidate(s) already used by another entry; 29 left.
Vision picked #1 of 12: This photo shows the full silhouette of the Bagger 293, emphasizing its massive and thick structure.
Saved image to images/2026-08-21-bagger-293.jpg
[webp] 2026-08-21-bagger-293.jpg: 220KB -> 132KB (40% smaller)
Design critique: score=1/10, verdict=reject, NOT THE SUBJECT
[image-retry] image 1 scored 1 / subjectPct 48; trying another photo for "Bagger 293" (28 candidates left).
Vision picked #2 of 12: This photo shows the Bagger 293's massive scale and silhouette in a way that emphasizes its thiccness.
[webp] 2026-08-21-bagger-293.jpg: 418KB -> 355KB (15% smaller)
Design critique: score=1/10, verdict=reject, NOT THE SUBJECT
[image-retry] image 2 scored 1 / subjectPct 20; trying another photo for "Bagger 293" (27 candidates left).
Vision picked #10 of 12: This photo shows a large crane with a substantial base, emphasizing its girth and silhouette.
[webp] 2026-08-21-bagger-293.jpg: 141KB -> 72KB (49% smaller)
Design critique: score=1/10, verdict=reject, NOT THE SUBJECT
GATE: critique flagged the image as unacceptable. Skipping before PR.
  score: 1  verdict: reject  subjectPct: 48  isSubject: false
  critique: The photo does not show the Bagger 293, which is a massive bucket-wheel excavator. Instead, it depicts a large industrial crane, likely in a port or industrial area. The crane is well-framed and prominent, but it is not the subject specified. The image is clear and well-composed, but it fails the identity test as it does not match the named object.
[picker-learning] appended rejection to /home/runner/work/thiccctionary/thiccctionary/audits/picker-rejections.jsonl
[bail] critique gate: verdict=reject score=1 subjectPct=48 - subject "Bagger 293"
[bail] popped "Bagger 293" from queue. 0 item(s) remain.
[bail] logged to audits/dead-subjects/2026-08-21.md
[retry-wrapper] attempt 2 bailed (no NEW entry for 2026-08-21 yet). Queue now has 0 item(s).

[retry-wrapper] ===== attempt 3/4 =====
[retry-wrapper] queue empty and no override - stopping retries.
[retry-wrapper] exhausted 4 attempts. No NEW entry landed for 2026-08-21.
```
