# Daily run trace 2026-09-01-005639

Triggered by: workflow_dispatch (actor=github-actions[bot])
Run URL: https://github.com/christopherlhicks29-create/thiccctionary/actions/runs/33456536981
force_regenerate input: false
collision.proceed: true
Generate step ran: success
Verify step ran: SKIPPED
entry_written: NOT_SET

## generate-daily.js stdout
```
[retry-wrapper] target date: 2026-09-01
[retry-wrapper] subject override: (none, will use queue)
[retry-wrapper] queue length: 6

[retry-wrapper] ===== attempt 1/4 =====
Found 30 dead subject(s) in last 14 days; will avoid.
Subject queue: pulling "Refrigerator, Commercial" (6 item(s) before pull, 0 dropped as dup).
SUBJECT_OVERRIDE active: subject="Refrigerator, Commercial" query="commercial walk-in refrigerator" (source: queue)
Subject: Refrigerator, Commercial (query: "commercial walk-in refrigerator")
Subject "Refrigerator, Commercial" returned zero Unsplash results for query "commercial walk-in refrigerator". (attempt 1)
Fallback subject (#1): Bagger 293 (query: "bagger 293")
Found 30 candidate photos.
[photo-dedup] dropped 1 candidate(s) already used by another entry; 29 left.
Vision picked #5 of 12: This photo shows the full silhouette of a large crane, emphasizing its girth and industrial presence.
Saved image to images/2026-09-01-bagger-293.jpg
[webp] 2026-09-01-bagger-293.jpg: 241KB -> 158KB (35% smaller)
Design critique: score=1/10, verdict=reject, NOT THE SUBJECT
[image-retry] image 1 scored 1 / subjectPct 64; trying another photo for "Bagger 293" (28 candidates left).
Vision picked #1 of 12: This photo best showcases the massive, thick structure of the Bagger 293 with its full silhouette visible.
[webp] 2026-09-01-bagger-293.jpg: 220KB -> 132KB (40% smaller)
Design critique: score=1/10, verdict=reject, NOT THE SUBJECT
[image-retry] image 2 scored 1 / subjectPct 48; trying another photo for "Bagger 293" (27 candidates left).
Vision picked #2 of 12: this photo shows the Bagger 293's massive silhouette and overall girth clearly from above.
[webp] 2026-09-01-bagger-293.jpg: 418KB -> 355KB (15% smaller)
Design critique: score=1/10, verdict=reject, NOT THE SUBJECT
GATE: critique flagged the image as unacceptable. Skipping before PR.
  score: 1  verdict: reject  subjectPct: 15  isSubject: false
  critique: The photo does not show the Bagger 293, which is a massive bucket-wheel excavator, not a bulldozer. The image captures a construction site with a standard bulldozer, failing the identity test. The framing and composition are clear, but the subject is incorrect for the entry. The Bagger 293 is known for its enormous size and distinctive structure, which are not present here.
[picker-learning] appended rejection to /home/runner/work/thiccctionary/thiccctionary/audits/picker-rejections.jsonl
[bail] critique gate: verdict=reject score=1 subjectPct=15 - subject "Bagger 293"
[bail] popped "Bagger 293" from queue. 5 item(s) remain.
[bail] logged to audits/dead-subjects/2026-09-01.md
[retry-wrapper] attempt 1 bailed (no NEW entry for 2026-09-01 yet). Queue now has 5 item(s).

[retry-wrapper] ===== attempt 2/4 =====
Found 28 dead subject(s) in last 14 days; will avoid.
Subject queue: pulling "Crockpot, Slow Cooker Oval" (5 item(s) before pull, 0 dropped as dup).
SUBJECT_OVERRIDE active: subject="Crockpot, Slow Cooker Oval" query="oval slow cooker crockpot" (source: queue)
Subject: Crockpot, Slow Cooker Oval (query: "oval slow cooker crockpot")
Subject "Crockpot, Slow Cooker Oval" returned zero Unsplash results for query "oval slow cooker crockpot". (attempt 1)
Fallback subject (#1): Thiccc Caterpillar D10T (query: "Caterpillar D10T")
Subject "Thiccc Caterpillar D10T" returned zero Unsplash results for query "Caterpillar D10T". (attempt 2)
Fallback subject (#2): Thiccc Retro Rocket (query: "rocket")
Found 30 candidate photos.
Vision picked #6 of 12: this photo shows a full rocket silhouette, emphasizing its thiccness against the clear sky.
Saved image to images/2026-09-01-thiccc-retro-rocket.jpg
[webp] 2026-09-01-thiccc-retro-rocket.jpg: 233KB -> 173KB (26% smaller)
Design critique: score=1/10, verdict=reject, NOT THE SUBJECT
[image-retry] image 1 scored 1 / subjectPct 45; trying another photo for "Thiccc Retro Rocket" (29 candidates left).
Vision picked #1 of 12: the launch photo captures the massive silhouette of the rocket amidst the smoke, emphasizing its thiccness.
[webp] 2026-09-01-thiccc-retro-rocket.jpg: 84KB -> 42KB (50% smaller)
Design critique: score=1/10, verdict=reject, NOT THE SUBJECT
[image-retry] image 2 scored 1 / subjectPct 35; trying another photo for "Thiccc Retro Rocket" (28 candidates left).
Vision picked #9 of 12: the retro rocket is prominently featured next to the moon, emphasizing its thicc silhouette.
[webp] 2026-09-01-thiccc-retro-rocket.jpg: 88KB -> 36KB (59% smaller)
Design critique: score=1/10, verdict=reject, NOT THE SUBJECT
GATE: critique flagged the image as unacceptable. Skipping before PR.
  score: 1  verdict: reject  subjectPct: 2  isSubject: false
  critique: The photo does not show a 'Thiccc Retro Rocket' as the main subject. Instead, it features a small toy rocket positioned next to a large image of the moon. The rocket is not prominent or thiccc relative to its kind, and the moon dominates the frame. The image is more artistic than documentary, which does not fit the brand's style. Additionally, the subject is not centered, and the rocket is a depiction rather than a real object.
[picker-learning] appended rejection to /home/runner/work/thiccctionary/thiccctionary/audits/picker-rejections.jsonl
[bail] critique gate: verdict=reject score=1 subjectPct=2 - subject "Thiccc Retro Rocket"
[bail] popped "Thiccc Retro Rocket" from queue. 4 item(s) remain.
[bail] logged to audits/dead-subjects/2026-09-01.md
[retry-wrapper] attempt 2 bailed (no NEW entry for 2026-09-01 yet). Queue now has 4 item(s).

[retry-wrapper] ===== attempt 3/4 =====
Found 29 dead subject(s) in last 14 days; will avoid.
Subject queue: pulling "Burger, Quadruple Stack" (4 item(s) before pull, 0 dropped as dup).
SUBJECT_OVERRIDE active: subject="Burger, Quadruple Stack" query="quadruple stack burger" (source: queue)
Subject: Burger, Quadruple Stack (query: "quadruple stack burger")
Subject "Burger, Quadruple Stack" returned zero Unsplash results for query "quadruple stack burger". (attempt 1)
Fallback subject (#1): Turbine, Gas-Fired (query: "gas turbine")
Found 30 candidate photos.
[photo-dedup] dropped 1 candidate(s) already used by another entry; 29 left.
Vision picked #6 of 12: this photo shows a full gas-fired engine with prominent girth and complexity.
Saved image to images/2026-09-01-turbine-gas-fired.jpg
[webp] 2026-09-01-turbine-gas-fired.jpg: 126KB -> 68KB (46% smaller)
Design critique: score=1/10, verdict=reject, NOT THE SUBJECT
[image-retry] image 1 scored 1 / subjectPct 64; trying another photo for "Turbine, Gas-Fired" (28 candidates left).
Vision picked #3 of 12: this photo shows a full gas turbine with clear girth and structure.
[webp] 2026-09-01-turbine-gas-fired.jpg: 276KB -> 162KB (41% smaller)
Design critique: score=1/10, verdict=reject, NOT THE SUBJECT
[image-retry] image 2 scored 1 / subjectPct 64; trying another photo for "Turbine, Gas-Fired" (27 candidates left).
Vision picked #7 of 12: this photo shows a gas turbine with a robust silhouette and a strong presence.
[webp] 2026-09-01-turbine-gas-fired.jpg: 308KB -> 210KB (32% smaller)
Design critique: score=1/10, verdict=reject, NOT THE SUBJECT
GATE: critique flagged the image as unacceptable. Skipping before PR.
  score: 1  verdict: reject  subjectPct: 64  isSubject: false
  critique: The photo does not depict a gas-fired turbine but rather a fictional spacecraft engine or prop, likely from a themed environment or attraction. The object is well-centered and prominent in the frame, but it does not meet the criteria for the subject 'Turbine, Gas-Fired.' The setting and design elements suggest it is not a real industrial turbine but a representation or artistic installation. Therefore, it fails the identity test and is unsuitable for the intended dictionary entry.
[picker-learning] appended rejection to /home/runner/work/thiccctionary/thiccctionary/audits/picker-rejections.jsonl
[bail] critique gate: verdict=reject score=1 subjectPct=64 - subject "Turbine, Gas-Fired"
[bail] popped "Turbine, Gas-Fired" from queue. 3 item(s) remain.
[bail] logged to audits/dead-subjects/2026-09-01.md
[retry-wrapper] attempt 3 bailed (no NEW entry for 2026-09-01 yet). Queue now has 3 item(s).

[retry-wrapper] ===== attempt 4/4 =====
Found 30 dead subject(s) in last 14 days; will avoid.
Subject queue: pulling "Container, Shipping 40-Foot" (3 item(s) before pull, 0 dropped as dup).
SUBJECT_OVERRIDE active: subject="Container, Shipping 40-Foot" query="40 foot shipping container" (source: queue)
Subject: Container, Shipping 40-Foot (query: "40 foot shipping container")
Subject "Container, Shipping 40-Foot" returned zero Unsplash results for query "40 foot shipping container". (attempt 1)
Fallback subject (#1): Turbine, Industrial Gas (query: "industrial gas turbine")
Found 30 candidate photos.
[photo-dedup] dropped 1 candidate(s) already used by another entry; 29 left.
Vision picked #1 of 12: The cooling towers prominently display a thick and robust silhouette, emphasizing their industrial girth.
Saved image to images/2026-09-01-turbine-industrial-gas.jpg
[webp] 2026-09-01-turbine-industrial-gas.jpg: 192KB -> 114KB (41% smaller)
Design critique: score=1/10, verdict=reject, NOT THE SUBJECT
[image-retry] image 1 scored 1 / subjectPct 100; trying another photo for "Turbine, Industrial Gas" (28 candidates left).
Vision picked #2 of 12: This photo showcases a large industrial turbine with a prominent silhouette, emphasizing its girth and scale.
[webp] 2026-09-01-turbine-industrial-gas.jpg: 304KB -> 196KB (35% smaller)
Design critique: score=1/10, verdict=reject, NOT THE SUBJECT
[image-retry] image 2 scored 1 / subjectPct 64; trying another photo for "Turbine, Industrial Gas" (27 candidates left).
Vision picked #2 of 12: This photo shows a large industrial gas turbine with a robust structure, emphasizing its girth and presence.
[webp] 2026-09-01-turbine-industrial-gas.jpg: 308KB -> 210KB (32% smaller)
Design critique: score=1/10, verdict=reject, NOT THE SUBJECT
GATE: critique flagged the image as unacceptable. Skipping before PR.
  score: 1  verdict: reject  subjectPct: 64  isSubject: false
  critique: The photo does not show an industrial gas turbine but rather a large metal robot sculpture. The object is well-centered and prominent, but it does not match the subject description. The setting is more theatrical than documentary, which further detracts from its suitability for a dictionary entry on industrial gas turbines.
[picker-learning] appended rejection to /home/runner/work/thiccctionary/thiccctionary/audits/picker-rejections.jsonl
[bail] critique gate: verdict=reject score=1 subjectPct=64 - subject "Turbine, Industrial Gas"
[bail] popped "Turbine, Industrial Gas" from queue. 2 item(s) remain.
[bail] logged to audits/dead-subjects/2026-09-01.md
[retry-wrapper] attempt 4 bailed (no NEW entry for 2026-09-01 yet). Queue now has 2 item(s).
[retry-wrapper] exhausted 4 attempts. No NEW entry landed for 2026-09-01.
```
