# Daily run trace 2026-08-26-093128

Triggered by: workflow_dispatch (actor=github-actions[bot])
Run URL: https://github.com/christopherlhicks29-create/thiccctionary/actions/runs/32953305058
force_regenerate input: false
collision.proceed: true
Generate step ran: success
Verify step ran: SKIPPED
entry_written: NOT_SET

## generate-daily.js stdout
```
[retry-wrapper] target date: 2026-08-26
[retry-wrapper] subject override: (none, will use queue)
[retry-wrapper] queue length: 3

[retry-wrapper] ===== attempt 1/4 =====
Found 30 dead subject(s) in last 14 days; will avoid.
Subject queue: pulling "Briefcase, Hardshell Pelican" (3 item(s) before pull, 0 dropped as dup).
SUBJECT_OVERRIDE active: subject="Briefcase, Hardshell Pelican" query="pelican hardshell case" (source: queue)
Subject: Briefcase, Hardshell Pelican (query: "pelican hardshell case")
Found 1 candidate photos.
Vision rejected all 1 candidates: all candidates fail veto
Picker rejected all candidates. Retrying with photography bias.
Vision rejected all 12 candidates: all candidates fail veto
[bail] picker vetoed all candidates on both queries - subject "Briefcase, Hardshell Pelican"
[bail] popped "Briefcase, Hardshell Pelican" from queue. 2 item(s) remain.
[bail] logged to audits/dead-subjects/2026-08-26.md
[retry-wrapper] attempt 1 bailed (no NEW entry for 2026-08-26 yet). Queue now has 2 item(s).

[retry-wrapper] ===== attempt 2/4 =====
Found 28 dead subject(s) in last 14 days; will avoid.
Subject queue: pulling "Garbage Truck, Front-Loader" (2 item(s) before pull, 0 dropped as dup).
SUBJECT_OVERRIDE active: subject="Garbage Truck, Front-Loader" query="front loader garbage truck" (source: queue)
Subject: Garbage Truck, Front-Loader (query: "front loader garbage truck")
Subject "Garbage Truck, Front-Loader" returned zero Unsplash results for query "front loader garbage truck". (attempt 1)
Fallback subject (#1): Thiccc Tuba, Bass (query: "bass tuba")
Found 10 candidate photos.
Vision picked #1 of 10: This photo shows the full silhouette of a tuba, emphasizing its girth and shape.
Saved image to images/2026-08-26-thiccc-tuba-bass.jpg
[webp] 2026-08-26-thiccc-tuba-bass.jpg: 228KB -> 129KB (43% smaller)
Design critique: score=1/10, verdict=reject, NOT THE SUBJECT
[image-retry] image 1 scored 1 / subjectPct 42; trying another photo for "Thiccc Tuba, Bass" (9 candidates left).
Vision picked #9 of 9: this photo shows the full silhouette of a bass tuba, emphasizing its girth and shape.
[webp] 2026-08-26-thiccc-tuba-bass.jpg: 110KB -> 62KB (43% smaller)
Design critique: score=1/10, verdict=reject, NOT THE SUBJECT
[image-retry] image 2 scored 1 / subjectPct 64; trying another photo for "Thiccc Tuba, Bass" (8 candidates left).
Vision picked #7 of 8: this photo clearly shows the full silhouette of a bass tuba, emphasizing its girth and shape.
[webp] 2026-08-26-thiccc-tuba-bass.jpg: 123KB -> 57KB (54% smaller)
Design critique: score=1/10, verdict=reject, NOT THE SUBJECT
GATE: critique flagged the image as unacceptable. Skipping before PR.
  score: 1  verdict: reject  subjectPct: 64  isSubject: false
  critique: The photo depicts a French horn, not a tuba, which is the subject. The image is well-composed and clear, but it fails the identity test as it does not show the named object, a 'Thiccc Tuba, Bass.' Therefore, it cannot be used for the intended purpose.
[picker-learning] appended rejection to /home/runner/work/thiccctionary/thiccctionary/audits/picker-rejections.jsonl
[bail] critique gate: verdict=reject score=1 subjectPct=64 - subject "Thiccc Tuba, Bass"
[bail] popped "Thiccc Tuba, Bass" from queue. 1 item(s) remain.
[bail] logged to audits/dead-subjects/2026-08-26.md
[retry-wrapper] attempt 2 bailed (no NEW entry for 2026-08-26 yet). Queue now has 1 item(s).

[retry-wrapper] ===== attempt 3/4 =====
Found 29 dead subject(s) in last 14 days; will avoid.
Subject queue: dropping "Truck, Monster Bigfoot" - duplicates catalogued "Thiccc Tanker Truck".
Subject queue: all 1 item(s) were catalog dups; cleared queue, falling through to auto-picker.
Duplicate-subject guard: "Turbine, Gas-Fired Industrial" is the same family as already-published "Turbine, Gas-Fired" (headNoun "turbine"). Retry 1/5.
Subject: Caterpillar D11T Dozer (query: "Caterpillar D11T")
Subject "Caterpillar D11T Dozer" returned zero Unsplash results for query "Caterpillar D11T". (attempt 1)
Fallback subject (#1): Thiccc Caterpillar 797F (query: "Caterpillar 797F")
Subject "Thiccc Caterpillar 797F" returned zero Unsplash results for query "Caterpillar 797F". (attempt 2)
Fallback subject (#2): Turbine, Gas Turbine Power Plant (query: "gas turbine")
Found 30 candidate photos.
[photo-dedup] dropped 1 candidate(s) already used by another entry; 29 left.
Vision picked #6 of 12: this photo shows a gas turbine engine with a robust and bulky silhouette, emphasizing its thiccness.
Saved image to images/2026-08-26-turbine-gas-turbine-power-plant.jpg
[webp] 2026-08-26-turbine-gas-turbine-power-plant.jpg: 304KB -> 196KB (35% smaller)
Design critique: score=1/10, verdict=reject, NOT THE SUBJECT
[image-retry] image 1 scored 1 / subjectPct 64; trying another photo for "Turbine, Gas Turbine Power Plant" (28 candidates left).
Vision picked #9 of 12: this photo showcases the bulk and complexity of gas turbine components, emphasizing its thicc silhouette.
[webp] 2026-08-26-turbine-gas-turbine-power-plant.jpg: 203KB -> 108KB (47% smaller)
Design critique: score=1/10, verdict=reject, NOT THE SUBJECT
[image-retry] image 2 scored 1 / subjectPct 64; trying another photo for "Turbine, Gas Turbine Power Plant" (27 candidates left).
Vision picked #9 of 12: This photo shows a large gas turbine with a prominent silhouette, emphasizing its girth and industrial presence.
[webp] 2026-08-26-turbine-gas-turbine-power-plant.jpg: 308KB -> 210KB (32% smaller)
Design critique: score=1/10, verdict=reject, NOT THE SUBJECT
GATE: critique flagged the image as unacceptable. Skipping before PR.
  score: 1  verdict: reject  subjectPct: 64  isSubject: false
  critique: The photo does not depict a gas turbine from a power plant. Instead, it shows a large metal structure that resembles a robot or a sci-fi engine, which is not the subject specified. The composition is visually interesting but does not meet the criteria for the subject identity. The object is not a real gas turbine, and the setting suggests a fictional or artistic representation rather than an industrial context.
[picker-learning] appended rejection to /home/runner/work/thiccctionary/thiccctionary/audits/picker-rejections.jsonl
[bail] critique gate: verdict=reject score=1 subjectPct=64 - subject "Turbine, Gas Turbine Power Plant"
[bail] popped "Turbine, Gas Turbine Power Plant" from queue. 0 item(s) remain.
[bail] logged to audits/dead-subjects/2026-08-26.md
[retry-wrapper] attempt 3 bailed (no NEW entry for 2026-08-26 yet). Queue now has 0 item(s).

[retry-wrapper] ===== attempt 4/4 =====
[retry-wrapper] queue empty and no override - stopping retries.
[retry-wrapper] exhausted 4 attempts. No NEW entry landed for 2026-08-26.
```
