# Daily run trace 2026-10-08-185014

Triggered by: schedule (actor=christopherlhicks29-create)
Run URL: https://github.com/christopherlhicks29-create/thiccctionary/actions/runs/37827085896
force_regenerate input: false
collision.proceed: true
Generate step ran: success
Verify step ran: SKIPPED
entry_written: NOT_SET

## generate-daily.js stdout
```
[retry-wrapper] target date: 2026-10-08
[retry-wrapper] subject override: (none, will use queue)
[retry-wrapper] queue length: 5

[retry-wrapper] ===== attempt 1/4 =====
Found 25 dead subject(s) in last 14 days; will avoid.
Subject queue: pulling "Container, Shipping 40-Foot" (5 item(s) before pull, 0 dropped as dup).
SUBJECT_OVERRIDE active: subject="Container, Shipping 40-Foot" query="40 foot shipping container" (source: queue)
Subject: Container, Shipping 40-Foot (query: "40 foot shipping container")
Subject "Container, Shipping 40-Foot" returned zero Unsplash results for query "40 foot shipping container". (attempt 1)
Fallback subject (#1): Thiccc Liebherr LTM 11200-9.1 (query: "mobile crane")
Found 30 candidate photos.
[photo-dedup] dropped 1 candidate(s) already used by another entry; 29 left.
Vision picked #3 of 12: this photo showcases multiple cranes, emphasizing their large size and girth.
Saved image to images/2026-10-08-thiccc-liebherr-ltm-11200-9-1.jpg
[webp] 2026-10-08-thiccc-liebherr-ltm-11200-9-1.jpg: 318KB -> 224KB (30% smaller)
Design critique: score=1/10, verdict=reject, NOT THE SUBJECT
[image-retry] image 1 scored 1 / subjectPct 48; trying another photo for "Thiccc Liebherr LTM 11200-9.1" (28 candidates left).
Vision picked #1 of 12: This photo shows the full silhouette of the Liebherr crane against a clean background, emphasizing its impressive girth and height.
[webp] 2026-10-08-thiccc-liebherr-ltm-11200-9-1.jpg: 154KB -> 63KB (59% smaller)
Design critique: score=1/10, verdict=reject, NOT THE SUBJECT
[image-retry] image 2 scored 1 / subjectPct 48; trying another photo for "Thiccc Liebherr LTM 11200-9.1" (27 candidates left).
Vision picked #10 of 12: this photo shows the full silhouette of a large crane, emphasizing its substantial girth and structure.
[webp] 2026-10-08-thiccc-liebherr-ltm-11200-9-1.jpg: 246KB -> 149KB (39% smaller)
Design critique: score=1/10, verdict=reject, NOT THE SUBJECT
GATE: critique flagged the image as unacceptable. Skipping before PR.
  score: 1  verdict: reject  subjectPct: 64  isSubject: false
  critique: The photo does not show the Liebherr LTM 11200-9.1, but rather a Sany construction vehicle. The subject is not the named object, leading to an automatic rejection. The vehicle is centered and prominent, but it is not the correct model. The surroundings are not overly distracting, but the identity test fails, making the image unsuitable for the entry.
[picker-learning] appended rejection to /home/runner/work/thiccctionary/thiccctionary/audits/picker-rejections.jsonl
[bail] critique gate: verdict=reject score=1 subjectPct=64 - subject "Thiccc Liebherr LTM 11200-9.1"
[bail] popped "Thiccc Liebherr LTM 11200-9.1" from queue. 4 item(s) remain.
[bail] logged to audits/dead-subjects/2026-10-08.md
[retry-wrapper] attempt 1 bailed (no NEW entry for 2026-10-08 yet). Queue now has 4 item(s).

[retry-wrapper] ===== attempt 2/4 =====
Found 24 dead subject(s) in last 14 days; will avoid.
Subject queue: pulling "Drawbridge, Castle" (4 item(s) before pull, 0 dropped as dup).
SUBJECT_OVERRIDE active: subject="Drawbridge, Castle" query="castle drawbridge stone" (source: queue)
Subject: Drawbridge, Castle (query: "castle drawbridge stone")
Subject "Drawbridge, Castle" returned zero Unsplash results for query "castle drawbridge stone". (attempt 1)
Fallback subject (#1): Boeing 747, Jumbo Jet (query: "Boeing 747")
Found 7 candidate photos.
Vision rejected all 7 candidates: all candidates fail veto
Picker rejected all candidates. Retrying with photography bias.
Vision rejected all 1 candidates: all candidates fail veto
[bail] picker vetoed all candidates on both queries - subject "Boeing 747, Jumbo Jet"
[bail] popped "Boeing 747, Jumbo Jet" from queue. 3 item(s) remain.
[bail] logged to audits/dead-subjects/2026-10-08.md
[retry-wrapper] attempt 2 bailed (no NEW entry for 2026-10-08 yet). Queue now has 3 item(s).

[retry-wrapper] ===== attempt 3/4 =====
Found 25 dead subject(s) in last 14 days; will avoid.
Subject queue: pulling "Crockpot, Slow Cooker Oval" (3 item(s) before pull, 0 dropped as dup).
SUBJECT_OVERRIDE active: subject="Crockpot, Slow Cooker Oval" query="oval slow cooker crockpot" (source: queue)
Subject: Crockpot, Slow Cooker Oval (query: "oval slow cooker crockpot")
Subject "Crockpot, Slow Cooker Oval" returned zero Unsplash results for query "oval slow cooker crockpot". (attempt 1)
Fallback subject (#1): Thiccc Caterpillar D11T (query: "bulldozer")
Found 9 candidate photos.
[photo-dedup] dropped 3 candidate(s) already used by another entry; 6 left.
Vision rejected all 6 candidates: all candidates fail veto
Picker rejected all candidates. Retrying with photography bias.
[photo-dedup] dropped 3 candidate(s) already used by another entry; 27 left.
Vision rejected all 12 candidates: all candidates fail veto
[bail] picker vetoed all candidates on both queries - subject "Thiccc Caterpillar D11T"
[bail] popped "Thiccc Caterpillar D11T" from queue. 2 item(s) remain.
[bail] logged to audits/dead-subjects/2026-10-08.md
[retry-wrapper] attempt 3 bailed (no NEW entry for 2026-10-08 yet). Queue now has 2 item(s).

[retry-wrapper] ===== attempt 4/4 =====
Found 26 dead subject(s) in last 14 days; will avoid.
Subject queue: pulling "Crab, King Alaskan" (2 item(s) before pull, 0 dropped as dup).
SUBJECT_OVERRIDE active: subject="Crab, King Alaskan" query="king crab alaskan leg" (source: queue)
Subject: Crab, King Alaskan (query: "king crab alaskan leg")
Subject "Crab, King Alaskan" returned zero Unsplash results for query "king crab alaskan leg". (attempt 1)
Fallback subject (#1): Thiccc Caterpillar 797F (query: "Caterpillar 797F")
Subject "Thiccc Caterpillar 797F" returned zero Unsplash results for query "Caterpillar 797F". (attempt 2)
Fallback subject (#2): Thiccc Caterpillar 797F (query: "Caterpillar 797F")
Subject "Thiccc Caterpillar 797F" returned zero Unsplash results for query "Caterpillar 797F". (attempt 3)
Fallback subject (#3): Thiccc Liebherr LTM 1500-8.1 (query: "mobile crane")
Found 30 candidate photos.
[photo-dedup] dropped 1 candidate(s) already used by another entry; 29 left.
Vision picked #3 of 12: This photo shows multiple cranes, emphasizing their large and robust silhouettes against a clear background.
Saved image to images/2026-10-08-thiccc-liebherr-ltm-1500-8-1.jpg
[webp] 2026-10-08-thiccc-liebherr-ltm-1500-8-1.jpg: 318KB -> 224KB (30% smaller)
Design critique: score=1/10, verdict=reject, NOT THE SUBJECT
[image-retry] image 1 scored 1 / subjectPct 48; trying another photo for "Thiccc Liebherr LTM 1500-8.1" (28 candidates left).
Vision picked #1 of 12: This photo shows the full silhouette of the Liebherr LTM 1500-8.1 with a clear background, emphasizing its girth and structure.
[webp] 2026-10-08-thiccc-liebherr-ltm-1500-8-1.jpg: 154KB -> 63KB (59% smaller)
Design critique: score=1/10, verdict=reject, NOT THE SUBJECT
[image-retry] image 2 scored 1 / subjectPct 45; trying another photo for "Thiccc Liebherr LTM 1500-8.1" (27 candidates left).
Vision picked #10 of 12: This photo shows the full silhouette of the crane, emphasizing its substantial girth and structure.
[webp] 2026-10-08-thiccc-liebherr-ltm-1500-8-1.jpg: 246KB -> 149KB (39% smaller)
Design critique: score=1/10, verdict=reject, NOT THE SUBJECT
GATE: critique flagged the image as unacceptable. Skipping before PR.
  score: 1  verdict: reject  subjectPct: 48  isSubject: false
  critique: The photo does not show a Liebherr LTM 1500-8.1 but rather a Sany construction vehicle. The subject is not centered, and the trees create distractions. The image fails the identity test as it does not depict the named object, leading to a rejection.
[picker-learning] appended rejection to /home/runner/work/thiccctionary/thiccctionary/audits/picker-rejections.jsonl
[bail] critique gate: verdict=reject score=1 subjectPct=48 - subject "Thiccc Liebherr LTM 1500-8.1"
[bail] popped "Thiccc Liebherr LTM 1500-8.1" from queue. 1 item(s) remain.
[bail] logged to audits/dead-subjects/2026-10-08.md
[retry-wrapper] attempt 4 bailed (no NEW entry for 2026-10-08 yet). Queue now has 1 item(s).
[retry-wrapper] exhausted 4 attempts. No NEW entry landed for 2026-10-08.
```
