# Daily run trace 2026-08-08-053654

Triggered by: workflow_dispatch (actor=github-actions[bot])
Run URL: https://github.com/christopherlhicks29-create/thiccctionary/actions/runs/31241999086
force_regenerate input: false
collision.proceed: true
Generate step ran: success
Verify step ran: SKIPPED
entry_written: NOT_SET

## generate-daily.js stdout
```
[retry-wrapper] target date: 2026-08-08
[retry-wrapper] subject override: (none, will use queue)
[retry-wrapper] queue length: 5

[retry-wrapper] ===== attempt 1/4 =====
Found 23 dead subject(s) in last 14 days; will avoid.
Subject queue: pulling "Submarine, Ballistic Missile" (5 item(s) before pull, 0 dropped as dup).
SUBJECT_OVERRIDE active: subject="Submarine, Ballistic Missile" query="submarine surfaced ocean" (source: queue)
Subject: Submarine, Ballistic Missile (query: "submarine surfaced ocean")
Found 30 candidate photos.
Vision rejected all 12 candidates: all candidates fail veto
Picker rejected all candidates. Retrying with photography bias.
Vision rejected all 12 candidates: all candidates fail veto
[bail] picker vetoed all candidates on both queries - subject "Submarine, Ballistic Missile"
[bail] popped "Submarine, Ballistic Missile" from queue. 4 item(s) remain.
[bail] logged to audits/dead-subjects/2026-08-08.md
[retry-wrapper] attempt 1 bailed (no NEW entry for 2026-08-08 yet). Queue now has 4 item(s).

[retry-wrapper] ===== attempt 2/4 =====
Found 23 dead subject(s) in last 14 days; will avoid.
Subject queue: pulling "Gong, Chinese Brass" (4 item(s) before pull, 0 dropped as dup).
SUBJECT_OVERRIDE active: subject="Gong, Chinese Brass" query="chinese brass gong large" (source: queue)
Subject: Gong, Chinese Brass (query: "chinese brass gong large")
Subject "Gong, Chinese Brass" returned zero Unsplash results for query "chinese brass gong large". (attempt 1)
Fallback subject (#1): Giant Pumpkin, Atlantic Giant (query: "giant pumpkin")
Subject "Giant Pumpkin, Atlantic Giant" returned zero Unsplash results for query "giant pumpkin". (attempt 2)
Fallback subject (#2): Thiccc Antonov An-225 (query: "Antonov An-225")
Found 30 candidate photos.
Vision picked #2 of 12: this photo shows the Antonov An-225 head-on, emphasizing its massive girth and silhouette.
Saved image to images/2026-08-08-thiccc-antonov-an-225.jpg
[webp] 2026-08-08-thiccc-antonov-an-225.jpg: 136KB -> 70KB (49% smaller)
Design critique: score=1/10, verdict=reject, NOT THE SUBJECT
[image-retry] image 1 scored 1 / subjectPct 36; trying another photo for "Thiccc Antonov An-225" (29 candidates left).
Vision rejected all 12 candidates: all candidates fail veto
GATE: critique flagged the image as unacceptable. Skipping before PR.
  score: 1  verdict: reject  subjectPct: 36  isSubject: false
  critique: The photo does not show the Antonov An-225, but rather an IL-76 aircraft. The Antonov An-225 is a distinct and much larger aircraft, known for being the heaviest airplane ever built. The IL-76, while also a large cargo plane, is not the same and does not meet the identity requirement for the subject. The image is well-composed and clear, but it does not depict the correct aircraft, leading to a rejection.
[picker-learning] appended rejection to /home/runner/work/thiccctionary/thiccctionary/audits/picker-rejections.jsonl
[bail] critique gate: verdict=reject score=1 subjectPct=36 - subject "Thiccc Antonov An-225"
[bail] popped "Thiccc Antonov An-225" from queue. 3 item(s) remain.
[bail] logged to audits/dead-subjects/2026-08-08.md
[retry-wrapper] attempt 2 bailed (no NEW entry for 2026-08-08 yet). Queue now has 3 item(s).

[retry-wrapper] ===== attempt 3/4 =====
Found 24 dead subject(s) in last 14 days; will avoid.
Subject queue: pulling "Container, Shipping 40-Foot" (3 item(s) before pull, 0 dropped as dup).
SUBJECT_OVERRIDE active: subject="Container, Shipping 40-Foot" query="40 foot shipping container" (source: queue)
Subject: Container, Shipping 40-Foot (query: "40 foot shipping container")
Subject "Container, Shipping 40-Foot" returned zero Unsplash results for query "40 foot shipping container". (attempt 1)
Fallback subject (#1): Thiccc Walrus (query: "walrus")
Found 1 candidate photos.
Vision rejected all 1 candidates: all candidates fail veto
Picker rejected all candidates. Retrying with photography bias.
Vision picked #10 of 12: This photo shows a walrus with a prominent girthy silhouette, emphasizing its thiccness.
Saved image to images/2026-08-08-thiccc-walrus.jpg
[webp] 2026-08-08-thiccc-walrus.jpg: 224KB -> 152KB (32% smaller)
Design critique: score=1/10, verdict=reject, NOT THE SUBJECT
[image-retry] image 1 scored 1 / subjectPct 64; trying another photo for "Thiccc Walrus" (1 candidates left).
Vision rejected all 1 candidates: all candidates fail veto
GATE: critique flagged the image as unacceptable. Skipping before PR.
  score: 1  verdict: reject  subjectPct: 64  isSubject: false
  critique: The photo does not show a 'Thiccc Walrus' but rather a group of Steller's Sea Lions. The entire subject is visible and well-framed, with the sea lions clearly the focal point. However, since the subject is not a walrus, the image does not meet the criteria for the specified subject and must be rejected.
[picker-learning] appended rejection to /home/runner/work/thiccctionary/thiccctionary/audits/picker-rejections.jsonl
[bail] critique gate: verdict=reject score=1 subjectPct=64 - subject "Thiccc Walrus"
[bail] popped "Thiccc Walrus" from queue. 2 item(s) remain.
[bail] logged to audits/dead-subjects/2026-08-08.md
[retry-wrapper] attempt 3 bailed (no NEW entry for 2026-08-08 yet). Queue now has 2 item(s).

[retry-wrapper] ===== attempt 4/4 =====
Found 25 dead subject(s) in last 14 days; will avoid.
Subject queue: dropping "Door, Bank Vault Round" - duplicates catalogued "Vault Door, Bank".
Subject queue: dropping "Whisk, Industrial Mixer" - duplicates catalogued "Concrete Mixer".
Subject queue: all 2 item(s) were catalog dups; cleared queue, falling through to auto-picker.
Subject: Thiccc Caterpillar D11T (query: "caterpillar d11t")
Subject "Thiccc Caterpillar D11T" returned zero Unsplash results for query "caterpillar d11t". (attempt 1)
Fallback subject (#1): Bagger 293 (query: "Bagger 293")
Found 30 candidate photos.
[photo-dedup] dropped 1 candidate(s) already used by another entry; 29 left.
Vision picked #1 of 12: This photo shows the full silhouette of the Bagger 293, emphasizing its massive girth and industrial design.
Saved image to images/2026-08-08-bagger-293.jpg
[webp] 2026-08-08-bagger-293.jpg: 220KB -> 132KB (40% smaller)
Design critique: score=1/10, verdict=reject, NOT THE SUBJECT
[image-retry] image 1 scored 1 / subjectPct 48; trying another photo for "Bagger 293" (28 candidates left).
Vision picked #2 of 12: This photo shows the Bagger 293's massive scale and silhouette against the landscape, emphasizing its girth.
[webp] 2026-08-08-bagger-293.jpg: 418KB -> 355KB (15% smaller)
Design critique: score=1/10, verdict=reject, NOT THE SUBJECT
[image-retry] image 2 scored 1 / subjectPct 20; trying another photo for "Bagger 293" (27 candidates left).
Vision picked #10 of 12: this photo shows the full silhouette of a large crane, emphasizing its substantial girth and structure.
[webp] 2026-08-08-bagger-293.jpg: 141KB -> 72KB (49% smaller)
Design critique: score=1/10, verdict=reject, NOT THE SUBJECT
GATE: critique flagged the image as unacceptable. Skipping before PR.
  score: 1  verdict: reject  subjectPct: 42  isSubject: false
  critique: The photo does not show the Bagger 293, which is a massive bucket-wheel excavator. Instead, it depicts a large industrial crane, likely used for loading and unloading at a port. The crane is well-framed and clear, but it is not the subject specified. The image is unsuitable for the entry as it fails the identity test.
[picker-learning] appended rejection to /home/runner/work/thiccctionary/thiccctionary/audits/picker-rejections.jsonl
[bail] critique gate: verdict=reject score=1 subjectPct=42 - subject "Bagger 293"
[bail] popped "Bagger 293" from queue. 0 item(s) remain.
[bail] logged to audits/dead-subjects/2026-08-08.md
[retry-wrapper] attempt 4 bailed (no NEW entry for 2026-08-08 yet). Queue now has 0 item(s).
[retry-wrapper] exhausted 4 attempts. No NEW entry landed for 2026-08-08.
```
