# Daily run trace 2026-08-09-122853

Triggered by: workflow_dispatch (actor=github-actions[bot])
Run URL: https://github.com/christopherlhicks29-create/thiccctionary/actions/runs/31313275977
force_regenerate input: false
collision.proceed: true
Generate step ran: success
Verify step ran: SKIPPED
entry_written: NOT_SET

## generate-daily.js stdout
```
[retry-wrapper] target date: 2026-08-09
[retry-wrapper] subject override: (none, will use queue)
[retry-wrapper] queue length: 6

[retry-wrapper] ===== attempt 1/4 =====
Found 23 dead subject(s) in last 14 days; will avoid.
Subject queue: pulling "Container, Shipping 40-Foot" (6 item(s) before pull, 0 dropped as dup).
SUBJECT_OVERRIDE active: subject="Container, Shipping 40-Foot" query="40 foot shipping container" (source: queue)
Subject: Container, Shipping 40-Foot (query: "40 foot shipping container")
Subject "Container, Shipping 40-Foot" returned zero Unsplash results for query "40 foot shipping container". (attempt 1)
Fallback subject (#1): Bagger 293 (query: "Bagger 293")
Found 30 candidate photos.
[photo-dedup] dropped 1 candidate(s) already used by another entry; 29 left.
Vision picked #1 of 12: This photo showcases the full silhouette of the Bagger 293, emphasizing its massive girth and structure.
Saved image to images/2026-08-09-bagger-293.jpg
[webp] 2026-08-09-bagger-293.jpg: 220KB -> 132KB (40% smaller)
Design critique: score=1/10, verdict=reject, NOT THE SUBJECT
[image-retry] image 1 scored 1 / subjectPct 64; trying another photo for "Bagger 293" (28 candidates left).
Vision picked #2 of 12: this photo shows the Bagger 293's massive silhouette and overall girth from an aerial perspective.
[webp] 2026-08-09-bagger-293.jpg: 418KB -> 355KB (15% smaller)
Design critique: score=1/10, verdict=reject, NOT THE SUBJECT
[image-retry] image 2 scored 1 / subjectPct 18; trying another photo for "Bagger 293" (27 candidates left).
Vision picked #10 of 12: This photo shows the full silhouette of a large crane, emphasizing its substantial girth and imposing presence.
[webp] 2026-08-09-bagger-293.jpg: 141KB -> 72KB (49% smaller)
Design critique: score=1/10, verdict=reject, NOT THE SUBJECT
GATE: critique flagged the image as unacceptable. Skipping before PR.
  score: 1  verdict: reject  subjectPct: 48  isSubject: false
  critique: The photo does not show the Bagger 293, which is a massive bucket-wheel excavator. Instead, it depicts a large industrial crane in a port setting. The crane is well-framed and prominent in the image, but it is not the correct subject. The setting is industrial, fitting the theme, but the object itself is not the one specified. Therefore, the photo cannot be used for the intended entry.
[picker-learning] appended rejection to /home/runner/work/thiccctionary/thiccctionary/audits/picker-rejections.jsonl
[bail] critique gate: verdict=reject score=1 subjectPct=48 - subject "Bagger 293"
[bail] popped "Bagger 293" from queue. 5 item(s) remain.
[bail] logged to audits/dead-subjects/2026-08-09.md
[retry-wrapper] attempt 1 bailed (no NEW entry for 2026-08-09 yet). Queue now has 5 item(s).

[retry-wrapper] ===== attempt 2/4 =====
Found 21 dead subject(s) in last 14 days; will avoid.
Subject queue: pulling "Refrigerator, Sub-Zero Built-In" (5 item(s) before pull, 0 dropped as dup).
SUBJECT_OVERRIDE active: subject="Refrigerator, Sub-Zero Built-In" query="sub-zero built in refrigerator kitchen" (source: queue)
Subject: Refrigerator, Sub-Zero Built-In (query: "sub-zero built in refrigerator kitchen")
Found 16 candidate photos.
Vision picked #5 of 12: this photo showcases a full Sub-Zero refrigerator with ample contents, emphasizing its size and capacity.
Saved image to images/2026-08-09-refrigerator-sub-zero-built-in.jpg
[webp] 2026-08-09-refrigerator-sub-zero-built-in.jpg: 245KB -> 150KB (39% smaller)
Design critique: score=1/10, verdict=reject, NOT THE SUBJECT
[image-retry] image 1 scored 1 / subjectPct 100; trying another photo for "Refrigerator, Sub-Zero Built-In" (15 candidates left).
Vision picked #4 of 12: This photo prominently features the refrigerator, showcasing its size and presence in the kitchen.
[webp] 2026-08-09-refrigerator-sub-zero-built-in.jpg: 182KB -> 97KB (46% smaller)
Design critique: score=1/10, verdict=reject, NOT THE SUBJECT
[image-retry] image 2 scored 1 / subjectPct 13; trying another photo for "Refrigerator, Sub-Zero Built-In" (14 candidates left).
Vision picked #7 of 12: this photo shows a full-sized refrigerator prominently in a spacious kitchen setting, emphasizing its girth.
[webp] 2026-08-09-refrigerator-sub-zero-built-in.jpg: 145KB -> 57KB (60% smaller)
Design critique: score=1/10, verdict=reject, NOT THE SUBJECT
GATE: critique flagged the image as unacceptable. Skipping before PR.
  score: 1  verdict: reject  subjectPct: 18  isSubject: false
  critique: The photo primarily depicts a modern kitchen setting, with a refrigerator visible but not clearly identifiable as a Sub-Zero Built-In model. The refrigerator is not the central focus and is partially cropped, failing the silhouette completeness test. The overall composition centers more on the kitchen design rather than the specific appliance. The image does not meet the criteria for a documentary-style plate of the specified subject.
[picker-learning] appended rejection to /home/runner/work/thiccctionary/thiccctionary/audits/picker-rejections.jsonl
[bail] critique gate: verdict=reject score=1 subjectPct=18 - subject "Refrigerator, Sub-Zero Built-In"
[bail] popped "Refrigerator, Sub-Zero Built-In" from queue. 4 item(s) remain.
[bail] logged to audits/dead-subjects/2026-08-09.md
[retry-wrapper] attempt 2 bailed (no NEW entry for 2026-08-09 yet). Queue now has 4 item(s).

[retry-wrapper] ===== attempt 3/4 =====
Found 22 dead subject(s) in last 14 days; will avoid.
Subject queue: pulling "Roast, Pork Shoulder Boston Butt" (4 item(s) before pull, 0 dropped as dup).
SUBJECT_OVERRIDE active: subject="Roast, Pork Shoulder Boston Butt" query="boston butt pork shoulder roast" (source: queue)
Subject: Roast, Pork Shoulder Boston Butt (query: "boston butt pork shoulder roast")
Subject "Roast, Pork Shoulder Boston Butt" returned zero Unsplash results for query "boston butt pork shoulder roast". (attempt 1)
Fallback subject (#1): Thiccc Titanosaur (query: "titanosaur")
Subject "Thiccc Titanosaur" returned zero Unsplash results for query "titanosaur". (attempt 2)
Fallback subject (#2): Titan, Superheavy Rocket Booster (query: "superheavy rocket")
Found 30 candidate photos.
Vision picked #7 of 12: This photo shows the full silhouette of a rocket booster, emphasizing its girth and structure.
Saved image to images/2026-08-09-titan-superheavy-rocket-booster.jpg
[webp] 2026-08-09-titan-superheavy-rocket-booster.jpg: 144KB -> 76KB (47% smaller)
Design critique: score=1/10, verdict=reject, NOT THE SUBJECT
[image-retry] image 1 scored 1 / subjectPct 100; trying another photo for "Titan, Superheavy Rocket Booster" (29 candidates left).
Vision picked #5 of 12: this photo captures the full silhouette of the rocket booster during launch, emphasizing its impressive girth and power.
[webp] 2026-08-09-titan-superheavy-rocket-booster.jpg: 84KB -> 42KB (50% smaller)
Design critique: score=1/10, verdict=reject, NOT THE SUBJECT
[image-retry] image 2 scored 1 / subjectPct 48; trying another photo for "Titan, Superheavy Rocket Booster" (28 candidates left).
Vision picked #1 of 12: This photo captures the full silhouette of the Titan rocket, emphasizing its impressive height and overall girth against the background.
[webp] 2026-08-09-titan-superheavy-rocket-booster.jpg: 183KB -> 115KB (37% smaller)
Design critique: score=1/10, verdict=reject, NOT THE SUBJECT
GATE: critique flagged the image as unacceptable. Skipping before PR.
  score: 1  verdict: reject  subjectPct: 16  isSubject: false
  critique: The photo does not depict a 'Titan, Superheavy Rocket Booster' but rather a tall, modern building partially obscured by grass. The object in the image is not a rocket booster, failing the identity test. The building is centered and prominent, but it is not the subject described. The image does not fit the criteria for the intended subject, leading to a rejection.
[picker-learning] appended rejection to /home/runner/work/thiccctionary/thiccctionary/audits/picker-rejections.jsonl
[bail] critique gate: verdict=reject score=1 subjectPct=16 - subject "Titan, Superheavy Rocket Booster"
[bail] popped "Titan, Superheavy Rocket Booster" from queue. 3 item(s) remain.
[bail] logged to audits/dead-subjects/2026-08-09.md
[retry-wrapper] attempt 3 bailed (no NEW entry for 2026-08-09 yet). Queue now has 3 item(s).

[retry-wrapper] ===== attempt 4/4 =====
Found 23 dead subject(s) in last 14 days; will avoid.
Subject queue: pulling "Lobster, Maine" (3 item(s) before pull, 0 dropped as dup).
SUBJECT_OVERRIDE active: subject="Lobster, Maine" query="maine lobster whole" (source: queue)
Subject: Lobster, Maine (query: "maine lobster whole")
Subject "Lobster, Maine" returned zero Unsplash results for query "maine lobster whole". (attempt 1)
Fallback subject (#1): Colossal Cabbage (query: "giant cabbage")
Found 23 candidate photos.
[photo-dedup] dropped 1 candidate(s) already used by another entry; 22 left.
Vision picked #2 of 12: this photo showcases multiple cabbages, emphasizing their collective girth and fullness.
Saved image to images/2026-08-09-colossal-cabbage.jpg
[webp] 2026-08-09-colossal-cabbage.jpg: 244KB -> 145KB (41% smaller)
Design critique: score=8/10, verdict=ship
Humor critique: score=8/10, verdict=ship, weakest=etymology
  feedback: The example sentence is specific and ends on a humorous note with the permit requirement. The etymology could use a stronger deadpan kicker, but the entry overall is solid with a good mix of specificity and surprise.
Generated social captions:
  morning: Colossal Cabbage. 138 pounds of leafy green ambition.
  afternoon: A single leaf from the Colossal Cabbage spans four feet—perfect for impromptu garden picnics.
  evening: From the archives, Colossal Cabbage.
  reels: The Colossal Cabbage—an overachiever since the seedling phase.
[bail] final dup-guard: "Colossal Cabbage" duplicates catalogued "Cabbage, Savoy" - subject "Colossal Cabbage"
[bail] popped "Colossal Cabbage" from queue. 2 item(s) remain.
[bail] logged to audits/dead-subjects/2026-08-09.md
[retry-wrapper] attempt 4 bailed (no NEW entry for 2026-08-09 yet). Queue now has 2 item(s).
[retry-wrapper] exhausted 4 attempts. No NEW entry landed for 2026-08-09.
```
