# Daily run trace 2026-10-08-003353

Triggered by: workflow_dispatch (actor=github-actions[bot])
Run URL: https://github.com/christopherlhicks29-create/thiccctionary/actions/runs/37708280636
force_regenerate input: false
collision.proceed: true
Generate step ran: success
Verify step ran: SKIPPED
entry_written: NOT_SET

## generate-daily.js stdout
```
[retry-wrapper] target date: 2026-10-08
[retry-wrapper] subject override: (none, will use queue)
[retry-wrapper] queue length: 5

[retry-wrapper] ===== attempt 1/4 =====
Found 25 dead subject(s) in last 14 days; will avoid.
Subject queue: pulling "Container, Shipping 40-Foot" (5 item(s) before pull, 0 dropped as dup).
SUBJECT_OVERRIDE active: subject="Container, Shipping 40-Foot" query="40 foot shipping container" (source: queue)
Subject: Container, Shipping 40-Foot (query: "40 foot shipping container")
Subject "Container, Shipping 40-Foot" returned zero Unsplash results for query "40 foot shipping container". (attempt 1)
Fallback subject (#1): Thiccc Caterpillar 797F (query: "Caterpillar 797F")
Subject "Thiccc Caterpillar 797F" returned zero Unsplash results for query "Caterpillar 797F". (attempt 2)
Fallback subject (#2): Boeing 747, Jumbo Jet (query: "Boeing 747")
Found 7 candidate photos.
Vision rejected all 7 candidates: all candidates fail veto
Picker rejected all candidates. Retrying with photography bias.
Vision rejected all 1 candidates: all candidates fail veto
[bail] picker vetoed all candidates on both queries - subject "Boeing 747, Jumbo Jet"
[bail] popped "Boeing 747, Jumbo Jet" from queue. 4 item(s) remain.
[bail] logged to audits/dead-subjects/2026-10-08.md
[retry-wrapper] attempt 1 bailed (no NEW entry for 2026-10-08 yet). Queue now has 4 item(s).

[retry-wrapper] ===== attempt 2/4 =====
Found 24 dead subject(s) in last 14 days; will avoid.
Subject queue: pulling "Drawbridge, Castle" (4 item(s) before pull, 0 dropped as dup).
SUBJECT_OVERRIDE active: subject="Drawbridge, Castle" query="castle drawbridge stone" (source: queue)
Subject: Drawbridge, Castle (query: "castle drawbridge stone")
Subject "Drawbridge, Castle" returned zero Unsplash results for query "castle drawbridge stone". (attempt 1)
Fallback subject (#1): Thiccc Caterpillar D11T (query: "caterpillar d11t")
Subject "Thiccc Caterpillar D11T" returned zero Unsplash results for query "caterpillar d11t". (attempt 2)
Fallback subject (#2): Thiccc Bagger 293 (query: "Bagger 293")
Found 30 candidate photos.
[photo-dedup] dropped 2 candidate(s) already used by another entry; 28 left.
Vision picked #1 of 12: This photo showcases the full silhouette of the Bagger 293, emphasizing its massive girth and industrial presence.
Saved image to images/2026-10-08-thiccc-bagger-293.jpg
[webp] 2026-10-08-thiccc-bagger-293.jpg: 220KB -> 132KB (40% smaller)
Design critique: score=1/10, verdict=reject, NOT THE SUBJECT
[image-retry] image 1 scored 1 / subjectPct 48; trying another photo for "Thiccc Bagger 293" (27 candidates left).
Vision picked #12 of 12: this photo shows the full silhouette of the Bagger 293 with clear emphasis on its massive structure.
[webp] 2026-10-08-thiccc-bagger-293.jpg: 141KB -> 72KB (49% smaller)
Design critique: score=1/10, verdict=reject, NOT THE SUBJECT
[image-retry] image 2 scored 1 / subjectPct 40; trying another photo for "Thiccc Bagger 293" (26 candidates left).
Vision picked #2 of 12: this photo showcases the large scale and girth of the Bagger 293's digging capabilities from an aerial perspective.
[webp] 2026-10-08-thiccc-bagger-293.jpg: 418KB -> 356KB (15% smaller)
Design critique: score=1/10, verdict=reject, NOT THE SUBJECT
GATE: critique flagged the image as unacceptable. Skipping before PR.
  score: 1  verdict: reject  subjectPct: 24  isSubject: false
  critique: The photo does not show the Bagger 293, which is a massive bucket-wheel excavator, not a bulldozer. The image captures a construction site with a bulldozer, which is not the subject specified. The composition is clear and well-framed for what it depicts, but it fails the identity test as it does not feature the named object. Therefore, it cannot be used for the intended entry.
[picker-learning] appended rejection to /home/runner/work/thiccctionary/thiccctionary/audits/picker-rejections.jsonl
[bail] critique gate: verdict=reject score=1 subjectPct=24 - subject "Thiccc Bagger 293"
[bail] popped "Thiccc Bagger 293" from queue. 3 item(s) remain.
[bail] logged to audits/dead-subjects/2026-10-08.md
[retry-wrapper] attempt 2 bailed (no NEW entry for 2026-10-08 yet). Queue now has 3 item(s).

[retry-wrapper] ===== attempt 3/4 =====
Found 25 dead subject(s) in last 14 days; will avoid.
Subject queue: pulling "Crockpot, Slow Cooker Oval" (3 item(s) before pull, 0 dropped as dup).
SUBJECT_OVERRIDE active: subject="Crockpot, Slow Cooker Oval" query="oval slow cooker crockpot" (source: queue)
Subject: Crockpot, Slow Cooker Oval (query: "oval slow cooker crockpot")
Subject "Crockpot, Slow Cooker Oval" returned zero Unsplash results for query "oval slow cooker crockpot". (attempt 1)
Fallback subject (#1): Concrete Mixer, Truck-Mounted (query: "concrete mixer")
Found 6 candidate photos.
[photo-dedup] dropped 1 candidate(s) already used by another entry; 5 left.
Vision rejected all 5 candidates: all candidates fail veto
Picker rejected all candidates. Retrying with photography bias.
[photo-dedup] dropped 1 candidate(s) already used by another entry; 29 left.
Vision picked #1 of 12: This photo clearly shows the full silhouette of a concrete mixer, emphasizing its girth and structure.
Saved image to images/2026-10-08-concrete-mixer-truck-mounted.jpg
[webp] 2026-10-08-concrete-mixer-truck-mounted.jpg: 97KB -> 38KB (60% smaller)
Design critique: score=1/10, verdict=reject, NOT THE SUBJECT
[image-retry] image 1 scored 1 / subjectPct 64; trying another photo for "Concrete Mixer, Truck-Mounted" (5 candidates left).
Vision picked #5 of 5: This photo shows a large, imposing concrete mixer structure, emphasizing its overall girth and silhouette.
[webp] 2026-10-08-concrete-mixer-truck-mounted.jpg: 153KB -> 85KB (45% smaller)
Design critique: score=1/10, verdict=reject, NOT THE SUBJECT
[image-retry] image 2 scored 1 / subjectPct undefined; trying another photo for "Concrete Mixer, Truck-Mounted" (4 candidates left).
Vision rejected all 4 candidates: all candidates fail veto
GATE: critique flagged the image as unacceptable. Skipping before PR.
  score: 1  verdict: reject  subjectPct: undefined  isSubject: false
  critique: The photo does not show a truck-mounted concrete mixer; instead, it depicts a large industrial building. The subject is not visible, failing the identity test. The image is well-composed and visually interesting, but it does not meet the criteria for the specified subject. Therefore, it is unsuitable for the intended entry.
[picker-learning] appended rejection to /home/runner/work/thiccctionary/thiccctionary/audits/picker-rejections.jsonl
[bail] critique gate: verdict=reject score=1 subjectPct=undefined - subject "Concrete Mixer, Truck-Mounted"
[bail] popped "Concrete Mixer, Truck-Mounted" from queue. 2 item(s) remain.
[bail] logged to audits/dead-subjects/2026-10-08.md
[retry-wrapper] attempt 3 bailed (no NEW entry for 2026-10-08 yet). Queue now has 2 item(s).

[retry-wrapper] ===== attempt 4/4 =====
Found 26 dead subject(s) in last 14 days; will avoid.
Subject queue: pulling "Crab, King Alaskan" (2 item(s) before pull, 0 dropped as dup).
SUBJECT_OVERRIDE active: subject="Crab, King Alaskan" query="king crab alaskan leg" (source: queue)
Subject: Crab, King Alaskan (query: "king crab alaskan leg")
Subject "Crab, King Alaskan" returned zero Unsplash results for query "king crab alaskan leg". (attempt 1)
Fallback subject (#1): Thiccc Caterpillar D11 Dozer (query: "Caterpillar D11 dozer")
Subject "Thiccc Caterpillar D11 Dozer" returned zero Unsplash results for query "Caterpillar D11 dozer". (attempt 2)
Fallback subject (#2): Thiccc SpaceX Starship (query: "SpaceX Starship")
Found 4 candidate photos.
Vision rejected all 4 candidates: all candidates fail veto
Picker rejected all candidates. Retrying with photography bias.
Vision rejected all 4 candidates: all candidates fail veto
[bail] picker vetoed all candidates on both queries - subject "Thiccc SpaceX Starship"
[bail] popped "Thiccc SpaceX Starship" from queue. 1 item(s) remain.
[bail] logged to audits/dead-subjects/2026-10-08.md
[retry-wrapper] attempt 4 bailed (no NEW entry for 2026-10-08 yet). Queue now has 1 item(s).
[retry-wrapper] exhausted 4 attempts. No NEW entry landed for 2026-10-08.
```
