# Daily run trace 2026-08-08-151535

Triggered by: workflow_dispatch (actor=christopherlhicks29-create)
Run URL: https://github.com/christopherlhicks29-create/thiccctionary/actions/runs/31263951120
force_regenerate input: false
collision.proceed: true
Generate step ran: cancelled
Verify step ran: SKIPPED
entry_written: NOT_SET

## generate-daily.js stdout
```
[retry-wrapper] target date: 2026-08-04
[retry-wrapper] subject override: (none, will use queue)
[retry-wrapper] queue length: 6

[retry-wrapper] ===== attempt 1/4 =====
Found 23 dead subject(s) in last 14 days; will avoid.
Subject queue: pulling "Container, Shipping 40-Foot" (6 item(s) before pull, 0 dropped as dup).
SUBJECT_OVERRIDE active: subject="Container, Shipping 40-Foot" query="40 foot shipping container" (source: queue)
Subject: Container, Shipping 40-Foot (query: "40 foot shipping container")
Subject "Container, Shipping 40-Foot" returned zero Unsplash results for query "40 foot shipping container". (attempt 1)
Fallback subject (#1): Tuba, Industrial (query: "industrial tuba")
Found 30 candidate photos.
[photo-dedup] dropped 1 candidate(s) already used by another entry; 29 left.
Vision picked #2 of 12: this photo shows a large, industrial pipe with significant girth, emphasizing its thiccness.
Saved image to images/2026-08-04-tuba-industrial.jpg
[webp] 2026-08-04-tuba-industrial.jpg: 372KB -> 303KB (18% smaller)
Design critique: score=1/10, verdict=reject, NOT THE SUBJECT
[image-retry] image 1 scored 1 / subjectPct 64; trying another photo for "Tuba, Industrial" (28 candidates left).
Vision picked #3 of 12: this photo shows multiple tubas prominently, emphasizing their large and thick shapes.
[webp] 2026-08-04-tuba-industrial.jpg: 132KB -> 71KB (46% smaller)
Design critique: score=1/10, verdict=reject, NOT THE SUBJECT
[image-retry] image 2 scored 1 / subjectPct 48; trying another photo for "Tuba, Industrial" (27 candidates left).
Vision picked #5 of 12: this photo showcases multiple brass instruments, emphasizing their girth and industrial nature.
[webp] 2026-08-04-tuba-industrial.jpg: 214KB -> 106KB (51% smaller)
Design critique: score=1/10, verdict=reject, NOT THE SUBJECT
GATE: critique flagged the image as unacceptable. Skipping before PR.
  score: 1  verdict: reject  subjectPct: 64  isSubject: false
  critique: The photo does not show an 'Industrial Tuba' but rather a collection of various brass instrument bells. The subject is not clearly identifiable as a tuba, and the composition is cluttered with multiple instruments, making it difficult to focus on a single subject. The image lacks the documentary style suitable for a dictionary entry, and the presence of multiple objects detracts from the clarity needed for the specified subject.
[picker-learning] appended rejection to /home/runner/work/thiccctionary/thiccctionary/audits/picker-rejections.jsonl
[bail] critique gate: verdict=reject score=1 subjectPct=64 - subject "Tuba, Industrial"
[bail] popped "Tuba, Industrial" from queue. 5 item(s) remain.
[bail] logged to audits/dead-subjects/2026-08-04.md
[retry-wrapper] attempt 1 bailed (no NEW entry for 2026-08-04 yet). Queue now has 5 item(s).

[retry-wrapper] ===== attempt 2/4 =====
Found 21 dead subject(s) in last 14 days; will avoid.
Subject queue: pulling "Briefcase, Hardshell Pelican" (5 item(s) before pull, 0 dropped as dup).
SUBJECT_OVERRIDE active: subject="Briefcase, Hardshell Pelican" query="pelican hardshell case" (source: queue)
Subject: Briefcase, Hardshell Pelican (query: "pelican hardshell case")
Found 1 candidate photos.
Vision rejected all 1 candidates: all candidates fail veto
Picker rejected all candidates. Retrying with photography bias.
Vision rejected all 12 candidates: all candidates fail veto
[bail] picker vetoed all candidates on both queries - subject "Briefcase, Hardshell Pelican"
[bail] popped "Briefcase, Hardshell Pelican" from queue. 4 item(s) remain.
[bail] logged to audits/dead-subjects/2026-08-04.md
[retry-wrapper] attempt 2 bailed (no NEW entry for 2026-08-04 yet). Queue now has 4 item(s).

[retry-wrapper] ===== attempt 3/4 =====
Found 22 dead subject(s) in last 14 days; will avoid.
Subject queue: pulling "Lock, Padlock Brass" (4 item(s) before pull, 0 dropped as dup).
SUBJECT_OVERRIDE active: subject="Lock, Padlock Brass" query="large brass padlock" (source: queue)
Subject: Lock, Padlock Brass (query: "large brass padlock")
Found 9 candidate photos.
[photo-dedup] dropped 1 candidate(s) already used by another entry; 8 left.
Vision picked #6 of 8: this photo shows multiple padlocks prominently, emphasizing their collective girth against a clean background.
Saved image to images/2026-08-04-lock-padlock-brass.jpg
[webp] 2026-08-04-lock-padlock-brass.jpg: 236KB -> 137KB (42% smaller)
Design critique: score=1/10, verdict=reject, NOT THE SUBJECT
[image-retry] image 1 scored 1 / subjectPct 1; trying another photo for "Lock, Padlock Brass" (7 candidates left).
```
