# Daily run trace 2026-08-04-081948

Triggered by: workflow_dispatch (actor=github-actions[bot])
Run URL: https://github.com/christopherlhicks29-create/thiccctionary/actions/runs/30891270812
force_regenerate input: false
collision.proceed: true
Generate step ran: success
Verify step ran: SKIPPED
entry_written: NOT_SET

## generate-daily.js stdout
```
[retry-wrapper] target date: 2026-08-04
[retry-wrapper] subject override: (none, will use queue)
[retry-wrapper] queue length: 5

[retry-wrapper] ===== attempt 1/4 =====
Found 22 dead subject(s) in last 14 days; will avoid.
Subject queue: pulling "Berm, Earthen Dam" (5 item(s) before pull, 0 dropped as dup).
SUBJECT_OVERRIDE active: subject="Berm, Earthen Dam" query="earthen berm dam embankment" (source: queue)
Subject: Berm, Earthen Dam (query: "earthen berm dam embankment")
Subject "Berm, Earthen Dam" returned zero Unsplash results for query "earthen berm dam embankment". (attempt 1)
Fallback subject (#1): Antonov An-225 Mriya (query: "Antonov An-225")
Found 30 candidate photos.
Vision picked #7 of 12: this photo shows the Antonov An-225's massive silhouette clearly, emphasizing its girth and unique shape.
Saved image to images/2026-08-04-antonov-an-225-mriya.jpg
[webp] 2026-08-04-antonov-an-225-mriya.jpg: 146KB -> 65KB (55% smaller)
Design critique: score=1/10, verdict=reject, NOT THE SUBJECT
[image-retry] image 1 scored 1 / subjectPct 64; trying another photo for "Antonov An-225 Mriya" (29 candidates left).
Vision rejected all 12 candidates: all candidates fail veto
GATE: critique flagged the image as unacceptable. Skipping before PR.
  score: 1  verdict: reject  subjectPct: 64  isSubject: false
  critique: The photo does not depict the Antonov An-225 Mriya. Instead, it shows a different large aircraft on a beach. The Antonov An-225 is a specific, recognizable model, and this image does not match its characteristics. The framing and composition are centered and clear, but the subject is incorrect, leading to a rejection.
[picker-learning] appended rejection to /home/runner/work/thiccctionary/thiccctionary/audits/picker-rejections.jsonl
[bail] critique gate: verdict=reject score=1 subjectPct=64 - subject "Antonov An-225 Mriya"
[bail] popped "Antonov An-225 Mriya" from queue. 4 item(s) remain.
[bail] logged to audits/dead-subjects/2026-08-04.md
[retry-wrapper] attempt 1 bailed (no NEW entry for 2026-08-04 yet). Queue now has 4 item(s).

[retry-wrapper] ===== attempt 2/4 =====
Found 21 dead subject(s) in last 14 days; will avoid.
Subject queue: dropping "Bass, Upright Acoustic" - duplicates catalogued "Double Bass, Upright".
Subject queue: pulling "Briefcase, Hardshell Pelican" (4 item(s) before pull, 1 dropped as dup).
SUBJECT_OVERRIDE active: subject="Briefcase, Hardshell Pelican" query="pelican hardshell case" (source: queue)
Subject: Briefcase, Hardshell Pelican (query: "pelican hardshell case")
Found 1 candidate photos.
Vision rejected all 1 candidates: all candidates fail veto
Picker rejected all candidates. Retrying with photography bias.
Vision rejected all 12 candidates: all candidates fail veto
[bail] picker vetoed all candidates on both queries - subject "Briefcase, Hardshell Pelican"
[bail] popped "Briefcase, Hardshell Pelican" from queue. 2 item(s) remain.
[bail] logged to audits/dead-subjects/2026-08-04.md
[retry-wrapper] attempt 2 bailed (no NEW entry for 2026-08-04 yet). Queue now has 2 item(s).

[retry-wrapper] ===== attempt 3/4 =====
Found 22 dead subject(s) in last 14 days; will avoid.
Subject queue: pulling "Container, Shipping 40-Foot" (2 item(s) before pull, 0 dropped as dup).
SUBJECT_OVERRIDE active: subject="Container, Shipping 40-Foot" query="40 foot shipping container" (source: queue)
Subject: Container, Shipping 40-Foot (query: "40 foot shipping container")
Subject "Container, Shipping 40-Foot" returned zero Unsplash results for query "40 foot shipping container". (attempt 1)
Fallback subject (#1): Gauss Cannon, Electromagnetic (query: "gauss cannon")
Subject "Gauss Cannon, Electromagnetic" returned zero Unsplash results for query "gauss cannon". (attempt 2)
Fallback subject (#2): Thiccc Antonov An-225 Mriya (query: "Antonov An-225")
Found 30 candidate photos.
Vision picked #7 of 12: This photo shows the Antonov An-225 Mriya from a low angle, emphasizing its massive wingspan and overall girth.
Saved image to images/2026-08-04-thiccc-antonov-an-225-mriya.jpg
[webp] 2026-08-04-thiccc-antonov-an-225-mriya.jpg: 146KB -> 65KB (55% smaller)
Design critique: score=1/10, verdict=reject, NOT THE SUBJECT
[image-retry] image 1 scored 1 / subjectPct 56; trying another photo for "Thiccc Antonov An-225 Mriya" (29 candidates left).
Vision rejected all 12 candidates: all candidates fail veto
GATE: critique flagged the image as unacceptable. Skipping before PR.
  score: 1  verdict: reject  subjectPct: 56  isSubject: false
  critique: The photo does not show the Antonov An-225 Mriya; instead, it depicts a large ekranoplan on a beach. The subject is not the named object, failing the identity test. The framing is centered, and the subject is prominent, but the photo does not meet the criteria for the specified subject, leading to rejection.
[picker-learning] appended rejection to /home/runner/work/thiccctionary/thiccctionary/audits/picker-rejections.jsonl
[bail] critique gate: verdict=reject score=1 subjectPct=56 - subject "Thiccc Antonov An-225 Mriya"
[bail] popped "Thiccc Antonov An-225 Mriya" from queue. 1 item(s) remain.
[bail] logged to audits/dead-subjects/2026-08-04.md
[retry-wrapper] attempt 3 bailed (no NEW entry for 2026-08-04 yet). Queue now has 1 item(s).

[retry-wrapper] ===== attempt 4/4 =====
Found 23 dead subject(s) in last 14 days; will avoid.
Subject queue: dropping "Door, Bank Vault Round" - duplicates catalogued "Vault Door, Bank".
Subject queue: all 1 item(s) were catalog dups; cleared queue, falling through to auto-picker.
Duplicate-subject guard: "Blue Whale" is the same family as already-published "Whale, Blue" (headNoun "blue whale"). Retry 1/5.
Duplicate-subject guard: "Cement Mixer, Truck-Mounted" is the same family as already-published "Concrete Mixer" (headNoun "concrete mixer"). Retry 2/5.
Subject: Titan, Goliath II (query: "Goliath II")
Subject "Titan, Goliath II" returned zero Unsplash results for query "Goliath II". (attempt 1)
Fallback subject (#1): Bagger 293 (query: "Bagger 293")
Found 30 candidate photos.
[photo-dedup] dropped 1 candidate(s) already used by another entry; 29 left.
Vision picked #1 of 12: This photo shows the full silhouette of the Bagger 293, emphasizing its massive structure and girth.
Saved image to images/2026-08-04-bagger-293.jpg
[webp] 2026-08-04-bagger-293.jpg: 220KB -> 132KB (40% smaller)
Design critique: score=1/10, verdict=reject, NOT THE SUBJECT
[image-retry] image 1 scored 1 / subjectPct 48; trying another photo for "Bagger 293" (28 candidates left).
Vision picked #2 of 12: this photo showcases the Bagger 293's massive scale and girth with a clear view of its silhouette against the landscape.
[webp] 2026-08-04-bagger-293.jpg: 418KB -> 355KB (15% smaller)
Design critique: score=1/10, verdict=reject, NOT THE SUBJECT
[image-retry] image 2 scored 1 / subjectPct 30; trying another photo for "Bagger 293" (27 candidates left).
Vision picked #12 of 12: This photo shows the full silhouette of the Bagger 293, emphasizing its massive and thick structure.
[webp] 2026-08-04-bagger-293.jpg: 141KB -> 72KB (49% smaller)
Design critique: score=1/10, verdict=reject, NOT THE SUBJECT
GATE: critique flagged the image as unacceptable. Skipping before PR.
  score: 1  verdict: reject  subjectPct: 40  isSubject: false
  critique: The photo does not show the Bagger 293, which is a massive bucket-wheel excavator. Instead, it depicts a large industrial crane, likely used in a port or construction setting. The crane is centered and clearly visible, but it is not the subject specified. The image is well-composed and free of clutter, but it fails the identity test as it does not show the named object.
[picker-learning] appended rejection to /home/runner/work/thiccctionary/thiccctionary/audits/picker-rejections.jsonl
[bail] critique gate: verdict=reject score=1 subjectPct=40 - subject "Bagger 293"
[bail] popped "Bagger 293" from queue. 0 item(s) remain.
[bail] logged to audits/dead-subjects/2026-08-04.md
[retry-wrapper] attempt 4 bailed (no NEW entry for 2026-08-04 yet). Queue now has 0 item(s).
[retry-wrapper] exhausted 4 attempts. No NEW entry landed for 2026-08-04.
```
