# Daily run trace 2026-09-10-162213

Triggered by: schedule (actor=christopherlhicks29-create)
Run URL: https://github.com/christopherlhicks29-create/thiccctionary/actions/runs/34501363400
force_regenerate input: false
collision.proceed: true
Generate step ran: success
Verify step ran: SKIPPED
entry_written: NOT_SET

## generate-daily.js stdout
```
[retry-wrapper] target date: 2026-09-10
[retry-wrapper] subject override: (none, will use queue)
[retry-wrapper] queue length: 5

[retry-wrapper] ===== attempt 1/4 =====
Found 31 dead subject(s) in last 14 days; will avoid.
Subject queue: dropping "Truck, Cement Mixer Drum" - duplicates catalogued "Thiccc Tanker Truck".
Subject queue: pulling "Refrigerator, Sub-Zero Built-In" (5 item(s) before pull, 1 dropped as dup).
SUBJECT_OVERRIDE active: subject="Refrigerator, Sub-Zero Built-In" query="sub-zero built in refrigerator kitchen" (source: queue)
Subject: Refrigerator, Sub-Zero Built-In (query: "sub-zero built in refrigerator kitchen")
Found 16 candidate photos.
Vision picked #5 of 12: this photo showcases the full refrigerator with a variety of items, emphasizing its size and capacity.
Saved image to images/2026-09-10-refrigerator-sub-zero-built-in.jpg
[webp] 2026-09-10-refrigerator-sub-zero-built-in.jpg: 245KB -> 150KB (39% smaller)
Design critique: score=1/10, verdict=reject, NOT THE SUBJECT
[image-retry] image 1 scored 1 / subjectPct 100; trying another photo for "Refrigerator, Sub-Zero Built-In" (15 candidates left).
Vision picked #4 of 12: this photo clearly shows the refrigerator's full silhouette in a kitchen setting, emphasizing its substantial size.
[webp] 2026-09-10-refrigerator-sub-zero-built-in.jpg: 182KB -> 97KB (46% smaller)
Design critique: score=1/10, verdict=reject, NOT THE SUBJECT
[image-retry] image 2 scored 1 / subjectPct 10; trying another photo for "Refrigerator, Sub-Zero Built-In" (14 candidates left).
Vision picked #8 of 12: this photo prominently features a full-sized refrigerator, showcasing its substantial girth and silhouette.
[webp] 2026-09-10-refrigerator-sub-zero-built-in.jpg: 245KB -> 153KB (38% smaller)
Design critique: score=1/10, verdict=reject, NOT THE SUBJECT
GATE: critique flagged the image as unacceptable. Skipping before PR.
  score: 1  verdict: reject  subjectPct: 8  isSubject: false
  critique: The photo shows a modern kitchen with a refrigerator, but it does not specifically highlight a 'Sub-Zero Built-In Refrigerator.' The refrigerator is visible but not the focal point, and the overall composition centers on the kitchen layout. The use of V-Ray and Photoshop suggests a rendered image rather than a documentary-style photograph, which does not fit the brand's documentary aesthetic. The refrigerator is not prominently featured, making it difficult to confirm if it is the specific model mentioned. Therefore, the image does not meet the criteria for the subject and is rejected.
[picker-learning] appended rejection to /home/runner/work/thiccctionary/thiccctionary/audits/picker-rejections.jsonl
[bail] critique gate: verdict=reject score=1 subjectPct=8 - subject "Refrigerator, Sub-Zero Built-In"
[bail] popped "Refrigerator, Sub-Zero Built-In" from queue. 3 item(s) remain.
[bail] logged to audits/dead-subjects/2026-09-10.md
[retry-wrapper] attempt 1 bailed (no NEW entry for 2026-09-10 yet). Queue now has 3 item(s).

[retry-wrapper] ===== attempt 2/4 =====
Found 31 dead subject(s) in last 14 days; will avoid.
Subject queue: pulling "Berm, Earthen Dam" (3 item(s) before pull, 0 dropped as dup).
SUBJECT_OVERRIDE active: subject="Berm, Earthen Dam" query="earthen berm dam embankment" (source: queue)
Subject: Berm, Earthen Dam (query: "earthen berm dam embankment")
Subject "Berm, Earthen Dam" returned zero Unsplash results for query "earthen berm dam embankment". (attempt 1)
Fallback subject (#1): Wagon, Cement Mixer (query: "cement mixer")
Found 7 candidate photos.
[photo-dedup] dropped 1 candidate(s) already used by another entry; 6 left.
Vision picked #5 of 6: this photo shows a full cement mixer with a clear silhouette and ample girth.
Saved image to images/2026-09-10-wagon-cement-mixer.jpg
[webp] 2026-09-10-wagon-cement-mixer.jpg: 166KB -> 99KB (41% smaller)
Design critique: score=1/10, verdict=reject, NOT THE SUBJECT
[image-retry] image 1 scored 1 / subjectPct undefined; trying another photo for "Wagon, Cement Mixer" (5 candidates left).
Vision picked #1 of 5: This photo shows a large cement mixer with a prominent silhouette against a dramatic background, emphasizing its girth.
[webp] 2026-09-10-wagon-cement-mixer.jpg: 93KB -> 40KB (57% smaller)
Design critique: score=1/10, verdict=reject, NOT THE SUBJECT
[image-retry] image 2 scored 1 / subjectPct 64; trying another photo for "Wagon, Cement Mixer" (4 candidates left).
Vision picked #3 of 4: this photo clearly shows the full silhouette of a cement mixer, emphasizing its girth.
[webp] 2026-09-10-wagon-cement-mixer.jpg: 97KB -> 38KB (60% smaller)
Design critique: score=1/10, verdict=reject, NOT THE SUBJECT
GATE: critique flagged the image as unacceptable. Skipping before PR.
  score: 1  verdict: reject  subjectPct: 64  isSubject: false
  critique: The photo depicts a robot sculpture made from parts that resemble a cement mixer, not an actual cement mixer wagon. The subject does not match the named object 'Wagon, Cement Mixer,' failing the identity test. The composition is centered and clear, but it does not fit the criteria for a documentary-style image of the intended subject. The object is a creative representation rather than a real cement mixer, leading to a rejection.
[picker-learning] appended rejection to /home/runner/work/thiccctionary/thiccctionary/audits/picker-rejections.jsonl
[bail] critique gate: verdict=reject score=1 subjectPct=64 - subject "Wagon, Cement Mixer"
[bail] popped "Wagon, Cement Mixer" from queue. 2 item(s) remain.
[bail] logged to audits/dead-subjects/2026-09-10.md
[retry-wrapper] attempt 2 bailed (no NEW entry for 2026-09-10 yet). Queue now has 2 item(s).

[retry-wrapper] ===== attempt 3/4 =====
Found 32 dead subject(s) in last 14 days; will avoid.
Subject queue: pulling "Briefcase, Hardshell Pelican" (2 item(s) before pull, 0 dropped as dup).
SUBJECT_OVERRIDE active: subject="Briefcase, Hardshell Pelican" query="pelican hardshell case" (source: queue)
Subject: Briefcase, Hardshell Pelican (query: "pelican hardshell case")
Found 1 candidate photos.
Vision rejected all 1 candidates: all candidates fail veto
Picker rejected all candidates. Retrying with photography bias.
Vision rejected all 12 candidates: all candidates fail veto
[bail] picker vetoed all candidates on both queries - subject "Briefcase, Hardshell Pelican"
[bail] popped "Briefcase, Hardshell Pelican" from queue. 1 item(s) remain.
[bail] logged to audits/dead-subjects/2026-09-10.md
[retry-wrapper] attempt 3 bailed (no NEW entry for 2026-09-10 yet). Queue now has 1 item(s).

[retry-wrapper] ===== attempt 4/4 =====
Found 33 dead subject(s) in last 14 days; will avoid.
Subject queue: pulling "Container, Shipping 40-Foot" (1 item(s) before pull, 0 dropped as dup).
SUBJECT_OVERRIDE active: subject="Container, Shipping 40-Foot" query="40 foot shipping container" (source: queue)
Subject: Container, Shipping 40-Foot (query: "40 foot shipping container")
Subject "Container, Shipping 40-Foot" returned zero Unsplash results for query "40 foot shipping container". (attempt 1)
Fallback subject (#1): Thiccc Gourd, Giant Atlantic (query: "giant pumpkin")
Subject "Thiccc Gourd, Giant Atlantic" returned zero Unsplash results for query "giant pumpkin". (attempt 2)
Fallback subject (#2): Thiccc Caterpillar 797F (query: "Caterpillar 797F")
Subject "Thiccc Caterpillar 797F" returned zero Unsplash results for query "Caterpillar 797F". (attempt 3)
Fallback subject (#3): Thiccc Antonov An-225 Mriya (query: "Antonov An-225")
Found 30 candidate photos.
Vision rejected all 12 candidates: all candidates fail veto
Picker rejected all candidates. Retrying with photography bias.
Vision rejected all 12 candidates: all candidates fail veto
[bail] picker vetoed all candidates on both queries - subject "Thiccc Antonov An-225 Mriya"
[bail] popped "Thiccc Antonov An-225 Mriya" from queue. 0 item(s) remain.
[bail] logged to audits/dead-subjects/2026-09-10.md
[retry-wrapper] attempt 4 bailed (no NEW entry for 2026-09-10 yet). Queue now has 0 item(s).
[retry-wrapper] exhausted 4 attempts. No NEW entry landed for 2026-09-10.
```
