# Daily run trace 2026-08-11-155043

Triggered by: workflow_dispatch (actor=github-actions[bot])
Run URL: https://github.com/christopherlhicks29-create/thiccctionary/actions/runs/31509044441
force_regenerate input: false
collision.proceed: true
Generate step ran: success
Verify step ran: SKIPPED
entry_written: NOT_SET

## generate-daily.js stdout
```
[retry-wrapper] target date: 2026-08-11
[retry-wrapper] subject override: (none, will use queue)
[retry-wrapper] queue length: 7

[retry-wrapper] ===== attempt 1/4 =====
Found 22 dead subject(s) in last 14 days; will avoid.
Subject queue: pulling "Turkey, Roasted Whole" (7 item(s) before pull, 0 dropped as dup).
SUBJECT_OVERRIDE active: subject="Turkey, Roasted Whole" query="roasted turkey whole" (source: queue)
Subject: Turkey, Roasted Whole (query: "roasted turkey whole")
Found 18 candidate photos.
Vision picked #1 of 12: This photo showcases a whole roasted turkey with a rich array of colorful sides, emphasizing its thiccness and appeal.
Saved image to images/2026-08-11-turkey-roasted-whole.jpg
[webp] 2026-08-11-turkey-roasted-whole.jpg: 185KB -> 110KB (41% smaller)
Design critique: score=1/10, verdict=reject, NOT THE SUBJECT
[image-retry] image 1 scored 1 / subjectPct 36; trying another photo for "Turkey, Roasted Whole" (17 candidates left).
Vision picked #2 of 12: this photo shows a whole roasted turkey with a full silhouette, emphasizing its girth.
[webp] 2026-08-11-turkey-roasted-whole.jpg: 318KB -> 223KB (30% smaller)
Design critique: score=1/10, verdict=reject, NOT THE SUBJECT
[image-retry] image 2 scored 1 / subjectPct 64; trying another photo for "Turkey, Roasted Whole" (16 candidates left).
Vision picked #4 of 12: this photo shows a whole roasted turkey prominently, emphasizing its thicc silhouette.
[webp] 2026-08-11-turkey-roasted-whole.jpg: 141KB -> 69KB (51% smaller)
Design critique: score=1/10, verdict=reject, NOT THE SUBJECT
GATE: critique flagged the image as unacceptable. Skipping before PR.
  score: 1  verdict: reject  subjectPct: 16  isSubject: false
  critique: The photo shows a roasted chicken, not a turkey. The subject is not a 'Turkey, Roasted Whole' as required. The chicken is well-framed and clearly the focal point, but it does not meet the identity requirement for the subject. The presence of other food items adds some clutter, but the main issue is the incorrect subject.
[picker-learning] appended rejection to /home/runner/work/thiccctionary/thiccctionary/audits/picker-rejections.jsonl
[bail] critique gate: verdict=reject score=1 subjectPct=16 - subject "Turkey, Roasted Whole"
[bail] popped "Turkey, Roasted Whole" from queue. 6 item(s) remain.
[bail] logged to audits/dead-subjects/2026-08-11.md
[retry-wrapper] attempt 1 bailed (no NEW entry for 2026-08-11 yet). Queue now has 6 item(s).

[retry-wrapper] ===== attempt 2/4 =====
Found 22 dead subject(s) in last 14 days; will avoid.
Subject queue: pulling "Ham, Whole Smoked" (6 item(s) before pull, 0 dropped as dup).
SUBJECT_OVERRIDE active: subject="Ham, Whole Smoked" query="whole smoked ham" (source: queue)
Subject: Ham, Whole Smoked (query: "whole smoked ham")
Found 4 candidate photos.
Vision picked #3 of 4: this photo showcases a whole smoked ham prominently, emphasizing its girth and presence among a variety of dishes.
Saved image to images/2026-08-11-ham-whole-smoked.jpg
[webp] 2026-08-11-ham-whole-smoked.jpg: 306KB -> 218KB (29% smaller)
Design critique: score=1/10, verdict=reject, NOT THE SUBJECT
[image-retry] image 1 scored 1 / subjectPct 9; trying another photo for "Ham, Whole Smoked" (3 candidates left).
Vision picked #3 of 3: this photo shows the whole smoked ham prominently, emphasizing its size and girth.
[webp] 2026-08-11-ham-whole-smoked.jpg: 174KB -> 98KB (44% smaller)
Design critique: score=1/10, verdict=reject, NOT THE SUBJECT
[image-retry] image 2 scored 1 / subjectPct 18; trying another photo for "Ham, Whole Smoked" (2 candidates left).
Vision rejected all 2 candidates: all candidates fail veto
GATE: critique flagged the image as unacceptable. Skipping before PR.
  score: 1  verdict: reject  subjectPct: 18  isSubject: false
  critique: The photo shows ribs, not a whole smoked ham, which is the required subject. The ribs are prominently displayed on a grill, but they do not match the specified subject of 'Ham, Whole Smoked.' The composition is clear and focused on the ribs, but it fails the identity test as it does not depict the correct object. Therefore, the photo is rejected.
[picker-learning] appended rejection to /home/runner/work/thiccctionary/thiccctionary/audits/picker-rejections.jsonl
[bail] critique gate: verdict=reject score=1 subjectPct=18 - subject "Ham, Whole Smoked"
[bail] popped "Ham, Whole Smoked" from queue. 5 item(s) remain.
[bail] logged to audits/dead-subjects/2026-08-11.md
[retry-wrapper] attempt 2 bailed (no NEW entry for 2026-08-11 yet). Queue now has 5 item(s).

[retry-wrapper] ===== attempt 3/4 =====
Found 23 dead subject(s) in last 14 days; will avoid.
Subject queue: pulling "Refrigerator, Commercial" (5 item(s) before pull, 0 dropped as dup).
SUBJECT_OVERRIDE active: subject="Refrigerator, Commercial" query="commercial walk-in refrigerator" (source: queue)
Subject: Refrigerator, Commercial (query: "commercial walk-in refrigerator")
Subject "Refrigerator, Commercial" returned zero Unsplash results for query "commercial walk-in refrigerator". (attempt 1)
Fallback subject (#1): Thiccc Dumper Truck (query: "dump truck")
Found 26 candidate photos.
[photo-dedup] dropped 2 candidate(s) already used by another entry; 24 left.
Vision picked #2 of 12: the two trucks are side by side, showcasing their robust silhouettes and overall girth.
Saved image to images/2026-08-11-thiccc-dumper-truck.jpg
[webp] 2026-08-11-thiccc-dumper-truck.jpg: 348KB -> 254KB (27% smaller)
Design critique: score=6/10, verdict=needs-review
Humor critique: score=7/10, verdict=ship, weakest=example
  feedback: The entry is solid with a specific scene on Main Street, but the example lacks a punchline tag to seal the humor. The etymology has a clever kicker with the 'third c' explanation, which adds a nice touch. Adding a comedic beat to the example would elevate the humor.
Generated social captions:
  morning: Thiccc Dumper Truck. Weighs 60 tons empty.
  afternoon: Capacity for 400 tons of material. It unloads with gravity and inevitability.
  evening: From the archives, Thiccc Dumper Truck.
  reels: The sole participant in the road-wide contest.
[bail] final dup-guard: "Thiccc Dumper Truck" duplicates catalogued "Dumper Truck, Articulated" - subject "Thiccc Dumper Truck"
[bail] popped "Thiccc Dumper Truck" from queue. 4 item(s) remain.
[bail] logged to audits/dead-subjects/2026-08-11.md
[retry-wrapper] attempt 3 bailed (no NEW entry for 2026-08-11 yet). Queue now has 4 item(s).

[retry-wrapper] ===== attempt 4/4 =====
Found 24 dead subject(s) in last 14 days; will avoid.
Subject queue: pulling "Refrigerator, Sub-Zero Built-In" (4 item(s) before pull, 0 dropped as dup).
SUBJECT_OVERRIDE active: subject="Refrigerator, Sub-Zero Built-In" query="sub-zero built in refrigerator kitchen" (source: queue)
Subject: Refrigerator, Sub-Zero Built-In (query: "sub-zero built in refrigerator kitchen")
Found 16 candidate photos.
Vision picked #5 of 12: this photo showcases a large Sub-Zero refrigerator with a full view of its spacious interior, emphasizing its substantial girth.
Saved image to images/2026-08-11-refrigerator-sub-zero-built-in.jpg
[webp] 2026-08-11-refrigerator-sub-zero-built-in.jpg: 245KB -> 150KB (39% smaller)
Design critique: score=1/10, verdict=reject, NOT THE SUBJECT
[image-retry] image 1 scored 1 / subjectPct 100; trying another photo for "Refrigerator, Sub-Zero Built-In" (15 candidates left).
Vision picked #4 of 12: this photo prominently features a full-size refrigerator, showcasing its girth in a well-lit kitchen setting.
[webp] 2026-08-11-refrigerator-sub-zero-built-in.jpg: 182KB -> 97KB (46% smaller)
Design critique: score=1/10, verdict=reject, NOT THE SUBJECT
[image-retry] image 2 scored 1 / subjectPct 11; trying another photo for "Refrigerator, Sub-Zero Built-In" (14 candidates left).
Vision picked #4 of 12: this photo shows a full refrigerator with character and visible girth.
[webp] 2026-08-11-refrigerator-sub-zero-built-in.jpg: 167KB -> 80KB (52% smaller)
Design critique: score=1/10, verdict=reject, NOT THE SUBJECT
GATE: critique flagged the image as unacceptable. Skipping before PR.
  score: 1  verdict: reject  subjectPct: 56  isSubject: false
  critique: The photo does not show a 'Sub-Zero Built-In' refrigerator. Instead, it depicts a small refrigerator with various magnets and a helmet on top. The subject is not centered and the refrigerator is not of the specified type. The image is cluttered with additional objects, detracting from the focus on the refrigerator itself. This does not meet the criteria for the specified subject.
[picker-learning] appended rejection to /home/runner/work/thiccctionary/thiccctionary/audits/picker-rejections.jsonl
[bail] critique gate: verdict=reject score=1 subjectPct=56 - subject "Refrigerator, Sub-Zero Built-In"
[bail] popped "Refrigerator, Sub-Zero Built-In" from queue. 3 item(s) remain.
[bail] logged to audits/dead-subjects/2026-08-11.md
[retry-wrapper] attempt 4 bailed (no NEW entry for 2026-08-11 yet). Queue now has 3 item(s).
[retry-wrapper] exhausted 4 attempts. No NEW entry landed for 2026-08-11.
```
