# Daily run trace 2026-08-18-003648

Triggered by: workflow_dispatch (actor=github-actions[bot])
Run URL: https://github.com/christopherlhicks29-create/thiccctionary/actions/runs/32085079453
force_regenerate input: false
collision.proceed: true
Generate step ran: success
Verify step ran: SKIPPED
entry_written: NOT_SET

## generate-daily.js stdout
```
[retry-wrapper] target date: 2026-08-18
[retry-wrapper] subject override: (none, will use queue)
[retry-wrapper] queue length: 4

[retry-wrapper] ===== attempt 1/4 =====
Found 28 dead subject(s) in last 14 days; will avoid.
Subject queue: pulling "Gong, Chinese Brass" (4 item(s) before pull, 0 dropped as dup).
SUBJECT_OVERRIDE active: subject="Gong, Chinese Brass" query="chinese brass gong large" (source: queue)
Subject: Gong, Chinese Brass (query: "chinese brass gong large")
Subject "Gong, Chinese Brass" returned zero Unsplash results for query "chinese brass gong large". (attempt 1)
Fallback subject (#1): Thiccc Caterpillar D11T (query: "bulldozer")
Found 9 candidate photos.
[photo-dedup] dropped 2 candidate(s) already used by another entry; 7 left.
Vision picked #1 of 7: This photo shows a compact construction vehicle with a clear silhouette, emphasizing its girth and presence.
Saved image to images/2026-08-18-thiccc-caterpillar-d11t.jpg
[webp] 2026-08-18-thiccc-caterpillar-d11t.jpg: 180KB -> 96KB (47% smaller)
Design critique: score=1/10, verdict=reject, NOT THE SUBJECT
[image-retry] image 1 scored 1 / subjectPct 24; trying another photo for "Thiccc Caterpillar D11T" (6 candidates left).
Vision picked #1 of 6: this photo shows the D11T's massive size against a backdrop of sand, emphasizing its thicc silhouette.
[webp] 2026-08-18-thiccc-caterpillar-d11t.jpg: 239KB -> 162KB (32% smaller)
Design critique: score=1/10, verdict=reject, NOT THE SUBJECT
[image-retry] image 2 scored 1 / subjectPct 9; trying another photo for "Thiccc Caterpillar D11T" (5 candidates left).
Vision rejected all 5 candidates: all candidates fail veto
GATE: critique flagged the image as unacceptable. Skipping before PR.
  score: 1  verdict: reject  subjectPct: 9  isSubject: false
  critique: The photo does not show a Caterpillar D11T, which is a large bulldozer, but rather a front loader working at a sand excavation site. The vehicle is not centered and is partially obscured by sand, making it difficult to identify. The composition includes significant distractions like the sand piles and surrounding structures. The image does not meet the criteria for showcasing a 'Thiccc Caterpillar D11T' and fails the identity test.
[picker-learning] appended rejection to /home/runner/work/thiccctionary/thiccctionary/audits/picker-rejections.jsonl
[bail] critique gate: verdict=reject score=1 subjectPct=9 - subject "Thiccc Caterpillar D11T"
[bail] popped "Thiccc Caterpillar D11T" from queue. 3 item(s) remain.
[bail] logged to audits/dead-subjects/2026-08-18.md
[retry-wrapper] attempt 1 bailed (no NEW entry for 2026-08-18 yet). Queue now has 3 item(s).

[retry-wrapper] ===== attempt 2/4 =====
Found 28 dead subject(s) in last 14 days; will avoid.
Subject queue: pulling "Crab, King Alaskan" (3 item(s) before pull, 0 dropped as dup).
SUBJECT_OVERRIDE active: subject="Crab, King Alaskan" query="king crab alaskan leg" (source: queue)
Subject: Crab, King Alaskan (query: "king crab alaskan leg")
Subject "Crab, King Alaskan" returned zero Unsplash results for query "king crab alaskan leg". (attempt 1)
Fallback subject (#1): Thiccc Megalodon (query: "megalodon")
Found 1 candidate photos.
Vision rejected all 1 candidates: all candidates fail veto
Picker rejected all candidates. Retrying with photography bias.
Photography-bias retry returned zero Unsplash results for "megalodon photograph".
No results for retry query "megalodon photograph".
[bail] unsplash returned zero results on both queries - subject "Thiccc Megalodon"
[bail] popped "Thiccc Megalodon" from queue. 2 item(s) remain.
[bail] logged to audits/dead-subjects/2026-08-18.md
[retry-wrapper] attempt 2 bailed (no NEW entry for 2026-08-18 yet). Queue now has 2 item(s).

[retry-wrapper] ===== attempt 3/4 =====
Found 29 dead subject(s) in last 14 days; will avoid.
Subject queue: dropping "Steam Locomotive, Big Boy" - duplicates catalogued "Boiler, Steam Locomotive".
Subject queue: dropping "Truck, Cement Mixer Drum" - duplicates catalogued "Thiccc Tanker Truck".
Subject queue: all 2 item(s) were catalog dups; cleared queue, falling through to auto-picker.
Subject: Thiccc Titan Truss (query: "titan truss")
Subject "Thiccc Titan Truss" returned zero Unsplash results for query "titan truss". (attempt 1)
Fallback subject (#1): Giant Beet, Champion (query: "giant beet")
Found 23 candidate photos.
[photo-dedup] dropped 1 candidate(s) already used by another entry; 22 left.
Vision picked #6 of 12: this photo shows a large, bulbous beet with a prominent silhouette against a dark background, emphasizing its girth.
Saved image to images/2026-08-18-giant-beet-champion.jpg
[webp] 2026-08-18-giant-beet-champion.jpg: 107KB -> 74KB (31% smaller)
Design critique: score=1/10, verdict=reject, NOT THE SUBJECT
[image-retry] image 1 scored 1 / subjectPct 48; trying another photo for "Giant Beet, Champion" (21 candidates left).
Vision rejected all 12 candidates: all candidates fail veto
GATE: critique flagged the image as unacceptable. Skipping before PR.
  score: 1  verdict: reject  subjectPct: 48  isSubject: false
  critique: The photo depicts a sweet potato, not a giant beet, which is the required subject. The object is well-centered and clearly visible, but it does not match the identity of the subject specified. The image is well-composed with a clear focus on the sweet potato, but it cannot be used for the intended subject of 'Giant Beet, Champion.'
[picker-learning] appended rejection to /home/runner/work/thiccctionary/thiccctionary/audits/picker-rejections.jsonl
[bail] critique gate: verdict=reject score=1 subjectPct=48 - subject "Giant Beet, Champion"
[bail] popped "Giant Beet, Champion" from queue. 0 item(s) remain.
[bail] logged to audits/dead-subjects/2026-08-18.md
[retry-wrapper] attempt 3 bailed (no NEW entry for 2026-08-18 yet). Queue now has 0 item(s).

[retry-wrapper] ===== attempt 4/4 =====
[retry-wrapper] queue empty and no override - stopping retries.
[retry-wrapper] exhausted 4 attempts. No NEW entry landed for 2026-08-18.
```
