# Daily run trace 2026-09-20-160106

Triggered by: schedule (actor=christopherlhicks29-create)
Run URL: https://github.com/christopherlhicks29-create/thiccctionary/actions/runs/35521249160
force_regenerate input: false
collision.proceed: true
Generate step ran: success
Verify step ran: SKIPPED
entry_written: NOT_SET

## generate-daily.js stdout
```
[retry-wrapper] target date: 2026-09-20
[retry-wrapper] subject override: (none, will use queue)
[retry-wrapper] queue length: 7

[retry-wrapper] ===== attempt 1/4 =====
Found 27 dead subject(s) in last 14 days; will avoid.
Subject queue: pulling "Rubber Duck, Giant Inflatable" (7 item(s) before pull, 0 dropped as dup).
SUBJECT_OVERRIDE active: subject="Rubber Duck, Giant Inflatable" query="giant rubber duck" (source: queue)
Subject: Rubber Duck, Giant Inflatable (query: "giant rubber duck")
Found 9 candidate photos.
Vision rejected all 9 candidates: all candidates fail veto
Picker rejected all candidates. Retrying with photography bias.
Vision rejected all 12 candidates: all candidates fail veto
[bail] picker vetoed all candidates on both queries - subject "Rubber Duck, Giant Inflatable"
[bail] popped "Rubber Duck, Giant Inflatable" from queue. 6 item(s) remain.
[bail] logged to audits/dead-subjects/2026-09-20.md
[retry-wrapper] attempt 1 bailed (no NEW entry for 2026-09-20 yet). Queue now has 6 item(s).

[retry-wrapper] ===== attempt 2/4 =====
Found 26 dead subject(s) in last 14 days; will avoid.
Subject queue: pulling "Domino, Giant Novelty" (6 item(s) before pull, 0 dropped as dup).
SUBJECT_OVERRIDE active: subject="Domino, Giant Novelty" query="giant domino" (source: queue)
Subject: Domino, Giant Novelty (query: "giant domino")
Found 6 candidate photos.
Vision picked #1 of 6: this photo features a large, prominent structure that emphasizes the thicc silhouette of a giant domino.
Saved image to images/2026-09-20-domino-giant-novelty.jpg
[webp] 2026-09-20-domino-giant-novelty.jpg: 73KB -> 31KB (58% smaller)
Design critique: score=1/10, verdict=reject, NOT THE SUBJECT
[image-retry] image 1 scored 1 / subjectPct 64; trying another photo for "Domino, Giant Novelty" (5 candidates left).
Vision picked #1 of 5: this photo features a large, colorful structure that emphasizes the giant novelty aspect of a domino.
[webp] 2026-09-20-domino-giant-novelty.jpg: 190KB -> 117KB (38% smaller)
Design critique: score=1/10, verdict=reject, NOT THE SUBJECT
[image-retry] image 2 scored 1 / subjectPct 64; trying another photo for "Domino, Giant Novelty" (4 candidates left).
Vision rejected all 4 candidates: all candidates fail veto
GATE: critique flagged the image as unacceptable. Skipping before PR.
  score: 1  verdict: reject  subjectPct: 64  isSubject: false
  critique: The photo depicts a large sculpture made of colorful shipping containers arranged in the shape of the letter A. This does not match the subject 'Domino, Giant Novelty,' as it is not a domino. The composition is clear and the sculpture is well-framed, but it fails the identity test as it does not show the named object. Therefore, it is unsuitable for the intended purpose.
[picker-learning] appended rejection to /home/runner/work/thiccctionary/thiccctionary/audits/picker-rejections.jsonl
[bail] critique gate: verdict=reject score=1 subjectPct=64 - subject "Domino, Giant Novelty"
[bail] popped "Domino, Giant Novelty" from queue. 5 item(s) remain.
[bail] logged to audits/dead-subjects/2026-09-20.md
[retry-wrapper] attempt 2 bailed (no NEW entry for 2026-09-20 yet). Queue now has 5 item(s).

[retry-wrapper] ===== attempt 3/4 =====
Found 27 dead subject(s) in last 14 days; will avoid.
Subject queue: pulling "Container, Shipping 40-Foot" (5 item(s) before pull, 0 dropped as dup).
SUBJECT_OVERRIDE active: subject="Container, Shipping 40-Foot" query="40 foot shipping container" (source: queue)
Subject: Container, Shipping 40-Foot (query: "40 foot shipping container")
Subject "Container, Shipping 40-Foot" returned zero Unsplash results for query "40 foot shipping container". (attempt 1)
Fallback subject (#1): Giant Gourd, Atlantic Giant (query: "atlantic giant pumpkin")
Subject "Giant Gourd, Atlantic Giant" returned zero Unsplash results for query "atlantic giant pumpkin". (attempt 2)
Fallback subject (#2): Thiccc Caterpillar D11T (query: "Caterpillar D11T")
Subject "Thiccc Caterpillar D11T" returned zero Unsplash results for query "Caterpillar D11T". (attempt 3)
Fallback subject (#3): Thiccc Crane, Telescopic Boom (query: "telescopic crane")
Found 30 candidate photos.
[photo-dedup] dropped 1 candidate(s) already used by another entry; 29 left.
Vision picked #3 of 12: this photo shows the full silhouette of the thicc crane with a strong presence and girth.
Saved image to images/2026-09-20-thiccc-crane-telescopic-boom.jpg
[webp] 2026-09-20-thiccc-crane-telescopic-boom.jpg: 282KB -> 197KB (30% smaller)
Design critique: score=8/10, verdict=ship
Humor critique: score=7/10, verdict=ship, weakest=etymology
  feedback: The example sentence is specific and ends on a comedic beat, giving the scene a humorous twist. The etymology has a playful start but lacks a strong deadpan kicker. Adding a punchline to the etymology would enhance the humor.
Generated social captions:
  morning: Thiccc Crane, Telescopic Boom.
  afternoon: Witness the telescopic boom—capable of extending over 200 feet.
  evening: From the archives, Thiccc Crane, Telescopic Boom.
  reels: The telescopic boom: 360-degree rotation, endless fascination.
[bail] final dup-guard: "Thiccc Crane, Telescopic Boom" duplicates catalogued "Crane, Tower Construction" - subject "Thiccc Crane, Telescopic Boom"
[bail] popped "Thiccc Crane, Telescopic Boom" from queue. 4 item(s) remain.
[bail] logged to audits/dead-subjects/2026-09-20.md
[retry-wrapper] attempt 3 bailed (no NEW entry for 2026-09-20 yet). Queue now has 4 item(s).

[retry-wrapper] ===== attempt 4/4 =====
Found 28 dead subject(s) in last 14 days; will avoid.
Subject queue: pulling "Sandcastle, Beach Turret" (4 item(s) before pull, 0 dropped as dup).
SUBJECT_OVERRIDE active: subject="Sandcastle, Beach Turret" query="large sandcastle turret beach" (source: queue)
Subject: Sandcastle, Beach Turret (query: "large sandcastle turret beach")
Found 1 candidate photos.
Vision picked #1 of 1: The sandcastle's substantial silhouette against the beach emphasizes its thiccness.
Saved image to images/2026-09-20-sandcastle-beach-turret.jpg
[webp] 2026-09-20-sandcastle-beach-turret.jpg: 165KB -> 92KB (44% smaller)
Design critique: score=1/10, verdict=reject, NOT THE SUBJECT
GATE: critique flagged the image as unacceptable. Skipping before PR.
  score: 1  verdict: reject  subjectPct: 4  isSubject: false
  critique: The photo does not show a 'Sandcastle, Beach Turret' but rather a real castle on a beach. The subject is not a sandcastle, which disqualifies it based on the identity test. The castle is a prominent feature, but it is not the correct subject for the entry. The image is well-composed and atmospheric, but it does not meet the criteria for the specified subject.
[picker-learning] appended rejection to /home/runner/work/thiccctionary/thiccctionary/audits/picker-rejections.jsonl
[bail] critique gate: verdict=reject score=1 subjectPct=4 - subject "Sandcastle, Beach Turret"
[bail] popped "Sandcastle, Beach Turret" from queue. 3 item(s) remain.
[bail] logged to audits/dead-subjects/2026-09-20.md
[retry-wrapper] attempt 4 bailed (no NEW entry for 2026-09-20 yet). Queue now has 3 item(s).
[retry-wrapper] exhausted 4 attempts. No NEW entry landed for 2026-09-20.
```
