# Daily run trace 2026-08-26-003833

Triggered by: workflow_dispatch (actor=github-actions[bot])
Run URL: https://github.com/christopherlhicks29-create/thiccctionary/actions/runs/32915785221
force_regenerate input: false
collision.proceed: true
Generate step ran: success
Verify step ran: SKIPPED
entry_written: NOT_SET

## generate-daily.js stdout
```
[retry-wrapper] target date: 2026-08-26
[retry-wrapper] subject override: (none, will use queue)
[retry-wrapper] queue length: 3

[retry-wrapper] ===== attempt 1/4 =====
Found 30 dead subject(s) in last 14 days; will avoid.
Subject queue: pulling "Briefcase, Hardshell Pelican" (3 item(s) before pull, 0 dropped as dup).
SUBJECT_OVERRIDE active: subject="Briefcase, Hardshell Pelican" query="pelican hardshell case" (source: queue)
Subject: Briefcase, Hardshell Pelican (query: "pelican hardshell case")
Found 1 candidate photos.
Vision rejected all 1 candidates: all candidates fail veto
Picker rejected all candidates. Retrying with photography bias.
Vision rejected all 12 candidates: all candidates fail veto
[bail] picker vetoed all candidates on both queries - subject "Briefcase, Hardshell Pelican"
[bail] popped "Briefcase, Hardshell Pelican" from queue. 2 item(s) remain.
[bail] logged to audits/dead-subjects/2026-08-26.md
[retry-wrapper] attempt 1 bailed (no NEW entry for 2026-08-26 yet). Queue now has 2 item(s).

[retry-wrapper] ===== attempt 2/4 =====
Found 28 dead subject(s) in last 14 days; will avoid.
Subject queue: pulling "Garbage Truck, Front-Loader" (2 item(s) before pull, 0 dropped as dup).
SUBJECT_OVERRIDE active: subject="Garbage Truck, Front-Loader" query="front loader garbage truck" (source: queue)
Subject: Garbage Truck, Front-Loader (query: "front loader garbage truck")
Subject "Garbage Truck, Front-Loader" returned zero Unsplash results for query "front loader garbage truck". (attempt 1)
Fallback subject (#1): Thiccc Antonov An-225 Mriya (query: "Antonov An-225")
Found 30 candidate photos.
Vision picked #7 of 12: this photo shows the Antonov An-225's massive wingspan and overall girth from a frontal view.
Saved image to images/2026-08-26-thiccc-antonov-an-225-mriya.jpg
[webp] 2026-08-26-thiccc-antonov-an-225-mriya.jpg: 146KB -> 65KB (55% smaller)
Design critique: score=1/10, verdict=reject, NOT THE SUBJECT
[image-retry] image 1 scored 1 / subjectPct 64; trying another photo for "Thiccc Antonov An-225 Mriya" (29 candidates left).
Vision rejected all 12 candidates: all candidates fail veto
GATE: critique flagged the image as unacceptable. Skipping before PR.
  score: 1  verdict: reject  subjectPct: 64  isSubject: false
  critique: The photo does not depict the Antonov An-225 Mriya, which is a specific large cargo aircraft. Instead, it shows a different aircraft, possibly an ekranoplan, on a sandy beach. The subject is centered and prominent, but it fails the identity test as it is not the named object. The composition is clear and free of clutter, but the mismatch in subject identity makes it unsuitable for the entry.
[picker-learning] appended rejection to /home/runner/work/thiccctionary/thiccctionary/audits/picker-rejections.jsonl
[bail] critique gate: verdict=reject score=1 subjectPct=64 - subject "Thiccc Antonov An-225 Mriya"
[bail] popped "Thiccc Antonov An-225 Mriya" from queue. 1 item(s) remain.
[bail] logged to audits/dead-subjects/2026-08-26.md
[retry-wrapper] attempt 2 bailed (no NEW entry for 2026-08-26 yet). Queue now has 1 item(s).

[retry-wrapper] ===== attempt 3/4 =====
Found 29 dead subject(s) in last 14 days; will avoid.
Subject queue: dropping "Truck, Monster Bigfoot" - duplicates catalogued "Thiccc Tanker Truck".
Subject queue: all 1 item(s) were catalog dups; cleared queue, falling through to auto-picker.
Subject: Thiccc Liberator Bomber (query: "B-24 Liberator")
Subject "Thiccc Liberator Bomber" returned zero Unsplash results for query "B-24 Liberator". (attempt 1)
Fallback subject (#1): Thiccc Titanosaur (query: "titanosaur")
Subject "Thiccc Titanosaur" returned zero Unsplash results for query "titanosaur". (attempt 2)
Fallback subject (#2): Thiccc Giant Wheelbarrow (query: "wheelbarrow")
Found 20 candidate photos.
[photo-dedup] dropped 1 candidate(s) already used by another entry; 19 left.
Vision picked #6 of 12: this photo shows a full wheelbarrow with a thick, sturdy design, emphasizing its girth.
Saved image to images/2026-08-26-thiccc-giant-wheelbarrow.jpg
[webp] 2026-08-26-thiccc-giant-wheelbarrow.jpg: 185KB -> 103KB (44% smaller)
Design critique: score=1/10, verdict=reject, NOT THE SUBJECT
[image-retry] image 1 scored 1 / subjectPct 48; trying another photo for "Thiccc Giant Wheelbarrow" (18 candidates left).
Vision picked #7 of 12: this photo showcases a wheelbarrow filled with large barrels, emphasizing its girth and capacity.
[webp] 2026-08-26-thiccc-giant-wheelbarrow.jpg: 308KB -> 228KB (26% smaller)
Design critique: score=1/10, verdict=reject, NOT THE SUBJECT
[image-retry] image 2 scored 1 / subjectPct 48; trying another photo for "Thiccc Giant Wheelbarrow" (17 candidates left).
Vision picked #3 of 12: the row of wheelbarrows showcases multiple thicc silhouettes, emphasizing their overall girth.
[webp] 2026-08-26-thiccc-giant-wheelbarrow.jpg: 297KB -> 191KB (36% smaller)
Design critique: score=1/10, verdict=reject, NOT THE SUBJECT
GATE: critique flagged the image as unacceptable. Skipping before PR.
  score: 1  verdict: reject  subjectPct: 100  isSubject: false
  critique: The photo shows a group of standard-sized wheelbarrows lined up against a wooden fence. It does not depict a 'Thiccc Giant Wheelbarrow' as specified. The wheelbarrows appear to be of regular size and do not stand out as oversized or particularly imposing. The composition is cluttered with multiple wheelbarrows, which detracts from focusing on a single subject. Therefore, the image does not meet the criteria for the specified subject.
[picker-learning] appended rejection to /home/runner/work/thiccctionary/thiccctionary/audits/picker-rejections.jsonl
[bail] critique gate: verdict=reject score=1 subjectPct=100 - subject "Thiccc Giant Wheelbarrow"
[bail] popped "Thiccc Giant Wheelbarrow" from queue. 0 item(s) remain.
[bail] logged to audits/dead-subjects/2026-08-26.md
[retry-wrapper] attempt 3 bailed (no NEW entry for 2026-08-26 yet). Queue now has 0 item(s).

[retry-wrapper] ===== attempt 4/4 =====
[retry-wrapper] queue empty and no override - stopping retries.
[retry-wrapper] exhausted 4 attempts. No NEW entry landed for 2026-08-26.
```
