# Daily run trace 2026-10-04-143215

Triggered by: workflow_dispatch (actor=github-actions[bot])
Run URL: https://github.com/christopherlhicks29-create/thiccctionary/actions/runs/37209523081
force_regenerate input: false
collision.proceed: true
Generate step ran: success
Verify step ran: SKIPPED
entry_written: NOT_SET

## generate-daily.js stdout
```
[retry-wrapper] target date: 2026-10-04
[retry-wrapper] subject override: (none, will use queue)
[retry-wrapper] queue length: 5

[retry-wrapper] ===== attempt 1/4 =====
Found 27 dead subject(s) in last 14 days; will avoid.
Subject queue: dropping "Door, Bank Vault Round" - duplicates catalogued "Vault Door, Bank".
Subject queue: pulling "Container, Shipping 40-Foot" (5 item(s) before pull, 1 dropped as dup).
SUBJECT_OVERRIDE active: subject="Container, Shipping 40-Foot" query="40 foot shipping container" (source: queue)
Subject: Container, Shipping 40-Foot (query: "40 foot shipping container")
Subject "Container, Shipping 40-Foot" returned zero Unsplash results for query "40 foot shipping container". (attempt 1)
Fallback subject (#1): Thiccc Antonov An-225 Mriya (query: "Antonov An-225")
Found 30 candidate photos.
Vision picked #7 of 12: this photo shows the full silhouette of a large aircraft, emphasizing its impressive girth.
Saved image to images/2026-10-04-thiccc-antonov-an-225-mriya.jpg
[webp] 2026-10-04-thiccc-antonov-an-225-mriya.jpg: 146KB -> 64KB (56% smaller)
Design critique: score=1/10, verdict=reject, NOT THE SUBJECT
[image-retry] image 1 scored 1 / subjectPct 64; trying another photo for "Thiccc Antonov An-225 Mriya" (29 candidates left).
Vision rejected all 12 candidates: all candidates fail veto
GATE: critique flagged the image as unacceptable. Skipping before PR.
  score: 1  verdict: reject  subjectPct: 64  isSubject: false
  critique: The photo does not depict the Antonov An-225 Mriya. Instead, it shows a different large aircraft on a sandy beach. The Antonov An-225 is known for its distinctive features and size, which are not present here. The composition is centered and clear, but the subject is incorrect, leading to a rejection.
[picker-learning] appended rejection to /home/runner/work/thiccctionary/thiccctionary/audits/picker-rejections.jsonl
[bail] critique gate: verdict=reject score=1 subjectPct=64 - subject "Thiccc Antonov An-225 Mriya"
[bail] popped "Thiccc Antonov An-225 Mriya" from queue. 3 item(s) remain.
[bail] logged to audits/dead-subjects/2026-10-04.md
[retry-wrapper] attempt 1 bailed (no NEW entry for 2026-10-04 yet). Queue now has 3 item(s).

[retry-wrapper] ===== attempt 2/4 =====
Found 25 dead subject(s) in last 14 days; will avoid.
Subject queue: pulling "Beach Ball, Giant Inflatable" (3 item(s) before pull, 0 dropped as dup).
SUBJECT_OVERRIDE active: subject="Beach Ball, Giant Inflatable" query="giant inflatable beach ball" (source: queue)
Subject: Beach Ball, Giant Inflatable (query: "giant inflatable beach ball")
Found 7 candidate photos.
Vision picked #5 of 7: this photo features a giant inflatable beach ball prominently against a clear sky, emphasizing its size and girth.
Saved image to images/2026-10-04-beach-ball-giant-inflatable.jpg
[webp] 2026-10-04-beach-ball-giant-inflatable.jpg: 244KB -> 149KB (39% smaller)
Design critique: score=1/10, verdict=reject, NOT THE SUBJECT
[image-retry] image 1 scored 1 / subjectPct 28; trying another photo for "Beach Ball, Giant Inflatable" (6 candidates left).
Vision picked #1 of 6: this photo features the beach ball prominently, making its girth most apparent.
[webp] 2026-10-04-beach-ball-giant-inflatable.jpg: 314KB -> 225KB (29% smaller)
Design critique: score=5/10, verdict=needs-review
[image-retry] an alternative photo passed the gate on try 2.
Humor critique: score=8/10, verdict=ship, weakest=definitions
  feedback: The example sentence lands well with its specific scene and punchline tag. The etymology has a solid kicker with 'just hot air.' However, the definition leans slightly towards generic phrasing with 'imposing radial symmetry.' Overall, it's a solid entry with a few tweaks needed for maximum impact.
Generated social captions:
  morning: Beach Ball, Giant Inflatable. 
  afternoon: Diameter: 10 feet, approximately 3.048 meters. 
  evening: From the archives, Beach Ball, Giant Inflatable. 
  reels: Estimated inflation time: 15 minutes—an eternity. 
Saved entry: Beach Ball, Giant Inflatable
Built entry page: entries/2026-10-04.html
Rebuilt prev entry page (2026-10-02) so its next-link points to today.
[rss] image not on disk, falling back to og-default: https://images.unsplash.com/photo-1707948949585-4b9e45a1bf56?auto=format&fit=crop&w=1600&h=1600&q=80
[rss] image not on disk, falling back to og-default: https://camo.githubusercontent.com/32976a9866eefe86c660e06e4f89c42d15c4f2f6657b04819519608839dfaea4/68747470733a2f2f696d616765732e756e73706c6173682e636f6d2f70686f746f2d313536313438363436322d3839383334613033636237323f773d38303026683d383030266669743d63726f7026666d3d6a706726713d3730
[rss] image not on disk, falling back to og-default: https://camo.githubusercontent.com/32976a9866eefe86c660e06e4f89c42d15c4f2f6657b04819519608839dfaea4/68747470733a2f2f696d616765732e756e73706c6173682e636f6d2f70686f746f2d313536313438363436322d3839383334613033636237323f773d38303026683d383030266669743d63726f7026666d3d6a706726713d3730
[rss] image not on disk, falling back to og-default: https://images.unsplash.com/photo-1707948949585-4b9e45a1bf56?auto=format&fit=crop&w=1600&h=1600&q=80
Per-tag feeds: 13 written (tags with 2+ entries)
RSS feed rebuilt with 164 entries + 72 articles.
Sitemap rebuilt with 164 entries.
Subject queue updated: 2 item(s) remaining.
[retry-wrapper] entry for 2026-10-04 landed on attempt 2.
```
